../myIncludes/myliboqs/common/sha3/xkcp_low/KeccakP-1600/plain-64bits/KeccakP-1600-opt64.c:81:6:KeccakP1600_StaticInitialize	0	static
../myIncludes/myliboqs/common/sha3/xkcp_low/KeccakP-1600/plain-64bits/KeccakP-1600-opt64.c:85:6:KeccakP1600_Initialize	8	static
../myIncludes/myliboqs/common/sha3/xkcp_low/KeccakP-1600/plain-64bits/KeccakP-1600-opt64.c:97:6:KeccakP1600_AddBytesInLane	40	static
../myIncludes/myliboqs/common/sha3/xkcp_low/KeccakP-1600/plain-64bits/KeccakP-1600-opt64.c:122:6:KeccakP1600_AddLanes	20	static
../myIncludes/myliboqs/common/sha3/xkcp_low/KeccakP-1600/plain-64bits/KeccakP-1600-opt64.c:176:6:KeccakP1600_AddByte	0	static
../myIncludes/myliboqs/common/sha3/xkcp_low/KeccakP-1600/plain-64bits/KeccakP-1600-opt64.c:189:6:KeccakP1600_AddBytes	32	static
../myIncludes/myliboqs/common/sha3/xkcp_low/KeccakP-1600/plain-64bits/KeccakP-1600-opt64.c:195:6:KeccakP1600_OverwriteBytesInLane	8	static
../myIncludes/myliboqs/common/sha3/xkcp_low/KeccakP-1600/plain-64bits/KeccakP-1600-opt64.c:222:6:KeccakP1600_OverwriteLanes	16	static
../myIncludes/myliboqs/common/sha3/xkcp_low/KeccakP-1600/plain-64bits/KeccakP-1600-opt64.c:255:6:KeccakP1600_OverwriteBytes	32	static
../myIncludes/myliboqs/common/sha3/xkcp_low/KeccakP-1600/plain-64bits/KeccakP-1600-opt64.c:261:6:KeccakP1600_OverwriteWithZeroes	24	static
../myIncludes/myliboqs/common/sha3/xkcp_low/KeccakP-1600/plain-64bits/KeccakP-1600-opt64.c:306:6:KeccakP1600_Permute_Nrounds	352	static
../myIncludes/myliboqs/common/sha3/xkcp_low/KeccakP-1600/plain-64bits/KeccakP-1600-opt64.c:319:6:KeccakP1600_Permute_24rounds	312	static
../myIncludes/myliboqs/common/sha3/xkcp_low/KeccakP-1600/plain-64bits/KeccakP-1600-opt64.c:330:6:KeccakP1600_Permute_12rounds	304	static
../myIncludes/myliboqs/common/sha3/xkcp_low/KeccakP-1600/plain-64bits/KeccakP-1600-opt64.c:341:6:KeccakP1600_ExtractBytesInLane	24	static
../myIncludes/myliboqs/common/sha3/xkcp_low/KeccakP-1600/plain-64bits/KeccakP-1600-opt64.c:374:6:KeccakP1600_ExtractLanes	8	static
../myIncludes/myliboqs/common/sha3/xkcp_low/KeccakP-1600/plain-64bits/KeccakP-1600-opt64.c:406:6:KeccakP1600_ExtractBytes	32	static
../myIncludes/myliboqs/common/sha3/xkcp_low/KeccakP-1600/plain-64bits/KeccakP-1600-opt64.c:412:6:KeccakP1600_ExtractAndAddBytesInLane	24	static
../myIncludes/myliboqs/common/sha3/xkcp_low/KeccakP-1600/plain-64bits/KeccakP-1600-opt64.c:436:6:KeccakP1600_ExtractAndAddLanes	32	static
../myIncludes/myliboqs/common/sha3/xkcp_low/KeccakP-1600/plain-64bits/KeccakP-1600-opt64.c:481:6:KeccakP1600_ExtractAndAddBytes	40	static
../myIncludes/myliboqs/common/sha3/xkcp_low/KeccakP-1600/plain-64bits/KeccakP-1600-opt64.c:487:8:KeccakF1600_FastLoop_Absorb	328	static
../myIncludes/myliboqs/common/sha3/xkcp_low/KeccakP-1600/plain-64bits/KeccakP-1600-opt64.c:505:8:KeccakP1600_12rounds_FastLoop_Absorb	336	static
