../myIncludes/myliboqs/common/sha3/xkcp_sha3x4.c:66:13:keccak_x4_inc_reset	8	static
../myIncludes/myliboqs/common/sha3/xkcp_sha3x4.c:71:13:keccak_x4_inc_absorb	64	static
../myIncludes/myliboqs/common/sha3/xkcp_sha3x4.c:123:13:keccak_x4_inc_squeeze	56	static
../myIncludes/myliboqs/common/sha3/xkcp_sha3x4.c:31:13:Keccak_X4_Dispatch	0	static
../myIncludes/myliboqs/common/sha3/xkcp_sha3x4.c:109:13:keccak_x4_inc_finalize.constprop	32	static
../myIncludes/myliboqs/common/sha3/xkcp_sha3x4.c:161:6:OQS_SHA3_shake128_x4_inc_init	8	static
../myIncludes/myliboqs/common/sha3/xkcp_sha3x4.c:169:6:OQS_SHA3_shake128_x4_inc_absorb	24	static
../myIncludes/myliboqs/common/sha3/xkcp_sha3x4.c:173:6:OQS_SHA3_shake128_x4_inc_finalize	0	static
../myIncludes/myliboqs/common/sha3/xkcp_sha3x4.c:177:6:OQS_SHA3_shake128_x4_inc_squeeze	24	static
../myIncludes/myliboqs/common/sha3/xkcp_sha3x4.c:181:6:OQS_SHA3_shake128_x4_inc_ctx_clone	0	static
../myIncludes/myliboqs/common/sha3/xkcp_sha3x4.c:185:6:OQS_SHA3_shake128_x4_inc_ctx_release	0	static
../myIncludes/myliboqs/common/sha3/xkcp_sha3x4.c:150:6:OQS_SHA3_shake128_x4	40	static
../myIncludes/myliboqs/common/sha3/xkcp_sha3x4.c:189:6:OQS_SHA3_shake128_x4_inc_ctx_reset	0	static
../myIncludes/myliboqs/common/sha3/xkcp_sha3x4.c:206:6:OQS_SHA3_shake256_x4_inc_init	8	static
../myIncludes/myliboqs/common/sha3/xkcp_sha3x4.c:214:6:OQS_SHA3_shake256_x4_inc_absorb	24	static
../myIncludes/myliboqs/common/sha3/xkcp_sha3x4.c:218:6:OQS_SHA3_shake256_x4_inc_finalize	0	static
../myIncludes/myliboqs/common/sha3/xkcp_sha3x4.c:222:6:OQS_SHA3_shake256_x4_inc_squeeze	24	static
../myIncludes/myliboqs/common/sha3/xkcp_sha3x4.c:226:6:OQS_SHA3_shake256_x4_inc_ctx_clone	0	static
../myIncludes/myliboqs/common/sha3/xkcp_sha3x4.c:230:6:OQS_SHA3_shake256_x4_inc_ctx_release	0	static
../myIncludes/myliboqs/common/sha3/xkcp_sha3x4.c:195:6:OQS_SHA3_shake256_x4	40	static
../myIncludes/myliboqs/common/sha3/xkcp_sha3x4.c:234:6:OQS_SHA3_shake256_x4_inc_ctx_reset	0	static
