../myIncludes/myliboqs/src/poly.c:29:6:pqcrystals_dilithium5_ref_poly_reduce	24	static
../myIncludes/myliboqs/src/poly.c:47:6:pqcrystals_dilithium5_ref_poly_caddq	24	static
../myIncludes/myliboqs/src/poly.c:66:6:pqcrystals_dilithium5_ref_poly_add	32	static
../myIncludes/myliboqs/src/poly.c:87:6:pqcrystals_dilithium5_ref_poly_sub	32	static
../myIncludes/myliboqs/src/poly.c:105:6:pqcrystals_dilithium5_ref_poly_shiftl	24	static
../myIncludes/myliboqs/src/poly.c:123:6:pqcrystals_dilithium5_ref_poly_ntt	16	static
../myIncludes/myliboqs/src/poly.c:140:6:pqcrystals_dilithium5_ref_poly_invntt_tomont	16	static
../myIncludes/myliboqs/src/poly.c:159:6:pqcrystals_dilithium5_ref_poly_pointwise_montgomery	56	static
../myIncludes/myliboqs/src/poly.c:181:6:pqcrystals_dilithium5_ref_poly_power2round	32	static
../myIncludes/myliboqs/src/poly.c:204:6:pqcrystals_dilithium5_ref_poly_decompose	32	static
../myIncludes/myliboqs/src/poly.c:227:14:pqcrystals_dilithium5_ref_poly_make_hint	32	static
../myIncludes/myliboqs/src/poly.c:249:6:pqcrystals_dilithium5_ref_poly_use_hint	32	static
../myIncludes/myliboqs/src/poly.c:270:5:pqcrystals_dilithium5_ref_poly_chknorm	24	static
../myIncludes/myliboqs/src/poly.c:310:21:rej_uniform	40	static
../myIncludes/myliboqs/src/poly.c:346:6:pqcrystals_dilithium5_ref_poly_uniform	888	static
../myIncludes/myliboqs/src/poly.c:386:21:rej_eta	40	static
../myIncludes/myliboqs/src/poly.c:437:6:pqcrystals_dilithium5_ref_poly_uniform_eta	176	static
../myIncludes/myliboqs/src/poly.c:470:6:pqcrystals_dilithium5_ref_poly_uniform_gamma1	712	static
../myIncludes/myliboqs/src/poly.c:493:6:pqcrystals_dilithium5_ref_poly_challenge	200	static
../myIncludes/myliboqs/src/poly.c:537:6:pqcrystals_dilithium5_ref_polyeta_pack	32	static
../myIncludes/myliboqs/src/poly.c:576:6:pqcrystals_dilithium5_ref_polyeta_unpack	24	static
../myIncludes/myliboqs/src/poly.c:622:6:pqcrystals_dilithium5_ref_polyt1_pack	24	static
../myIncludes/myliboqs/src/poly.c:646:6:pqcrystals_dilithium5_ref_polyt1_unpack	24	static
../myIncludes/myliboqs/src/poly.c:669:6:pqcrystals_dilithium5_ref_polyt0_pack	56	static
../myIncludes/myliboqs/src/poly.c:717:6:pqcrystals_dilithium5_ref_polyt0_unpack	24	static
../myIncludes/myliboqs/src/poly.c:781:6:pqcrystals_dilithium5_ref_polyz_pack	40	static
../myIncludes/myliboqs/src/poly.c:832:6:pqcrystals_dilithium5_ref_polyz_unpack	24	static
../myIncludes/myliboqs/src/poly.c:893:6:pqcrystals_dilithium5_ref_polyw1_pack	24	static
