../Core/Src/main.c:91:6:cleanup_heap	16	static
../Core/Src/main.c:99:6:fn_cleanup	8	static
../Core/Src/main.c:106:6:print	8	static
../Core/Src/main.c:179:5:verifyChecksum	32	static
../Core/Src/main.c:202:12:Process_Data_to_Pkt	24	static
../Core/Src/main.c:237:6:receiveData	16	static
../Core/Src/main.c:153:5:CverifyPacket	48	static
../Core/Src/main.c:249:6:getPacket	72	static
../Core/Src/main.c:340:6:SystemClock_Config	120	static,ignoring_inline_asm
../Core/Src/main.c:285:5:main	64	static,ignoring_inline_asm
../Core/Src/main.c:567:6:Error_Handler	0	static,ignoring_inline_asm
