../Core/Src/main.c:91:6:cleanup_heap	24	static
../Core/Src/main.c:99:6:fn_cleanup	16	static
../Core/Src/main.c:106:6:print	16	static
../Core/Src/main.c:110:19:QverifyPacket	40	static
../Core/Src/main.c:153:5:CverifyPacket	24	static
../Core/Src/main.c:179:5:verifyChecksum	32	static
../Core/Src/main.c:202:12:Process_Data_to_Pkt	24	static
../Core/Src/main.c:237:6:receiveData	16	static
../Core/Src/main.c:249:6:getPacket	16	static
../Core/Src/main.c:286:5:main	40	static
../Core/Src/main.c:341:6:SystemClock_Config	120	static
../Core/Src/main.c:402:13:MX_ETH_Init	8	static
../Core/Src/main.c:451:13:MX_USART3_UART_Init	8	static
../Core/Src/main.c:499:13:MX_GPIO_Init	56	static
../Core/Src/main.c:568:6:Error_Handler	4	static,ignoring_inline_asm
