../myIncludes/myliboqs/common/sha3/xkcp_low/KeccakP-1600times4/serial/PlSnP-Fallback.inc:74:6:KeccakP1600times4_StaticInitialize	8	static
../myIncludes/myliboqs/common/sha3/xkcp_low/KeccakP-1600times4/serial/PlSnP-Fallback.inc:79:6:KeccakP1600times4_InitializeAll	24	static
../myIncludes/myliboqs/common/sha3/xkcp_low/KeccakP-1600times4/serial/PlSnP-Fallback.inc:91:6:KeccakP1600times4_AddByte	24	static
../myIncludes/myliboqs/common/sha3/xkcp_low/KeccakP-1600times4/serial/PlSnP-Fallback.inc:100:6:KeccakP1600times4_AddBytes	24	static
../myIncludes/myliboqs/common/sha3/xkcp_low/KeccakP-1600times4/serial/PlSnP-Fallback.inc:109:6:KeccakP1600times4_AddLanesAll	32	static
../myIncludes/myliboqs/common/sha3/xkcp_low/KeccakP-1600times4/serial/PlSnP-Fallback.inc:123:6:KeccakP1600times4_OverwriteBytes	24	static
../myIncludes/myliboqs/common/sha3/xkcp_low/KeccakP-1600times4/serial/PlSnP-Fallback.inc:132:6:KeccakP1600times4_OverwriteLanesAll	32	static
../myIncludes/myliboqs/common/sha3/xkcp_low/KeccakP-1600times4/serial/PlSnP-Fallback.inc:146:6:KeccakP1600times4_OverwriteWithZeroes	24	static
../myIncludes/myliboqs/common/sha3/xkcp_low/KeccakP-1600times4/serial/PlSnP-Fallback.inc:155:6:KeccakP1600times4_PermuteAll_24rounds	24	static
../myIncludes/myliboqs/common/sha3/xkcp_low/KeccakP-1600times4/serial/PlSnP-Fallback.inc:169:6:KeccakP1600times4_PermuteAll_12rounds	24	static
../myIncludes/myliboqs/common/sha3/xkcp_low/KeccakP-1600times4/serial/PlSnP-Fallback.inc:184:6:KeccakP1600times4_PermuteAll_6rounds	24	static
../myIncludes/myliboqs/common/sha3/xkcp_low/KeccakP-1600times4/serial/PlSnP-Fallback.inc:199:6:KeccakP1600times4_PermuteAll_4rounds	24	static
../myIncludes/myliboqs/common/sha3/xkcp_low/KeccakP-1600times4/serial/PlSnP-Fallback.inc:213:6:KeccakP1600times4_ExtractBytes	24	static
../myIncludes/myliboqs/common/sha3/xkcp_low/KeccakP-1600times4/serial/PlSnP-Fallback.inc:222:6:KeccakP1600times4_ExtractLanesAll	32	static
../myIncludes/myliboqs/common/sha3/xkcp_low/KeccakP-1600times4/serial/PlSnP-Fallback.inc:236:6:KeccakP1600times4_ExtractAndAddBytes	32	static
../myIncludes/myliboqs/common/sha3/xkcp_low/KeccakP-1600times4/serial/PlSnP-Fallback.inc:245:6:KeccakP1600times4_ExtractAndAddLanesAll	40	static
