Archive member included to satisfy reference by file (symbol)

c:/st/stm32cubeide_1.12.0/stm32cubeide/plugins/com.st.stm32cube.ide.mcu.externaltools.gnu-tools-for-stm32.10.3-2021.10.win32_1.0.200.202301161003/tools/bin/../lib/gcc/arm-none-eabi/10.3.1/../../../../arm-none-eabi/lib/thumb/v7e-m+dp/hard\libc_nano.a(lib_a-errno.o)
                              ./Core/Src/syscalls.o (__errno)
c:/st/stm32cubeide_1.12.0/stm32cubeide/plugins/com.st.stm32cube.ide.mcu.externaltools.gnu-tools-for-stm32.10.3-2021.10.win32_1.0.200.202301161003/tools/bin/../lib/gcc/arm-none-eabi/10.3.1/../../../../arm-none-eabi/lib/thumb/v7e-m+dp/hard\libc_nano.a(lib_a-exit.o)
                              c:/st/stm32cubeide_1.12.0/stm32cubeide/plugins/com.st.stm32cube.ide.mcu.externaltools.gnu-tools-for-stm32.10.3-2021.10.win32_1.0.200.202301161003/tools/bin/../lib/gcc/arm-none-eabi/10.3.1/../../../../arm-none-eabi/lib/thumb/v7e-m+dp/hard/crt0.o (exit)
c:/st/stm32cubeide_1.12.0/stm32cubeide/plugins/com.st.stm32cube.ide.mcu.externaltools.gnu-tools-for-stm32.10.3-2021.10.win32_1.0.200.202301161003/tools/bin/../lib/gcc/arm-none-eabi/10.3.1/../../../../arm-none-eabi/lib/thumb/v7e-m+dp/hard\libc_nano.a(lib_a-impure.o)
                              c:/st/stm32cubeide_1.12.0/stm32cubeide/plugins/com.st.stm32cube.ide.mcu.externaltools.gnu-tools-for-stm32.10.3-2021.10.win32_1.0.200.202301161003/tools/bin/../lib/gcc/arm-none-eabi/10.3.1/../../../../arm-none-eabi/lib/thumb/v7e-m+dp/hard\libc_nano.a(lib_a-exit.o) (_global_impure_ptr)
c:/st/stm32cubeide_1.12.0/stm32cubeide/plugins/com.st.stm32cube.ide.mcu.externaltools.gnu-tools-for-stm32.10.3-2021.10.win32_1.0.200.202301161003/tools/bin/../lib/gcc/arm-none-eabi/10.3.1/../../../../arm-none-eabi/lib/thumb/v7e-m+dp/hard\libc_nano.a(lib_a-init.o)
                              c:/st/stm32cubeide_1.12.0/stm32cubeide/plugins/com.st.stm32cube.ide.mcu.externaltools.gnu-tools-for-stm32.10.3-2021.10.win32_1.0.200.202301161003/tools/bin/../lib/gcc/arm-none-eabi/10.3.1/../../../../arm-none-eabi/lib/thumb/v7e-m+dp/hard/crt0.o (__libc_init_array)
c:/st/stm32cubeide_1.12.0/stm32cubeide/plugins/com.st.stm32cube.ide.mcu.externaltools.gnu-tools-for-stm32.10.3-2021.10.win32_1.0.200.202301161003/tools/bin/../lib/gcc/arm-none-eabi/10.3.1/../../../../arm-none-eabi/lib/thumb/v7e-m+dp/hard\libc_nano.a(lib_a-itoa.o)
                              ./Core/Src/main.o (itoa)
c:/st/stm32cubeide_1.12.0/stm32cubeide/plugins/com.st.stm32cube.ide.mcu.externaltools.gnu-tools-for-stm32.10.3-2021.10.win32_1.0.200.202301161003/tools/bin/../lib/gcc/arm-none-eabi/10.3.1/../../../../arm-none-eabi/lib/thumb/v7e-m+dp/hard\libc_nano.a(lib_a-malloc.o)
                              ./Core/Src/main.o (malloc)
c:/st/stm32cubeide_1.12.0/stm32cubeide/plugins/com.st.stm32cube.ide.mcu.externaltools.gnu-tools-for-stm32.10.3-2021.10.win32_1.0.200.202301161003/tools/bin/../lib/gcc/arm-none-eabi/10.3.1/../../../../arm-none-eabi/lib/thumb/v7e-m+dp/hard\libc_nano.a(lib_a-memcmp.o)
                              ./myIncludes/curve25519-master/source/ed25519_verify.o (memcmp)
c:/st/stm32cubeide_1.12.0/stm32cubeide/plugins/com.st.stm32cube.ide.mcu.externaltools.gnu-tools-for-stm32.10.3-2021.10.win32_1.0.200.202301161003/tools/bin/../lib/gcc/arm-none-eabi/10.3.1/../../../../arm-none-eabi/lib/thumb/v7e-m+dp/hard\libc_nano.a(lib_a-memcpy-stub.o)
                              ./Core/Src/main.o (memcpy)
c:/st/stm32cubeide_1.12.0/stm32cubeide/plugins/com.st.stm32cube.ide.mcu.externaltools.gnu-tools-for-stm32.10.3-2021.10.win32_1.0.200.202301161003/tools/bin/../lib/gcc/arm-none-eabi/10.3.1/../../../../arm-none-eabi/lib/thumb/v7e-m+dp/hard\libc_nano.a(lib_a-memset.o)
                              c:/st/stm32cubeide_1.12.0/stm32cubeide/plugins/com.st.stm32cube.ide.mcu.externaltools.gnu-tools-for-stm32.10.3-2021.10.win32_1.0.200.202301161003/tools/bin/../lib/gcc/arm-none-eabi/10.3.1/../../../../arm-none-eabi/lib/thumb/v7e-m+dp/hard/crt0.o (memset)
c:/st/stm32cubeide_1.12.0/stm32cubeide/plugins/com.st.stm32cube.ide.mcu.externaltools.gnu-tools-for-stm32.10.3-2021.10.win32_1.0.200.202301161003/tools/bin/../lib/gcc/arm-none-eabi/10.3.1/../../../../arm-none-eabi/lib/thumb/v7e-m+dp/hard\libc_nano.a(lib_a-nano-freer.o)
                              c:/st/stm32cubeide_1.12.0/stm32cubeide/plugins/com.st.stm32cube.ide.mcu.externaltools.gnu-tools-for-stm32.10.3-2021.10.win32_1.0.200.202301161003/tools/bin/../lib/gcc/arm-none-eabi/10.3.1/../../../../arm-none-eabi/lib/thumb/v7e-m+dp/hard\libc_nano.a(lib_a-malloc.o) (_free_r)
c:/st/stm32cubeide_1.12.0/stm32cubeide/plugins/com.st.stm32cube.ide.mcu.externaltools.gnu-tools-for-stm32.10.3-2021.10.win32_1.0.200.202301161003/tools/bin/../lib/gcc/arm-none-eabi/10.3.1/../../../../arm-none-eabi/lib/thumb/v7e-m+dp/hard\libc_nano.a(lib_a-nano-mallocr.o)
[...]
Memory Configuration

Name             Origin             Length             Attributes
FLASH            0x0000000008000000 0x0000000000200000 xr
DTCMRAM          0x0000000020000000 0x0000000000020000 xrw
RAM_D1           0x0000000024000000 0x0000000000080000 xrw
RAM_D2           0x0000000030000000 0x0000000000048000 xrw
RAM_D3           0x0000000038000000 0x0000000000010000 xrw
ITCMRAM          0x0000000000000000 0x0000000000010000 xrw
*default*        0x0000000000000000 0xffffffffffffffff

Linker script and memory map

LOAD c:/st/stm32cubeide_1.12.0/stm32cubeide/plugins/com.st.stm32cube.ide.mcu.externaltools.gnu-tools-for-stm32.10.3-2021.10.win32_1.0.200.202301161003/tools/bin/../lib/gcc/arm-none-eabi/10.3.1/thumb/v7e-m+dp/hard/crti.o
LOAD c:/st/stm32cubeide_1.12.0/stm32cubeide/plugins/com.st.stm32cube.ide.mcu.externaltools.gnu-tools-for-stm32.10.3-2021.10.win32_1.0.200.202301161003/tools/bin/../lib/gcc/arm-none-eabi/10.3.1/thumb/v7e-m+dp/hard/crtbegin.o
LOAD c:/st/stm32cubeide_1.12.0/stm32cubeide/plugins/com.st.stm32cube.ide.mcu.externaltools.gnu-tools-for-stm32.10.3-2021.10.win32_1.0.200.202301161003/tools/bin/../lib/gcc/arm-none-eabi/10.3.1/../../../../arm-none-eabi/lib/thumb/v7e-m+dp/hard/crt0.o
LOAD ./Core/Src/main.o
LOAD ./Core/Src/stm32h7xx_hal_msp.o
LOAD ./Core/Src/stm32h7xx_it.o
LOAD ./Core/Src/syscalls.o
LOAD ./Core/Src/sysmem.o
LOAD ./Core/Src/system_stm32h7xx.o
LOAD ./Core/Startup/startup_stm32h753zitx.o
LOAD ./Drivers/STM32H7xx_HAL_Driver/Src/stm32h7xx_hal.o
LOAD ./Drivers/STM32H7xx_HAL_Driver/Src/stm32h7xx_hal_cortex.o
LOAD ./Drivers/STM32H7xx_HAL_Driver/Src/stm32h7xx_hal_dma.o
LOAD ./Drivers/STM32H7xx_HAL_Driver/Src/stm32h7xx_hal_dma_ex.o
LOAD ./Drivers/STM32H7xx_HAL_Driver/Src/stm32h7xx_hal_eth.o
LOAD ./Drivers/STM32H7xx_HAL_Driver/Src/stm32h7xx_hal_eth_ex.o
LOAD ./Drivers/STM32H7xx_HAL_Driver/Src/stm32h7xx_hal_exti.o
LOAD ./Drivers/STM32H7xx_HAL_Driver/Src/stm32h7xx_hal_flash.o
LOAD ./Drivers/STM32H7xx_HAL_Driver/Src/stm32h7xx_hal_flash_ex.o
LOAD ./Drivers/STM32H7xx_HAL_Driver/Src/stm32h7xx_hal_gpio.o
LOAD ./Drivers/STM32H7xx_HAL_Driver/Src/stm32h7xx_hal_hsem.o
LOAD ./Drivers/STM32H7xx_HAL_Driver/Src/stm32h7xx_hal_i2c.o
LOAD ./Drivers/STM32H7xx_HAL_Driver/Src/stm32h7xx_hal_i2c_ex.o
LOAD ./Drivers/STM32H7xx_HAL_Driver/Src/stm32h7xx_hal_mdma.o
LOAD ./Drivers/STM32H7xx_HAL_Driver/Src/stm32h7xx_hal_pcd.o
LOAD ./Drivers/STM32H7xx_HAL_Driver/Src/stm32h7xx_hal_pcd_ex.o
LOAD ./Drivers/STM32H7xx_HAL_Driver/Src/stm32h7xx_hal_pwr.o
LOAD ./Drivers/STM32H7xx_HAL_Driver/Src/stm32h7xx_hal_pwr_ex.o
LOAD ./Drivers/STM32H7xx_HAL_Driver/Src/stm32h7xx_hal_rcc.o
LOAD ./Drivers/STM32H7xx_HAL_Driver/Src/stm32h7xx_hal_rcc_ex.o
LOAD ./Drivers/STM32H7xx_HAL_Driver/Src/stm32h7xx_hal_tim.o
LOAD ./Drivers/STM32H7xx_HAL_Driver/Src/stm32h7xx_hal_tim_ex.o
LOAD ./Drivers/STM32H7xx_HAL_Driver/Src/stm32h7xx_hal_uart.o
LOAD ./Drivers/STM32H7xx_HAL_Driver/Src/stm32h7xx_hal_uart_ex.o
LOAD ./Drivers/STM32H7xx_HAL_Driver/Src/stm32h7xx_ll_usb.o
LOAD ./Middlewares/ST/STM32_USB_Device_Library/Class/CDC/Src/usbd_cdc.o
LOAD ./Middlewares/ST/STM32_USB_Device_Library/Core/Src/usbd_core.o
LOAD ./Middlewares/ST/STM32_USB_Device_Library/Core/Src/usbd_ctlreq.o
LOAD ./Middlewares/ST/STM32_USB_Device_Library/Core/Src/usbd_ioreq.o
LOAD ./USB_DEVICE/App/usb_device.o
LOAD ./USB_DEVICE/App/usbd_cdc_if.o
LOAD ./USB_DEVICE/App/usbd_desc.o
LOAD ./USB_DEVICE/Target/usbd_conf.o
LOAD ./myIncludes/curve25519-master/source/curve25519_dh.o
LOAD ./myIncludes/curve25519-master/source/curve25519_mehdi.o
LOAD ./myIncludes/curve25519-master/source/curve25519_order.o
LOAD ./myIncludes/curve25519-master/source/curve25519_utils.o
LOAD ./myIncludes/curve25519-master/source/custom_blind.o
LOAD ./myIncludes/curve25519-master/source/ed25519_sign.o
LOAD ./myIncludes/curve25519-master/source/ed25519_verify.o
LOAD ./myIncludes/curve25519-master/source/sha512.o
LOAD ./myIncludes/myliboqs/common/sha3/ossl_sha3.o
LOAD ./myIncludes/myliboqs/common/sha3/ossl_sha3x4.o
LOAD ./myIncludes/myliboqs/common/sha3/xkcp_sha3.o
LOAD ./myIncludes/myliboqs/common/sha3/xkcp_sha3x4.o
LOAD ./myIncludes/myliboqs/common/sha3/xkcp_low/KeccakP-1600/plain-64bits/KeccakP-1600-opt64.o
LOAD ./myIncludes/myliboqs/common/sha3/xkcp_low/KeccakP-1600times4/serial/KeccakP-1600-times4-on1.o
LOAD ./myIncludes/myliboqs/src/common.o
LOAD ./myIncludes/myliboqs/src/ntt.o
LOAD ./myIncludes/myliboqs/src/packing.o
LOAD ./myIncludes/myliboqs/src/poly.o
LOAD ./myIncludes/myliboqs/src/polyvec.o
LOAD ./myIncludes/myliboqs/src/reduce.o
LOAD ./myIncludes/myliboqs/src/rounding.o
LOAD ./myIncludes/myliboqs/src/sign.o
LOAD ./myIncludes/myliboqs/src/symmetric-shake.o
START GROUP
LOAD c:/st/stm32cubeide_1.12.0/stm32cubeide/plugins/com.st.stm32cube.ide.mcu.externaltools.gnu-tools-for-stm32.10.3-2021.10.win32_1.0.200.202301161003/tools/bin/../lib/gcc/arm-none-eabi/10.3.1/../../../../arm-none-eabi/lib/thumb/v7e-m+dp/hard\libc_nano.a
LOAD c:/st/stm32cubeide_1.12.0/stm32cubeide/plugins/com.st.stm32cube.ide.mcu.externaltools.gnu-tools-for-stm32.10.3-2021.10.win32_1.0.200.202301161003/tools/bin/../lib/gcc/arm-none-eabi/10.3.1/../../../../arm-none-eabi/lib/thumb/v7e-m+dp/hard\libm.a
END GROUP
START GROUP
LOAD c:/st/stm32cubeide_1.12.0/stm32cubeide/plugins/com.st.stm32cube.ide.mcu.externaltools.gnu-tools-for-stm32.10.3-2021.10.win32_1.0.200.202301161003/tools/bin/../lib/gcc/arm-none-eabi/10.3.1/thumb/v7e-m+dp/hard\libgcc.a
LOAD c:/st/stm32cubeide_1.12.0/stm32cubeide/plugins/com.st.stm32cube.ide.mcu.externaltools.gnu-tools-for-stm32.10.3-2021.10.win32_1.0.200.202301161003/tools/bin/../lib/gcc/arm-none-eabi/10.3.1/../../../../arm-none-eabi/lib/thumb/v7e-m+dp/hard\libc_nano.a
END GROUP
START GROUP
LOAD c:/st/stm32cubeide_1.12.0/stm32cubeide/plugins/com.st.stm32cube.ide.mcu.externaltools.gnu-tools-for-stm32.10.3-2021.10.win32_1.0.200.202301161003/tools/bin/../lib/gcc/arm-none-eabi/10.3.1/thumb/v7e-m+dp/hard\libgcc.a
LOAD c:/st/stm32cubeide_1.12.0/stm32cubeide/plugins/com.st.stm32cube.ide.mcu.externaltools.gnu-tools-for-stm32.10.3-2021.10.win32_1.0.200.202301161003/tools/bin/../lib/gcc/arm-none-eabi/10.3.1/../../../../arm-none-eabi/lib/thumb/v7e-m+dp/hard\libc_nano.a
LOAD c:/st/stm32cubeide_1.12.0/stm32cubeide/plugins/com.st.stm32cube.ide.mcu.externaltools.gnu-tools-for-stm32.10.3-2021.10.win32_1.0.200.202301161003/tools/bin/../lib/gcc/arm-none-eabi/10.3.1/../../../../arm-none-eabi/lib/thumb/v7e-m+dp/hard\libnosys.a
END GROUP
START GROUP
LOAD c:/st/stm32cubeide_1.12.0/stm32cubeide/plugins/com.st.stm32cube.ide.mcu.externaltools.gnu-tools-for-stm32.10.3-2021.10.win32_1.0.200.202301161003/tools/bin/../lib/gcc/arm-none-eabi/10.3.1/thumb/v7e-m+dp/hard\libgcc.a
LOAD c:/st/stm32cubeide_1.12.0/stm32cubeide/plugins/com.st.stm32cube.ide.mcu.externaltools.gnu-tools-for-stm32.10.3-2021.10.win32_1.0.200.202301161003/tools/bin/../lib/gcc/arm-none-eabi/10.3.1/../../../../arm-none-eabi/lib/thumb/v7e-m+dp/hard\libc_nano.a
LOAD c:/st/stm32cubeide_1.12.0/stm32cubeide/plugins/com.st.stm32cube.ide.mcu.externaltools.gnu-tools-for-stm32.10.3-2021.10.win32_1.0.200.202301161003/tools/bin/../lib/gcc/arm-none-eabi/10.3.1/../../../../arm-none-eabi/lib/thumb/v7e-m+dp/hard\libnosys.a
END GROUP
LOAD c:/st/stm32cubeide_1.12.0/stm32cubeide/plugins/com.st.stm32cube.ide.mcu.externaltools.gnu-tools-for-stm32.10.3-2021.10.win32_1.0.200.202301161003/tools/bin/../lib/gcc/arm-none-eabi/10.3.1/thumb/v7e-m+dp/hard/crtend.o
LOAD c:/st/stm32cubeide_1.12.0/stm32cubeide/plugins/com.st.stm32cube.ide.mcu.externaltools.gnu-tools-for-stm32.10.3-2021.10.win32_1.0.200.202301161003/tools/bin/../lib/gcc/arm-none-eabi/10.3.1/thumb/v7e-m+dp/hard/crtn.o
                0x0000000024080000                _estack = (ORIGIN (RAM_D1) + LENGTH (RAM_D1))
                0x0000000000000200                _Min_Heap_Size = 0x200
                0x0000000000000400                _Min_Stack_Size = 0x400

.isr_vector     0x0000000008000000      0x298
                0x0000000008000000                . = ALIGN (0x4)
 *(.isr_vector)
 .isr_vector    0x0000000008000000      0x298 ./Core/Startup/startup_stm32h753zitx.o
                0x0000000008000000                g_pfnVectors
                0x0000000008000298                . = ALIGN (0x4)

.text           0x00000000080002a0    0x14b10
                0x00000000080002a0                . = ALIGN (0x4)
 *(.text)
 .text          0x00000000080002a0       0x40 c:/st/stm32cubeide_1.12.0/stm32cubeide/plugins/com.st.stm32cube.ide.mcu.externaltools.gnu-tools-for-stm32.10.3-2021.10.win32_1.0.200.202301161003/tools/bin/../lib/gcc/arm-none-eabi/10.3.1/thumb/v7e-m+dp/hard/crtbegin.o
 .text          0x00000000080002e0       0x10 c:/st/stm32cubeide_1.12.0/stm32cubeide/plugins/com.st.stm32cube.ide.mcu.externaltools.gnu-tools-for-stm32.10.3-2021.10.win32_1.0.200.202301161003/tools/bin/../lib/gcc/arm-none-eabi/10.3.1/../../../../arm-none-eabi/lib/thumb/v7e-m+dp/hard\libc_nano.a(lib_a-strlen.o)
                0x00000000080002e0                strlen
 .text          0x00000000080002f0       0xa0 c:/st/stm32cubeide_1.12.0/stm32cubeide/plugins/com.st.stm32cube.ide.mcu.externaltools.gnu-tools-for-stm32.10.3-2021.10.win32_1.0.200.202301161003/tools/bin/../lib/gcc/arm-none-eabi/10.3.1/../../../../arm-none-eabi/lib/thumb/v7e-m+dp/hard\libc_nano.a(lib_a-memchr.o)
                0x00000000080002f0                memchr
 .text          0x0000000008000390       0x30 c:/st/stm32cubeide_1.12.0/stm32cubeide/plugins/com.st.stm32cube.ide.mcu.externaltools.gnu-tools-for-stm32.10.3-2021.10.win32_1.0.200.202301161003/tools/bin/../lib/gcc/arm-none-eabi/10.3.1/thumb/v7e-m+dp/hard\libgcc.a(_aeabi_uldivmod.o)
                0x0000000008000390                __aeabi_uldivmod
 .text          0x00000000080003c0      0x2d0 c:/st/stm32cubeide_1.12.0/stm32cubeide/plugins/com.st.stm32cube.ide.mcu.externaltools.gnu-tools-for-stm32.10.3-2021.10.win32_1.0.200.202301161003/tools/bin/../lib/gcc/arm-none-eabi/10.3.1/thumb/v7e-m+dp/hard\libgcc.a(_udivmoddi4.o)
                0x00000000080003c0                __udivmoddi4
 .text          0x0000000008000690        0x4 c:/st/stm32cubeide_1.12.0/stm32cubeide/plugins/com.st.stm32cube.ide.mcu.externaltools.gnu-tools-for-stm32.10.3-2021.10.win32_1.0.200.202301161003/tools/bin/../lib/gcc/arm-none-eabi/10.3.1/thumb/v7e-m+dp/hard\libgcc.a(_dvmd_tls.o)
                0x0000000008000690                __aeabi_idiv0
                0x0000000008000690                __aeabi_ldiv0
 *(.text*)
 .text.cleanup_heap
                0x0000000008000694       0x1a ./Core/Src/main.o
                0x0000000008000694                cleanup_heap
 .text.fn_cleanup
                0x00000000080006ae       0x12 ./Core/Src/main.o
                0x00000000080006ae                fn_cleanup
 .text.print    0x00000000080006c0       0x16 ./Core/Src/main.o
                0x00000000080006c0                print
 .text.verifyChecksum
                0x00000000080006d6       0x76 ./Core/Src/main.o
                0x00000000080006d6                verifyChecksum
 .text.Process_Data_to_Pkt
                0x000000000800074c       0x80 ./Core/Src/main.o
                0x000000000800074c                Process_Data_to_Pkt
 .text.receiveData
                0x00000000080007cc       0x50 ./Core/Src/main.o
                0x00000000080007cc                receiveData
 .text.CverifyPacket
                0x000000000800081c       0x8c ./Core/Src/main.o
                0x000000000800081c                CverifyPacket
 .text.getPacket
                0x00000000080008a8      0x130 ./Core/Src/main.o
                0x00000000080008a8                getPacket
 .text.SystemClock_Config
                0x00000000080009d8       0xbc ./Core/Src/main.o
                0x00000000080009d8                SystemClock_Config
 .text.startup.main
                0x0000000008000a94      0x240 ./Core/Src/main.o
                0x0000000008000a94                main
 .text.Error_Handler
                0x0000000008000cd4        0x4 ./Core/Src/main.o
                0x0000000008000cd4                Error_Handler
 .text.HAL_MspInit
                0x0000000008000cd8       0x24 ./Core/Src/stm32h7xx_hal_msp.o
                0x0000000008000cd8                HAL_MspInit
 .text.HAL_ETH_MspInit
                0x0000000008000cfc      0x134 ./Core/Src/stm32h7xx_hal_msp.o
                0x0000000008000cfc                HAL_ETH_MspInit
 .text.HAL_UART_MspInit
                0x0000000008000e30       0x94 ./Core/Src/stm32h7xx_hal_msp.o
                0x0000000008000e30                HAL_UART_MspInit
 .text.NMI_Handler
                0x0000000008000ec4        0x2 ./Core/Src/stm32h7xx_it.o
                0x0000000008000ec4                NMI_Handler
 .text.HardFault_Handler
                0x0000000008000ec6        0x2 ./Core/Src/stm32h7xx_it.o
                0x0000000008000ec6                HardFault_Handler
 .text.MemManage_Handler
                0x0000000008000ec8        0x2 ./Core/Src/stm32h7xx_it.o
                0x0000000008000ec8                MemManage_Handler
 .text.BusFault_Handler
                0x0000000008000eca        0x2 ./Core/Src/stm32h7xx_it.o
                0x0000000008000eca                BusFault_Handler
 .text.UsageFault_Handler
                0x0000000008000ecc        0x2 ./Core/Src/stm32h7xx_it.o
                0x0000000008000ecc                UsageFault_Handler
 .text.SVC_Handler
                0x0000000008000ece        0x2 ./Core/Src/stm32h7xx_it.o
                0x0000000008000ece                SVC_Handler
 .text.DebugMon_Handler
                0x0000000008000ed0        0x2 ./Core/Src/stm32h7xx_it.o
                0x0000000008000ed0                DebugMon_Handler
 .text.PendSV_Handler
                0x0000000008000ed2        0x2 ./Core/Src/stm32h7xx_it.o
                0x0000000008000ed2                PendSV_Handler
 .text.SysTick_Handler
                0x0000000008000ed4        0x4 ./Core/Src/stm32h7xx_it.o
                0x0000000008000ed4                SysTick_Handler
 .text.OTG_FS_IRQHandler
                0x0000000008000ed8        0xc ./Core/Src/stm32h7xx_it.o
                0x0000000008000ed8                OTG_FS_IRQHandler
 .text._exit    0x0000000008000ee4        0xc ./Core/Src/syscalls.o
                0x0000000008000ee4                _exit
 .text._sbrk    0x0000000008000ef0       0x40 ./Core/Src/sysmem.o
                0x0000000008000ef0                _sbrk
 .text.SystemInit
                0x0000000008000f30       0xc0 ./Core/Src/system_stm32h7xx.o
                0x0000000008000f30                SystemInit
 .text.Reset_Handler
                0x0000000008000ff0       0x50 ./Core/Startup/startup_stm32h753zitx.o
                0x0000000008000ff0                Reset_Handler
 .text.Default_Handler
                0x0000000008001040        0x2 ./Core/Startup/startup_stm32h753zitx.o
                0x0000000008001040                RTC_Alarm_IRQHandler
                0x0000000008001040                HASH_RNG_IRQHandler
                0x0000000008001040                EXTI2_IRQHandler
                0x0000000008001040                TIM8_CC_IRQHandler
                0x0000000008001040                HRTIM1_Master_IRQHandler
                0x0000000008001040                UART8_IRQHandler
                0x0000000008001040                SPI4_IRQHandler
                0x0000000008001040                TIM1_CC_IRQHandler
                0x0000000008001040                BDMA_Channel6_IRQHandler
                0x0000000008001040                DMA2_Stream5_IRQHandler
                0x0000000008001040                HRTIM1_FLT_IRQHandler
                0x0000000008001040                JPEG_IRQHandler
                0x0000000008001040                DMA1_Stream5_IRQHandler
                0x0000000008001040                BDMA_Channel1_IRQHandler
                0x0000000008001040                HRTIM1_TIMD_IRQHandler
                0x0000000008001040                TAMP_STAMP_IRQHandler
                0x0000000008001040                EXTI3_IRQHandler
                0x0000000008001040                LPTIM4_IRQHandler
                0x0000000008001040                TIM8_TRG_COM_TIM14_IRQHandler
                0x0000000008001040                LPTIM2_IRQHandler
                0x0000000008001040                DFSDM1_FLT1_IRQHandler
                0x0000000008001040                DMAMUX2_OVR_IRQHandler
                0x0000000008001040                TIM8_UP_TIM13_IRQHandler
                0x0000000008001040                I2C3_ER_IRQHandler
                0x0000000008001040                DFSDM1_FLT2_IRQHandler
                0x0000000008001040                MDMA_IRQHandler
                0x0000000008001040                LPTIM3_IRQHandler
                0x0000000008001040                HSEM1_IRQHandler
                0x0000000008001040                EXTI0_IRQHandler
                0x0000000008001040                I2C2_EV_IRQHandler
                0x0000000008001040                DMA1_Stream2_IRQHandler
                0x0000000008001040                FPU_IRQHandler
                0x0000000008001040                OTG_HS_WKUP_IRQHandler
                0x0000000008001040                FDCAN1_IT1_IRQHandler
                0x0000000008001040                LTDC_ER_IRQHandler
                0x0000000008001040                DMA2_Stream2_IRQHandler
                0x0000000008001040                HRTIM1_TIME_IRQHandler
                0x0000000008001040                SPI1_IRQHandler
                0x0000000008001040                TIM6_DAC_IRQHandler
                0x0000000008001040                DCMI_IRQHandler
                0x0000000008001040                HRTIM1_TIMC_IRQHandler
                0x0000000008001040                DMA2_Stream3_IRQHandler
                0x0000000008001040                SAI2_IRQHandler
                0x0000000008001040                DFSDM1_FLT3_IRQHandler
                0x0000000008001040                USART6_IRQHandler
                0x0000000008001040                TIM17_IRQHandler
                0x0000000008001040                USART3_IRQHandler
                0x0000000008001040                BDMA_Channel7_IRQHandler
                0x0000000008001040                CRYP_IRQHandler
                0x0000000008001040                LPTIM5_IRQHandler
                0x0000000008001040                UART5_IRQHandler
                0x0000000008001040                ADC3_IRQHandler
                0x0000000008001040                DMA2_Stream0_IRQHandler
                0x0000000008001040                TIM4_IRQHandler
                0x0000000008001040                BDMA_Channel2_IRQHandler
                0x0000000008001040                QUADSPI_IRQHandler
                0x0000000008001040                I2C1_EV_IRQHandler
                0x0000000008001040                DMA1_Stream6_IRQHandler
                0x0000000008001040                DMAMUX1_OVR_IRQHandler
                0x0000000008001040                DMA1_Stream1_IRQHandler
                0x0000000008001040                TIM16_IRQHandler
                0x0000000008001040                UART4_IRQHandler
                0x0000000008001040                BDMA_Channel5_IRQHandler
                0x0000000008001040                TIM3_IRQHandler
                0x0000000008001040                RCC_IRQHandler
                0x0000000008001040                TIM8_BRK_TIM12_IRQHandler
                0x0000000008001040                TIM1_TRG_COM_IRQHandler
                0x0000000008001040                Default_Handler
                0x0000000008001040                ECC_IRQHandler
                0x0000000008001040                CEC_IRQHandler
                0x0000000008001040                EXTI15_10_IRQHandler
                0x0000000008001040                BDMA_Channel0_IRQHandler
                0x0000000008001040                ADC_IRQHandler
                0x0000000008001040                DMA1_Stream7_IRQHandler
                0x0000000008001040                HRTIM1_TIMA_IRQHandler
                0x0000000008001040                SPI5_IRQHandler
                0x0000000008001040                TIM7_IRQHandler
                0x0000000008001040                SDMMC1_IRQHandler
                0x0000000008001040                TIM5_IRQHandler
                0x0000000008001040                DMA2_Stream7_IRQHandler
                0x0000000008001040                TIM15_IRQHandler
                0x0000000008001040                PVD_AVD_IRQHandler
                0x0000000008001040                I2C3_EV_IRQHandler
                0x0000000008001040                EXTI9_5_IRQHandler
                0x0000000008001040                RTC_WKUP_IRQHandler
                0x0000000008001040                LTDC_IRQHandler
                0x0000000008001040                SAI3_IRQHandler
                0x0000000008001040                ETH_WKUP_IRQHandler
                0x0000000008001040                SPDIF_RX_IRQHandler
                0x0000000008001040                SPI2_IRQHandler
                0x0000000008001040                OTG_HS_EP1_IN_IRQHandler
                0x0000000008001040                DMA1_Stream0_IRQHandler
                0x0000000008001040                CRS_IRQHandler
                0x0000000008001040                EXTI4_IRQHandler
                0x0000000008001040                HRTIM1_TIMB_IRQHandler
                0x0000000008001040                FDCAN2_IT1_IRQHandler
                0x0000000008001040                ETH_IRQHandler
                0x0000000008001040                TIM1_UP_IRQHandler
                0x0000000008001040                BDMA_Channel4_IRQHandler
                0x0000000008001040                OTG_HS_EP1_OUT_IRQHandler
                0x0000000008001040                WWDG_IRQHandler
                0x0000000008001040                SPI6_IRQHandler
                0x0000000008001040                MDIOS_IRQHandler
                0x0000000008001040                I2C4_EV_IRQHandler
                0x0000000008001040                FDCAN2_IT0_IRQHandler
                0x0000000008001040                LPUART1_IRQHandler
                0x0000000008001040                FDCAN1_IT0_IRQHandler
                0x0000000008001040                TIM2_IRQHandler
                0x0000000008001040                OTG_FS_WKUP_IRQHandler
                0x0000000008001040                OTG_HS_IRQHandler
                0x0000000008001040                DMA2D_IRQHandler
                0x0000000008001040                TIM1_BRK_IRQHandler
                0x0000000008001040                EXTI1_IRQHandler
                0x0000000008001040                SDMMC2_IRQHandler
                0x0000000008001040                OTG_FS_EP1_OUT_IRQHandler
                0x0000000008001040                BDMA_Channel3_IRQHandler
                0x0000000008001040                UART7_IRQHandler
                0x0000000008001040                MDIOS_WKUP_IRQHandler
                0x0000000008001040                USART2_IRQHandler
                0x0000000008001040                DFSDM1_FLT0_IRQHandler
                0x0000000008001040                SAI4_IRQHandler
                0x0000000008001040                I2C2_ER_IRQHandler
                0x0000000008001040                DMA2_Stream1_IRQHandler
                0x0000000008001040                FLASH_IRQHandler
                0x0000000008001040                DMA2_Stream4_IRQHandler
                0x0000000008001040                USART1_IRQHandler
                0x0000000008001040                SPI3_IRQHandler
                0x0000000008001040                WAKEUP_PIN_IRQHandler
                0x0000000008001040                DMA1_Stream4_IRQHandler
                0x0000000008001040                OTG_FS_EP1_IN_IRQHandler
                0x0000000008001040                I2C1_ER_IRQHandler
                0x0000000008001040                FMC_IRQHandler
                0x0000000008001040                FDCAN_CAL_IRQHandler
                0x0000000008001040                SWPMI1_IRQHandler
                0x0000000008001040                COMP1_IRQHandler
                0x0000000008001040                LPTIM1_IRQHandler
                0x0000000008001040                I2C4_ER_IRQHandler
                0x0000000008001040                DMA2_Stream6_IRQHandler
                0x0000000008001040                SAI1_IRQHandler
                0x0000000008001040                DMA1_Stream3_IRQHandler
 *fill*         0x0000000008001042        0x2 
 .text.HAL_InitTick
                0x0000000008001044       0x4c ./Drivers/STM32H7xx_HAL_Driver/Src/stm32h7xx_hal.o
                0x0000000008001044                HAL_InitTick
 .text.HAL_Init
                0x0000000008001090       0x5c ./Drivers/STM32H7xx_HAL_Driver/Src/stm32h7xx_hal.o
                0x0000000008001090                HAL_Init
 .text.HAL_IncTick
                0x00000000080010ec       0x18 ./Drivers/STM32H7xx_HAL_Driver/Src/stm32h7xx_hal.o
                0x00000000080010ec                HAL_IncTick
 .text.HAL_GetTick
                0x0000000008001104        0xc ./Drivers/STM32H7xx_HAL_Driver/Src/stm32h7xx_hal.o
                0x0000000008001104                HAL_GetTick
 .text.HAL_Delay
                0x0000000008001110       0x24 ./Drivers/STM32H7xx_HAL_Driver/Src/stm32h7xx_hal.o
                0x0000000008001110                HAL_Delay
 .text.HAL_GetREVID
                0x0000000008001134        0xc ./Drivers/STM32H7xx_HAL_Driver/Src/stm32h7xx_hal.o
                0x0000000008001134                HAL_GetREVID
 .text.HAL_SYSCFG_ETHInterfaceSelect
                0x0000000008001140       0x14 ./Drivers/STM32H7xx_HAL_Driver/Src/stm32h7xx_hal.o
                0x0000000008001140                HAL_SYSCFG_ETHInterfaceSelect
 .text.HAL_NVIC_SetPriorityGrouping
                0x0000000008001154       0x24 ./Drivers/STM32H7xx_HAL_Driver/Src/stm32h7xx_hal_cortex.o
                0x0000000008001154                HAL_NVIC_SetPriorityGrouping
 .text.HAL_NVIC_SetPriority
                0x0000000008001178       0x64 ./Drivers/STM32H7xx_HAL_Driver/Src/stm32h7xx_hal_cortex.o
                0x0000000008001178                HAL_NVIC_SetPriority
 .text.HAL_NVIC_EnableIRQ
                0x00000000080011dc       0x1c ./Drivers/STM32H7xx_HAL_Driver/Src/stm32h7xx_hal_cortex.o
                0x00000000080011dc                HAL_NVIC_EnableIRQ
 .text.HAL_SYSTICK_Config
                0x00000000080011f8       0x28 ./Drivers/STM32H7xx_HAL_Driver/Src/stm32h7xx_hal_cortex.o
                0x00000000080011f8                HAL_SYSTICK_Config
 .text.ETH_SetMACConfig
                0x0000000008001220      0x1b2 ./Drivers/STM32H7xx_HAL_Driver/Src/stm32h7xx_hal_eth.o
 *fill*         0x00000000080013d2        0x2 
 .text.ETH_SetDMAConfig
                0x00000000080013d4       0x8c ./Drivers/STM32H7xx_HAL_Driver/Src/stm32h7xx_hal_eth.o
 .text.HAL_ETH_SetMDIOClockRange
                0x0000000008001460       0x78 ./Drivers/STM32H7xx_HAL_Driver/Src/stm32h7xx_hal_eth.o
                0x0000000008001460                HAL_ETH_SetMDIOClockRange
 .text.HAL_ETH_Init
                0x00000000080014d8      0x220 ./Drivers/STM32H7xx_HAL_Driver/Src/stm32h7xx_hal_eth.o
                0x00000000080014d8                HAL_ETH_Init
 .text.HAL_GPIO_Init
                0x00000000080016f8      0x1d8 ./Drivers/STM32H7xx_HAL_Driver/Src/stm32h7xx_hal_gpio.o
                0x00000000080016f8                HAL_GPIO_Init
 .text.HAL_GPIO_WritePin
                0x00000000080018d0        0xa ./Drivers/STM32H7xx_HAL_Driver/Src/stm32h7xx_hal_gpio.o
                0x00000000080018d0                HAL_GPIO_WritePin
 .text.HAL_PCD_Init
                0x00000000080018da      0x112 ./Drivers/STM32H7xx_HAL_Driver/Src/stm32h7xx_hal_pcd.o
                0x00000000080018da                HAL_PCD_Init
 .text.HAL_PCD_Start
                0x00000000080019ec       0x3e ./Drivers/STM32H7xx_HAL_Driver/Src/stm32h7xx_hal_pcd.o
                0x00000000080019ec                HAL_PCD_Start
 .text.HAL_PCD_SetAddress
                0x0000000008001a2a       0x28 ./Drivers/STM32H7xx_HAL_Driver/Src/stm32h7xx_hal_pcd.o
                0x0000000008001a2a                HAL_PCD_SetAddress
 .text.HAL_PCD_EP_Open
                0x0000000008001a52       0x70 ./Drivers/STM32H7xx_HAL_Driver/Src/stm32h7xx_hal_pcd.o
                0x0000000008001a52                HAL_PCD_EP_Open
 .text.HAL_PCD_EP_Close
                0x0000000008001ac2       0x5e ./Drivers/STM32H7xx_HAL_Driver/Src/stm32h7xx_hal_pcd.o
                0x0000000008001ac2                HAL_PCD_EP_Close
 .text.HAL_PCD_EP_Receive
                0x0000000008001b20       0x3c ./Drivers/STM32H7xx_HAL_Driver/Src/stm32h7xx_hal_pcd.o
                0x0000000008001b20                HAL_PCD_EP_Receive
 .text.HAL_PCD_EP_GetRxCount
                0x0000000008001b5c       0x10 ./Drivers/STM32H7xx_HAL_Driver/Src/stm32h7xx_hal_pcd.o
                0x0000000008001b5c                HAL_PCD_EP_GetRxCount
 .text.HAL_PCD_EP_Transmit
                0x0000000008001b6c       0x38 ./Drivers/STM32H7xx_HAL_Driver/Src/stm32h7xx_hal_pcd.o
                0x0000000008001b6c                HAL_PCD_EP_Transmit
 .text.HAL_PCD_EP_SetStall
                0x0000000008001ba4       0x70 ./Drivers/STM32H7xx_HAL_Driver/Src/stm32h7xx_hal_pcd.o
                0x0000000008001ba4                HAL_PCD_EP_SetStall
 .text.HAL_PCD_EP_ClrStall
                0x0000000008001c14       0x6c ./Drivers/STM32H7xx_HAL_Driver/Src/stm32h7xx_hal_pcd.o
                0x0000000008001c14                HAL_PCD_EP_ClrStall
 .text.HAL_PCD_EP_Abort
                0x0000000008001c80       0x20 ./Drivers/STM32H7xx_HAL_Driver/Src/stm32h7xx_hal_pcd.o
                0x0000000008001c80                HAL_PCD_EP_Abort
 .text.HAL_PCD_IRQHandler
                0x0000000008001ca0      0x6cc ./Drivers/STM32H7xx_HAL_Driver/Src/stm32h7xx_hal_pcd.o
                0x0000000008001ca0                HAL_PCD_IRQHandler
 .text.HAL_PCDEx_SetTxFiFo
                0x000000000800236c       0x40 ./Drivers/STM32H7xx_HAL_Driver/Src/stm32h7xx_hal_pcd_ex.o
                0x000000000800236c                HAL_PCDEx_SetTxFiFo
 .text.HAL_PCDEx_SetRxFiFo
                0x00000000080023ac        0x8 ./Drivers/STM32H7xx_HAL_Driver/Src/stm32h7xx_hal_pcd_ex.o
                0x00000000080023ac                HAL_PCDEx_SetRxFiFo
 .text.HAL_PCDEx_ActivateLPM
                0x00000000080023b4       0x26 ./Drivers/STM32H7xx_HAL_Driver/Src/stm32h7xx_hal_pcd_ex.o
                0x00000000080023b4                HAL_PCDEx_ActivateLPM
 .text.HAL_PCDEx_LPM_Callback
                0x00000000080023da        0x2 ./Drivers/STM32H7xx_HAL_Driver/Src/stm32h7xx_hal_pcd_ex.o
                0x00000000080023da                HAL_PCDEx_LPM_Callback
 .text.HAL_PWREx_ConfigSupply
                0x00000000080023dc       0x48 ./Drivers/STM32H7xx_HAL_Driver/Src/stm32h7xx_hal_pwr_ex.o
                0x00000000080023dc                HAL_PWREx_ConfigSupply
 .text.HAL_PWREx_EnableUSBVoltageDetector
                0x0000000008002424       0x10 ./Drivers/STM32H7xx_HAL_Driver/Src/stm32h7xx_hal_pwr_ex.o
                0x0000000008002424                HAL_PWREx_EnableUSBVoltageDetector
 .text.HAL_RCC_OscConfig
                0x0000000008002434      0x568 ./Drivers/STM32H7xx_HAL_Driver/Src/stm32h7xx_hal_rcc.o
                0x0000000008002434                HAL_RCC_OscConfig
 .text.HAL_RCC_GetSysClockFreq
                0x000000000800299c      0x140 ./Drivers/STM32H7xx_HAL_Driver/Src/stm32h7xx_hal_rcc.o
                0x000000000800299c                HAL_RCC_GetSysClockFreq
 .text.HAL_RCC_ClockConfig
                0x0000000008002adc      0x24c ./Drivers/STM32H7xx_HAL_Driver/Src/stm32h7xx_hal_rcc.o
                0x0000000008002adc                HAL_RCC_ClockConfig
 .text.HAL_RCC_GetHCLKFreq
                0x0000000008002d28       0x44 ./Drivers/STM32H7xx_HAL_Driver/Src/stm32h7xx_hal_rcc.o
                0x0000000008002d28                HAL_RCC_GetHCLKFreq
 .text.HAL_RCC_GetPCLK1Freq
                0x0000000008002d6c       0x24 ./Drivers/STM32H7xx_HAL_Driver/Src/stm32h7xx_hal_rcc.o
                0x0000000008002d6c                HAL_RCC_GetPCLK1Freq
 .text.HAL_RCC_GetPCLK2Freq
                0x0000000008002d90       0x24 ./Drivers/STM32H7xx_HAL_Driver/Src/stm32h7xx_hal_rcc.o
                0x0000000008002d90                HAL_RCC_GetPCLK2Freq
 .text.RCCEx_PLL2_Config
                0x0000000008002db4       0xf0 ./Drivers/STM32H7xx_HAL_Driver/Src/stm32h7xx_hal_rcc_ex.o
 .text.RCCEx_PLL3_Config
                0x0000000008002ea4       0xf0 ./Drivers/STM32H7xx_HAL_Driver/Src/stm32h7xx_hal_rcc_ex.o
 .text.HAL_RCCEx_PeriphCLKConfig
                0x0000000008002f94      0xa28 ./Drivers/STM32H7xx_HAL_Driver/Src/stm32h7xx_hal_rcc_ex.o
                0x0000000008002f94                HAL_RCCEx_PeriphCLKConfig
 .text.HAL_RCCEx_GetD3PCLK1Freq
                0x00000000080039bc       0x24 ./Drivers/STM32H7xx_HAL_Driver/Src/stm32h7xx_hal_rcc_ex.o
                0x00000000080039bc                HAL_RCCEx_GetD3PCLK1Freq
 .text.HAL_RCCEx_GetPLL2ClockFreq
                0x00000000080039e0      0x150 ./Drivers/STM32H7xx_HAL_Driver/Src/stm32h7xx_hal_rcc_ex.o
                0x00000000080039e0                HAL_RCCEx_GetPLL2ClockFreq
 .text.HAL_RCCEx_GetPLL3ClockFreq
                0x0000000008003b30      0x150 ./Drivers/STM32H7xx_HAL_Driver/Src/stm32h7xx_hal_rcc_ex.o
                0x0000000008003b30                HAL_RCCEx_GetPLL3ClockFreq
 .text.UART_EndRxTransfer
                0x0000000008003c80       0x58 ./Drivers/STM32H7xx_HAL_Driver/Src/stm32h7xx_hal_uart.o
 .text.UART_SetConfig
                0x0000000008003cd8      0x38c ./Drivers/STM32H7xx_HAL_Driver/Src/stm32h7xx_hal_uart.o
                0x0000000008003cd8                UART_SetConfig
 .text.UART_AdvFeatureConfig
                0x0000000008004064       0xaa ./Drivers/STM32H7xx_HAL_Driver/Src/stm32h7xx_hal_uart.o
                0x0000000008004064                UART_AdvFeatureConfig
 .text.UART_WaitOnFlagUntilTimeout
                0x000000000800410e       0x88 ./Drivers/STM32H7xx_HAL_Driver/Src/stm32h7xx_hal_uart.o
                0x000000000800410e                UART_WaitOnFlagUntilTimeout
 .text.UART_CheckIdleState
                0x0000000008004196       0xba ./Drivers/STM32H7xx_HAL_Driver/Src/stm32h7xx_hal_uart.o
                0x0000000008004196                UART_CheckIdleState
 .text.HAL_UART_Init
                0x0000000008004250       0x60 ./Drivers/STM32H7xx_HAL_Driver/Src/stm32h7xx_hal_uart.o
                0x0000000008004250                HAL_UART_Init
 .text.UARTEx_SetNbDataToProcess
                0x00000000080042b0       0x44 ./Drivers/STM32H7xx_HAL_Driver/Src/stm32h7xx_hal_uart_ex.o
 .text.HAL_UARTEx_DisableFifoMode
                0x00000000080042f4       0x36 ./Drivers/STM32H7xx_HAL_Driver/Src/stm32h7xx_hal_uart_ex.o
                0x00000000080042f4                HAL_UARTEx_DisableFifoMode
 .text.HAL_UARTEx_SetTxFifoThreshold
                0x000000000800432a       0x48 ./Drivers/STM32H7xx_HAL_Driver/Src/stm32h7xx_hal_uart_ex.o
                0x000000000800432a                HAL_UARTEx_SetTxFifoThreshold
 .text.HAL_UARTEx_SetRxFifoThreshold
                0x0000000008004372       0x48 ./Drivers/STM32H7xx_HAL_Driver/Src/stm32h7xx_hal_uart_ex.o
                0x0000000008004372                HAL_UARTEx_SetRxFifoThreshold
 *fill*         0x00000000080043ba        0x2 
 .text.USB_CoreReset
                0x00000000080043bc       0x4c ./Drivers/STM32H7xx_HAL_Driver/Src/stm32h7xx_ll_usb.o
 .text.USB_CoreInit
                0x0000000008004408       0x94 ./Drivers/STM32H7xx_HAL_Driver/Src/stm32h7xx_ll_usb.o
                0x0000000008004408                USB_CoreInit
 .text.USB_SetTurnaroundTime
                0x000000000800449c       0xe0 ./Drivers/STM32H7xx_HAL_Driver/Src/stm32h7xx_ll_usb.o
                0x000000000800449c                USB_SetTurnaroundTime
 .text.USB_EnableGlobalInt
                0x000000000800457c        0xc ./Drivers/STM32H7xx_HAL_Driver/Src/stm32h7xx_ll_usb.o
                0x000000000800457c                USB_EnableGlobalInt
 .text.USB_DisableGlobalInt
                0x0000000008004588        0xc ./Drivers/STM32H7xx_HAL_Driver/Src/stm32h7xx_ll_usb.o
                0x0000000008004588                USB_DisableGlobalInt
 .text.USB_SetCurrentMode
                0x0000000008004594       0x5c ./Drivers/STM32H7xx_HAL_Driver/Src/stm32h7xx_ll_usb.o
                0x0000000008004594                USB_SetCurrentMode
 .text.USB_FlushTxFifo
                0x00000000080045f0       0x4c ./Drivers/STM32H7xx_HAL_Driver/Src/stm32h7xx_ll_usb.o
                0x00000000080045f0                USB_FlushTxFifo
 .text.USB_FlushRxFifo
                0x000000000800463c       0x48 ./Drivers/STM32H7xx_HAL_Driver/Src/stm32h7xx_ll_usb.o
                0x000000000800463c                USB_FlushRxFifo
 .text.USB_SetDevSpeed
                0x0000000008004684        0xe ./Drivers/STM32H7xx_HAL_Driver/Src/stm32h7xx_ll_usb.o
                0x0000000008004684                USB_SetDevSpeed
 *fill*         0x0000000008004692        0x2 
 .text.USB_DevInit
                0x0000000008004694      0x16c ./Drivers/STM32H7xx_HAL_Driver/Src/stm32h7xx_ll_usb.o
                0x0000000008004694                USB_DevInit
 .text.USB_GetDevSpeed
                0x0000000008004800       0x16 ./Drivers/STM32H7xx_HAL_Driver/Src/stm32h7xx_ll_usb.o
                0x0000000008004800                USB_GetDevSpeed
 .text.USB_ActivateEndpoint
                0x0000000008004816       0x7c ./Drivers/STM32H7xx_HAL_Driver/Src/stm32h7xx_ll_usb.o
                0x0000000008004816                USB_ActivateEndpoint
 *fill*         0x0000000008004892        0x2 
 .text.USB_DeactivateEndpoint
                0x0000000008004894       0xac ./Drivers/STM32H7xx_HAL_Driver/Src/stm32h7xx_ll_usb.o
                0x0000000008004894                USB_DeactivateEndpoint
 .text.USB_EPStopXfer
                0x0000000008004940       0x84 ./Drivers/STM32H7xx_HAL_Driver/Src/stm32h7xx_ll_usb.o
                0x0000000008004940                USB_EPStopXfer
 .text.USB_WritePacket
                0x00000000080049c4       0x26 ./Drivers/STM32H7xx_HAL_Driver/Src/stm32h7xx_ll_usb.o
                0x00000000080049c4                USB_WritePacket
 *fill*         0x00000000080049ea        0x2 
 .text.USB_EPStartXfer
                0x00000000080049ec      0x1c8 ./Drivers/STM32H7xx_HAL_Driver/Src/stm32h7xx_ll_usb.o
                0x00000000080049ec                USB_EPStartXfer
 .text.USB_ReadPacket
                0x0000000008004bb4       0x40 ./Drivers/STM32H7xx_HAL_Driver/Src/stm32h7xx_ll_usb.o
                0x0000000008004bb4                USB_ReadPacket
 .text.USB_EPSetStall
                0x0000000008004bf4       0x56 ./Drivers/STM32H7xx_HAL_Driver/Src/stm32h7xx_ll_usb.o
                0x0000000008004bf4                USB_EPSetStall
 .text.USB_EPClearStall
                0x0000000008004c4a       0x52 ./Drivers/STM32H7xx_HAL_Driver/Src/stm32h7xx_ll_usb.o
                0x0000000008004c4a                USB_EPClearStall
 .text.USB_SetDevAddress
                0x0000000008004c9c       0x20 ./Drivers/STM32H7xx_HAL_Driver/Src/stm32h7xx_ll_usb.o
                0x0000000008004c9c                USB_SetDevAddress
 .text.USB_DevConnect
                0x0000000008004cbc       0x1c ./Drivers/STM32H7xx_HAL_Driver/Src/stm32h7xx_ll_usb.o
                0x0000000008004cbc                USB_DevConnect
 .text.USB_DevDisconnect
                0x0000000008004cd8       0x1c ./Drivers/STM32H7xx_HAL_Driver/Src/stm32h7xx_ll_usb.o
                0x0000000008004cd8                USB_DevDisconnect
 .text.USB_ReadInterrupts
                0x0000000008004cf4        0x8 ./Drivers/STM32H7xx_HAL_Driver/Src/stm32h7xx_ll_usb.o
                0x0000000008004cf4                USB_ReadInterrupts
 .text.USB_ReadDevAllOutEpInterrupt
                0x0000000008004cfc       0x10 ./Drivers/STM32H7xx_HAL_Driver/Src/stm32h7xx_ll_usb.o
                0x0000000008004cfc                USB_ReadDevAllOutEpInterrupt
 .text.USB_ReadDevAllInEpInterrupt
                0x0000000008004d0c       0x10 ./Drivers/STM32H7xx_HAL_Driver/Src/stm32h7xx_ll_usb.o
                0x0000000008004d0c                USB_ReadDevAllInEpInterrupt
 .text.USB_ReadDevOutEPInterrupt
                0x0000000008004d1c       0x12 ./Drivers/STM32H7xx_HAL_Driver/Src/stm32h7xx_ll_usb.o
                0x0000000008004d1c                USB_ReadDevOutEPInterrupt
 .text.USB_ReadDevInEPInterrupt
                0x0000000008004d2e       0x24 ./Drivers/STM32H7xx_HAL_Driver/Src/stm32h7xx_ll_usb.o
                0x0000000008004d2e                USB_ReadDevInEPInterrupt
 .text.USB_GetMode
                0x0000000008004d52        0x8 ./Drivers/STM32H7xx_HAL_Driver/Src/stm32h7xx_ll_usb.o
                0x0000000008004d52                USB_GetMode
 .text.USB_ActivateSetup
                0x0000000008004d5a       0x20 ./Drivers/STM32H7xx_HAL_Driver/Src/stm32h7xx_ll_usb.o
                0x0000000008004d5a                USB_ActivateSetup
 *fill*         0x0000000008004d7a        0x2 
 .text.USB_EP0_OutStart
                0x0000000008004d7c       0x4c ./Drivers/STM32H7xx_HAL_Driver/Src/stm32h7xx_ll_usb.o
                0x0000000008004d7c                USB_EP0_OutStart
 .text.USBD_CDC_EP0_RxReady
                0x0000000008004dc8       0x36 ./Middlewares/ST/STM32_USB_Device_Library/Class/CDC/Src/usbd_cdc.o
 *fill*         0x0000000008004dfe        0x2 
 .text.USBD_CDC_GetDeviceQualifierDescriptor
                0x0000000008004e00        0xc ./Middlewares/ST/STM32_USB_Device_Library/Class/CDC/Src/usbd_cdc.o
                0x0000000008004e00                USBD_CDC_GetDeviceQualifierDescriptor
 .text.USBD_CDC_GetFSCfgDesc
                0x0000000008004e0c       0x48 ./Middlewares/ST/STM32_USB_Device_Library/Class/CDC/Src/usbd_cdc.o
 .text.USBD_CDC_GetOtherSpeedCfgDesc
                0x0000000008004e54        0x4 ./Middlewares/ST/STM32_USB_Device_Library/Class/CDC/Src/usbd_cdc.o
 .text.USBD_CDC_GetHSCfgDesc
                0x0000000008004e58       0x48 ./Middlewares/ST/STM32_USB_Device_Library/Class/CDC/Src/usbd_cdc.o
 .text.USBD_CDC_DataOut
                0x0000000008004ea0       0x38 ./Middlewares/ST/STM32_USB_Device_Library/Class/CDC/Src/usbd_cdc.o
 .text.USBD_CDC_DataIn
                0x0000000008004ed8       0x68 ./Middlewares/ST/STM32_USB_Device_Library/Class/CDC/Src/usbd_cdc.o
 .text.USBD_CDC_Setup
                0x0000000008004f40      0x108 ./Middlewares/ST/STM32_USB_Device_Library/Class/CDC/Src/usbd_cdc.o
 .text.USBD_CDC_DeInit
                0x0000000008005048       0x5a ./Middlewares/ST/STM32_USB_Device_Library/Class/CDC/Src/usbd_cdc.o
 .text.USBD_CDC_Init
                0x00000000080050a2       0xd2 ./Middlewares/ST/STM32_USB_Device_Library/Class/CDC/Src/usbd_cdc.o
 .text.USBD_CDC_RegisterInterface
                0x0000000008005174       0x16 ./Middlewares/ST/STM32_USB_Device_Library/Class/CDC/Src/usbd_cdc.o
                0x0000000008005174                USBD_CDC_RegisterInterface
 .text.USBD_CDC_SetTxBuffer
                0x000000000800518a       0x1c ./Middlewares/ST/STM32_USB_Device_Library/Class/CDC/Src/usbd_cdc.o
                0x000000000800518a                USBD_CDC_SetTxBuffer
 .text.USBD_CDC_SetRxBuffer
                0x00000000080051a6       0x18 ./Middlewares/ST/STM32_USB_Device_Library/Class/CDC/Src/usbd_cdc.o
                0x00000000080051a6                USBD_CDC_SetRxBuffer
 .text.USBD_CDC_TransmitPacket
                0x00000000080051be       0x36 ./Middlewares/ST/STM32_USB_Device_Library/Class/CDC/Src/usbd_cdc.o
                0x00000000080051be                USBD_CDC_TransmitPacket
 .text.USBD_CDC_ReceivePacket
                0x00000000080051f4       0x34 ./Middlewares/ST/STM32_USB_Device_Library/Class/CDC/Src/usbd_cdc.o
                0x00000000080051f4                USBD_CDC_ReceivePacket
 .text.USBD_Init
                0x0000000008005228       0x26 ./Middlewares/ST/STM32_USB_Device_Library/Core/Src/usbd_core.o
                0x0000000008005228                USBD_Init
 .text.USBD_RegisterClass
                0x000000000800524e       0x32 ./Middlewares/ST/STM32_USB_Device_Library/Core/Src/usbd_core.o
                0x000000000800524e                USBD_RegisterClass
 .text.USBD_Start
                0x0000000008005280        0x4 ./Middlewares/ST/STM32_USB_Device_Library/Core/Src/usbd_core.o
                0x0000000008005280                USBD_Start
 .text.USBD_SetClassConfig
                0x0000000008005284        0xe ./Middlewares/ST/STM32_USB_Device_Library/Core/Src/usbd_core.o
                0x0000000008005284                USBD_SetClassConfig
 .text.USBD_ClrClassConfig
                0x0000000008005292       0x12 ./Middlewares/ST/STM32_USB_Device_Library/Core/Src/usbd_core.o
                0x0000000008005292                USBD_ClrClassConfig
 .text.USBD_LL_SetupStage
                0x00000000080052a4       0x60 ./Middlewares/ST/STM32_USB_Device_Library/Core/Src/usbd_core.o
                0x00000000080052a4                USBD_LL_SetupStage
 .text.USBD_LL_DataOutStage
                0x0000000008005304       0x6a ./Middlewares/ST/STM32_USB_Device_Library/Core/Src/usbd_core.o
                0x0000000008005304                USBD_LL_DataOutStage
 .text.USBD_LL_DataInStage
                0x000000000800536e       0xae ./Middlewares/ST/STM32_USB_Device_Library/Core/Src/usbd_core.o
                0x000000000800536e                USBD_LL_DataInStage
 .text.USBD_LL_Reset
                0x000000000800541c       0x5e ./Middlewares/ST/STM32_USB_Device_Library/Core/Src/usbd_core.o
                0x000000000800541c                USBD_LL_Reset
 .text.USBD_LL_SetSpeed
                0x000000000800547a        0x6 ./Middlewares/ST/STM32_USB_Device_Library/Core/Src/usbd_core.o
                0x000000000800547a                USBD_LL_SetSpeed
 .text.USBD_LL_Suspend
                0x0000000008005480       0x1c ./Middlewares/ST/STM32_USB_Device_Library/Core/Src/usbd_core.o
                0x0000000008005480                USBD_LL_Suspend
 .text.USBD_LL_Resume
                0x000000000800549c       0x16 ./Middlewares/ST/STM32_USB_Device_Library/Core/Src/usbd_core.o
                0x000000000800549c                USBD_LL_Resume
 .text.USBD_LL_SOF
                0x00000000080054b2       0x1a ./Middlewares/ST/STM32_USB_Device_Library/Core/Src/usbd_core.o
                0x00000000080054b2                USBD_LL_SOF
 .text.USBD_LL_IsoINIncomplete
                0x00000000080054cc       0x28 ./Middlewares/ST/STM32_USB_Device_Library/Core/Src/usbd_core.o
                0x00000000080054cc                USBD_LL_IsoINIncomplete
 .text.USBD_LL_IsoOUTIncomplete
                0x00000000080054f4       0x28 ./Middlewares/ST/STM32_USB_Device_Library/Core/Src/usbd_core.o
                0x00000000080054f4                USBD_LL_IsoOUTIncomplete
 .text.USBD_LL_DevConnected
                0x000000000800551c        0x4 ./Middlewares/ST/STM32_USB_Device_Library/Core/Src/usbd_core.o
                0x000000000800551c                USBD_LL_DevConnected
 .text.USBD_LL_DevDisconnected
                0x0000000008005520       0x20 ./Middlewares/ST/STM32_USB_Device_Library/Core/Src/usbd_core.o
                0x0000000008005520                USBD_LL_DevDisconnected
 .text.USBD_CoreFindIF
                0x0000000008005540        0x4 ./Middlewares/ST/STM32_USB_Device_Library/Core/Src/usbd_core.o
                0x0000000008005540                USBD_CoreFindIF
 .text.USBD_CoreFindEP
                0x0000000008005544        0x4 ./Middlewares/ST/STM32_USB_Device_Library/Core/Src/usbd_core.o
                0x0000000008005544                USBD_CoreFindEP
 .text.USBD_GetEpDesc
                0x0000000008005548       0x24 ./Middlewares/ST/STM32_USB_Device_Library/Core/Src/usbd_core.o
                0x0000000008005548                USBD_GetEpDesc
 .text.USBD_CtlError.constprop.0
                0x000000000800556c       0x16 ./Middlewares/ST/STM32_USB_Device_Library/Core/Src/usbd_ctlreq.o
 *fill*         0x0000000008005582        0x2 
 .text.USBD_StdDevReq
                0x0000000008005584      0x2ac ./Middlewares/ST/STM32_USB_Device_Library/Core/Src/usbd_ctlreq.o
                0x0000000008005584                USBD_StdDevReq
 .text.USBD_StdItfReq
                0x0000000008005830       0x5e ./Middlewares/ST/STM32_USB_Device_Library/Core/Src/usbd_ctlreq.o
                0x0000000008005830                USBD_StdItfReq
 .text.USBD_StdEPReq
                0x000000000800588e      0x140 ./Middlewares/ST/STM32_USB_Device_Library/Core/Src/usbd_ctlreq.o
                0x000000000800588e                USBD_StdEPReq
 .text.USBD_ParseSetupRequest
                0x00000000080059ce       0x16 ./Middlewares/ST/STM32_USB_Device_Library/Core/Src/usbd_ctlreq.o
                0x00000000080059ce                USBD_ParseSetupRequest
 .text.USBD_CtlError
                0x00000000080059e4       0x16 ./Middlewares/ST/STM32_USB_Device_Library/Core/Src/usbd_ctlreq.o
                0x00000000080059e4                USBD_CtlError
 .text.USBD_GetString
                0x00000000080059fa       0x38 ./Middlewares/ST/STM32_USB_Device_Library/Core/Src/usbd_ctlreq.o
                0x00000000080059fa                USBD_GetString
 .text.USBD_CtlSendData
                0x0000000008005a32       0x1a ./Middlewares/ST/STM32_USB_Device_Library/Core/Src/usbd_ioreq.o
                0x0000000008005a32                USBD_CtlSendData
 .text.USBD_CtlContinueSendData
                0x0000000008005a4c       0x10 ./Middlewares/ST/STM32_USB_Device_Library/Core/Src/usbd_ioreq.o
                0x0000000008005a4c                USBD_CtlContinueSendData
 .text.USBD_CtlPrepareRx
                0x0000000008005a5c       0x1a ./Middlewares/ST/STM32_USB_Device_Library/Core/Src/usbd_ioreq.o
                0x0000000008005a5c                USBD_CtlPrepareRx
 .text.USBD_CtlContinueRx
                0x0000000008005a76       0x10 ./Middlewares/ST/STM32_USB_Device_Library/Core/Src/usbd_ioreq.o
                0x0000000008005a76                USBD_CtlContinueRx
 .text.USBD_CtlSendStatus
                0x0000000008005a86       0x16 ./Middlewares/ST/STM32_USB_Device_Library/Core/Src/usbd_ioreq.o
                0x0000000008005a86                USBD_CtlSendStatus
 .text.USBD_CtlReceiveStatus
                0x0000000008005a9c       0x16 ./Middlewares/ST/STM32_USB_Device_Library/Core/Src/usbd_ioreq.o
                0x0000000008005a9c                USBD_CtlReceiveStatus
 *fill*         0x0000000008005ab2        0x2 
 .text.MX_USB_DEVICE_Init
                0x0000000008005ab4       0x54 ./USB_DEVICE/App/usb_device.o
                0x0000000008005ab4                MX_USB_DEVICE_Init
 .text.CDC_DeInit_FS
                0x0000000008005b08        0x4 ./USB_DEVICE/App/usbd_cdc_if.o
 .text.CDC_Control_FS
                0x0000000008005b0c        0x4 ./USB_DEVICE/App/usbd_cdc_if.o
 .text.CDC_TransmitCplt_FS
                0x0000000008005b10        0x4 ./USB_DEVICE/App/usbd_cdc_if.o
 .text.CDC_Init_FS
                0x0000000008005b14       0x28 ./USB_DEVICE/App/usbd_cdc_if.o
 .text.CDC_Transmit_FS
                0x0000000008005b3c       0x2c ./USB_DEVICE/App/usbd_cdc_if.o
                0x0000000008005b3c                CDC_Transmit_FS
 .text.CDC_Receive_FS
                0x0000000008005b68       0xe4 ./USB_DEVICE/App/usbd_cdc_if.o
 .text.USBD_FS_DeviceDescriptor
                0x0000000008005c4c        0xc ./USB_DEVICE/App/usbd_desc.o
                0x0000000008005c4c                USBD_FS_DeviceDescriptor
 .text.USBD_FS_LangIDStrDescriptor
                0x0000000008005c58        0xc ./USB_DEVICE/App/usbd_desc.o
                0x0000000008005c58                USBD_FS_LangIDStrDescriptor
 .text.IntToUnicode
                0x0000000008005c64       0x2a ./USB_DEVICE/App/usbd_desc.o
 *fill*         0x0000000008005c8e        0x2 
 .text.USBD_FS_SerialStrDescriptor
                0x0000000008005c90       0x3c ./USB_DEVICE/App/usbd_desc.o
                0x0000000008005c90                USBD_FS_SerialStrDescriptor
 .text.USBD_FS_ManufacturerStrDescriptor
                0x0000000008005ccc       0x1c ./USB_DEVICE/App/usbd_desc.o
                0x0000000008005ccc                USBD_FS_ManufacturerStrDescriptor
 .text.USBD_FS_ProductStrDescriptor
                0x0000000008005ce8       0x1c ./USB_DEVICE/App/usbd_desc.o
                0x0000000008005ce8                USBD_FS_ProductStrDescriptor
 .text.USBD_FS_ConfigStrDescriptor
                0x0000000008005d04       0x1c ./USB_DEVICE/App/usbd_desc.o
                0x0000000008005d04                USBD_FS_ConfigStrDescriptor
 .text.USBD_FS_InterfaceStrDescriptor
                0x0000000008005d20       0x1c ./USB_DEVICE/App/usbd_desc.o
                0x0000000008005d20                USBD_FS_InterfaceStrDescriptor
 .text.HAL_PCD_MspInit
                0x0000000008005d3c       0xb0 ./USB_DEVICE/Target/usbd_conf.o
                0x0000000008005d3c                HAL_PCD_MspInit
 .text.HAL_PCD_SetupStageCallback
                0x0000000008005dec        0xc ./USB_DEVICE/Target/usbd_conf.o
                0x0000000008005dec                HAL_PCD_SetupStageCallback
 .text.HAL_PCD_DataOutStageCallback
                0x0000000008005df8       0x12 ./USB_DEVICE/Target/usbd_conf.o
                0x0000000008005df8                HAL_PCD_DataOutStageCallback
 .text.HAL_PCD_DataInStageCallback
                0x0000000008005e0a       0x10 ./USB_DEVICE/Target/usbd_conf.o
                0x0000000008005e0a                HAL_PCD_DataInStageCallback
 .text.HAL_PCD_SOFCallback
                0x0000000008005e1a        0x8 ./USB_DEVICE/Target/usbd_conf.o
                0x0000000008005e1a                HAL_PCD_SOFCallback
 .text.HAL_PCD_ResetCallback
                0x0000000008005e22       0x26 ./USB_DEVICE/Target/usbd_conf.o
                0x0000000008005e22                HAL_PCD_ResetCallback
 .text.HAL_PCD_SuspendCallback
                0x0000000008005e48       0x30 ./USB_DEVICE/Target/usbd_conf.o
                0x0000000008005e48                HAL_PCD_SuspendCallback
 .text.HAL_PCD_ResumeCallback
                0x0000000008005e78        0x8 ./USB_DEVICE/Target/usbd_conf.o
                0x0000000008005e78                HAL_PCD_ResumeCallback
 .text.HAL_PCD_ISOOUTIncompleteCallback
                0x0000000008005e80        0x8 ./USB_DEVICE/Target/usbd_conf.o
                0x0000000008005e80                HAL_PCD_ISOOUTIncompleteCallback
 .text.HAL_PCD_ISOINIncompleteCallback
                0x0000000008005e88        0x8 ./USB_DEVICE/Target/usbd_conf.o
                0x0000000008005e88                HAL_PCD_ISOINIncompleteCallback
 .text.HAL_PCD_ConnectCallback
                0x0000000008005e90        0x8 ./USB_DEVICE/Target/usbd_conf.o
                0x0000000008005e90                HAL_PCD_ConnectCallback
 .text.HAL_PCD_DisconnectCallback
                0x0000000008005e98        0x8 ./USB_DEVICE/Target/usbd_conf.o
                0x0000000008005e98                HAL_PCD_DisconnectCallback
 .text.USBD_LL_Init
                0x0000000008005ea0       0x60 ./USB_DEVICE/Target/usbd_conf.o
                0x0000000008005ea0                USBD_LL_Init
 .text.USBD_LL_IsStallEP
                0x0000000008005f00       0x26 ./USB_DEVICE/Target/usbd_conf.o
                0x0000000008005f00                USBD_LL_IsStallEP
 .text.USBD_LL_GetRxDataSize
                0x0000000008005f26        0x8 ./USB_DEVICE/Target/usbd_conf.o
                0x0000000008005f26                USBD_LL_GetRxDataSize
 *fill*         0x0000000008005f2e        0x2 
 .text.USBD_static_malloc
                0x0000000008005f30        0x8 ./USB_DEVICE/Target/usbd_conf.o
                0x0000000008005f30                USBD_static_malloc
 .text.USBD_static_free
                0x0000000008005f38        0x2 ./USB_DEVICE/Target/usbd_conf.o
                0x0000000008005f38                USBD_static_free
 *fill*         0x0000000008005f3a        0x2 
 .text.USBD_Get_USB_Status
                0x0000000008005f3c       0x10 ./USB_DEVICE/Target/usbd_conf.o
                0x0000000008005f3c                USBD_Get_USB_Status
 .text.USBD_LL_Start
                0x0000000008005f4c       0x12 ./USB_DEVICE/Target/usbd_conf.o
                0x0000000008005f4c                USBD_LL_Start
 .text.USBD_LL_OpenEP
                0x0000000008005f5e       0x18 ./USB_DEVICE/Target/usbd_conf.o
                0x0000000008005f5e                USBD_LL_OpenEP
 .text.USBD_LL_CloseEP
                0x0000000008005f76       0x12 ./USB_DEVICE/Target/usbd_conf.o
                0x0000000008005f76                USBD_LL_CloseEP
 .text.USBD_LL_StallEP
                0x0000000008005f88       0x12 ./USB_DEVICE/Target/usbd_conf.o
                0x0000000008005f88                USBD_LL_StallEP
 .text.USBD_LL_ClearStallEP
                0x0000000008005f9a       0x12 ./USB_DEVICE/Target/usbd_conf.o
                0x0000000008005f9a                USBD_LL_ClearStallEP
 .text.USBD_LL_SetUSBAddress
                0x0000000008005fac       0x12 ./USB_DEVICE/Target/usbd_conf.o
                0x0000000008005fac                USBD_LL_SetUSBAddress
 .text.USBD_LL_Transmit
                0x0000000008005fbe       0x12 ./USB_DEVICE/Target/usbd_conf.o
                0x0000000008005fbe                USBD_LL_Transmit
 .text.USBD_LL_PrepareReceive
                0x0000000008005fd0       0x12 ./USB_DEVICE/Target/usbd_conf.o
                0x0000000008005fd0                USBD_LL_PrepareReceive
 .text.ecp_mul_set
                0x0000000008005fe2       0x60 ./myIncludes/curve25519-master/source/curve25519_mehdi.o
 .text.ecp_mul_add
                0x0000000008006042       0x92 ./myIncludes/curve25519-master/source/curve25519_mehdi.o
 .text.ecp_SetValue
                0x00000000080060d4       0x14 ./myIncludes/curve25519-master/source/curve25519_mehdi.o
                0x00000000080060d4                ecp_SetValue
 .text.ecp_Copy
                0x00000000080060e8       0x12 ./myIncludes/curve25519-master/source/curve25519_mehdi.o
                0x00000000080060e8                ecp_Copy
 .text.ecp_CmpNE
                0x00000000080060fa       0x42 ./myIncludes/curve25519-master/source/curve25519_mehdi.o
                0x00000000080060fa                ecp_CmpNE
 .text.ecp_Add  0x000000000800613c       0x8e ./myIncludes/curve25519-master/source/curve25519_mehdi.o
                0x000000000800613c                ecp_Add
 .text.ecp_Sub  0x00000000080061ca       0x90 ./myIncludes/curve25519-master/source/curve25519_mehdi.o
                0x00000000080061ca                ecp_Sub
 .text.ecp_CmpLT
                0x000000000800625a       0x14 ./myIncludes/curve25519-master/source/curve25519_mehdi.o
                0x000000000800625a                ecp_CmpLT
 .text.ecp_AddReduce
                0x000000000800626e       0xa0 ./myIncludes/curve25519-master/source/curve25519_mehdi.o
                0x000000000800626e                ecp_AddReduce
 .text.ecp_SubReduce
                0x000000000800630e       0xca ./myIncludes/curve25519-master/source/curve25519_mehdi.o
                0x000000000800630e                ecp_SubReduce
 .text.ecp_Mod  0x00000000080063d8       0x64 ./myIncludes/curve25519-master/source/curve25519_mehdi.o
                0x00000000080063d8                ecp_Mod
 .text.ecp_WordMulAddReduce
                0x000000000800643c      0x134 ./myIncludes/curve25519-master/source/curve25519_mehdi.o
                0x000000000800643c                ecp_WordMulAddReduce
 .text.ecp_MulReduce
                0x0000000008006570       0x68 ./myIncludes/curve25519-master/source/curve25519_mehdi.o
                0x0000000008006570                ecp_MulReduce
 .text.ecp_SqrReduce
                0x00000000080065d8       0x68 ./myIncludes/curve25519-master/source/curve25519_mehdi.o
                0x00000000080065d8                ecp_SqrReduce
 .text.ecp_MulMod
                0x0000000008006640       0x12 ./myIncludes/curve25519-master/source/curve25519_mehdi.o
                0x0000000008006640                ecp_MulMod
 .text.ecp_Inverse
                0x0000000008006652      0x1cc ./myIncludes/curve25519-master/source/curve25519_mehdi.o
                0x0000000008006652                ecp_Inverse
 *fill*         0x000000000800681e        0x2 
 .text.eco_ReduceHiWord
                0x0000000008006820       0x74 ./myIncludes/curve25519-master/source/curve25519_order.o
                0x0000000008006820                eco_ReduceHiWord
 .text.eco_Mod  0x0000000008006894       0x2c ./myIncludes/curve25519-master/source/curve25519_order.o
                0x0000000008006894                eco_Mod
 .text.eco_DigestToWords
                0x00000000080068c0       0x6c ./myIncludes/curve25519-master/source/curve25519_order.o
                0x00000000080068c0                eco_DigestToWords
 .text.ecp_BytesToWords
                0x000000000800692c       0x34 ./myIncludes/curve25519-master/source/curve25519_utils.o
                0x000000000800692c                ecp_BytesToWords
 .text.ecp_EncodeInt
                0x0000000008006960       0x4c ./myIncludes/curve25519-master/source/curve25519_utils.o
                0x0000000008006960                ecp_EncodeInt
 .text.ecp_DecodeInt
                0x00000000080069ac       0x58 ./myIncludes/curve25519-master/source/curve25519_utils.o
                0x00000000080069ac                ecp_DecodeInt
 .text.ecp_4Folds
                0x0000000008006a04       0x48 ./myIncludes/curve25519-master/source/curve25519_utils.o
                0x0000000008006a04                ecp_4Folds
 .text.ecp_8Folds
                0x0000000008006a4c       0x2e ./myIncludes/curve25519-master/source/curve25519_utils.o
                0x0000000008006a4c                ecp_8Folds
 .text.edp_AddAffinePoint
                0x0000000008006a7a       0xa8 ./myIncludes/curve25519-master/source/ed25519_sign.o
                0x0000000008006a7a                edp_AddAffinePoint
 *fill*         0x0000000008006b22        0x2 
 .text.edp_DoublePoint
                0x0000000008006b24       0xa8 ./myIncludes/curve25519-master/source/ed25519_sign.o
                0x0000000008006b24                edp_DoublePoint
 .text.edp_ExtPoint2PE
                0x0000000008006bcc       0x44 ./myIncludes/curve25519-master/source/ed25519_sign.o
                0x0000000008006bcc                edp_ExtPoint2PE
 .text.ecp_SrqMulReduce
                0x0000000008006c10       0x2e ./myIncludes/curve25519-master/source/ed25519_verify.o
                0x0000000008006c10                ecp_SrqMulReduce
 .text.ecp_ModExp2523
                0x0000000008006c3e       0xa8 ./myIncludes/curve25519-master/source/ed25519_verify.o
                0x0000000008006c3e                ecp_ModExp2523
 *fill*         0x0000000008006ce6        0x2 
 .text.ed25519_CalculateX
                0x0000000008006ce8       0xe4 ./myIncludes/curve25519-master/source/ed25519_verify.o
                0x0000000008006ce8                ed25519_CalculateX
 .text.edp_AddPoint
                0x0000000008006dcc       0xae ./myIncludes/curve25519-master/source/ed25519_verify.o
                0x0000000008006dcc                edp_AddPoint
 .text.ed25519_Verify_Init
                0x0000000008006e7a      0x1c2 ./myIncludes/curve25519-master/source/ed25519_verify.o
                0x0000000008006e7a                ed25519_Verify_Init
 .text.ed25519_Verify_Check
                0x000000000800703c      0x13c ./myIncludes/curve25519-master/source/ed25519_verify.o
                0x000000000800703c                ed25519_Verify_Check
 .text.ed25519_VerifySignature
                0x0000000008007178       0x24 ./myIncludes/curve25519-master/source/ed25519_verify.o
                0x0000000008007178                ed25519_VerifySignature
 *fill*         0x000000000800719c        0x4 
 .text.SHA512_Init
                0x00000000080071a0       0xa8 ./myIncludes/curve25519-master/source/sha512.o
                0x00000000080071a0                SHA512_Init
 .text.SHA512_Transform
                0x0000000008007248     0x2b00 ./myIncludes/curve25519-master/source/sha512.o
                0x0000000008007248                SHA512_Transform
 .text.SHA512_Final
                0x0000000008009d48       0xf0 ./myIncludes/curve25519-master/source/sha512.o
                0x0000000008009d48                SHA512_Final
 .text.SHA512_Update
                0x0000000008009e38       0xb2 ./myIncludes/curve25519-master/source/sha512.o
                0x0000000008009e38                SHA512_Update
 *fill*         0x0000000008009eea        0x2 
 .text.keccak_inc_reset
                0x0000000008009eec       0x18 ./myIncludes/myliboqs/common/sha3/xkcp_sha3.o
 .text.keccak_inc_absorb
                0x0000000008009f04       0x9c ./myIncludes/myliboqs/common/sha3/xkcp_sha3.o
 .text.keccak_inc_finalize
                0x0000000008009fa0       0x2c ./myIncludes/myliboqs/common/sha3/xkcp_sha3.o
 .text.keccak_inc_squeeze
                0x0000000008009fcc       0x6c ./myIncludes/myliboqs/common/sha3/xkcp_sha3.o
 .text.Keccak_Dispatch
                0x000000000800a038       0x4c ./myIncludes/myliboqs/common/sha3/xkcp_sha3.o
 .text.OQS_SHA3_shake128_inc_init
                0x000000000800a084       0x1e ./myIncludes/myliboqs/common/sha3/xkcp_sha3.o
                0x000000000800a084                OQS_SHA3_shake128_inc_init
 .text.OQS_SHA3_shake128_inc_absorb
                0x000000000800a0a2        0xc ./myIncludes/myliboqs/common/sha3/xkcp_sha3.o
                0x000000000800a0a2                OQS_SHA3_shake128_inc_absorb
 .text.OQS_SHA3_shake128_inc_finalize
                0x000000000800a0ae        0xa ./myIncludes/myliboqs/common/sha3/xkcp_sha3.o
                0x000000000800a0ae                OQS_SHA3_shake128_inc_finalize
 .text.OQS_SHA3_shake128_inc_squeeze
                0x000000000800a0b8        0x8 ./myIncludes/myliboqs/common/sha3/xkcp_sha3.o
                0x000000000800a0b8                OQS_SHA3_shake128_inc_squeeze
 .text.OQS_SHA3_shake128_inc_ctx_release
                0x000000000800a0c0        0x6 ./myIncludes/myliboqs/common/sha3/xkcp_sha3.o
                0x000000000800a0c0                OQS_SHA3_shake128_inc_ctx_release
 .text.OQS_SHA3_shake256_inc_init
                0x000000000800a0c6       0x1e ./myIncludes/myliboqs/common/sha3/xkcp_sha3.o
                0x000000000800a0c6                OQS_SHA3_shake256_inc_init
 .text.OQS_SHA3_shake256_inc_absorb
                0x000000000800a0e4        0xc ./myIncludes/myliboqs/common/sha3/xkcp_sha3.o
                0x000000000800a0e4                OQS_SHA3_shake256_inc_absorb
 .text.OQS_SHA3_shake256_inc_finalize
                0x000000000800a0f0        0xa ./myIncludes/myliboqs/common/sha3/xkcp_sha3.o
                0x000000000800a0f0                OQS_SHA3_shake256_inc_finalize
 .text.OQS_SHA3_shake256_inc_squeeze
                0x000000000800a0fa        0x8 ./myIncludes/myliboqs/common/sha3/xkcp_sha3.o
                0x000000000800a0fa                OQS_SHA3_shake256_inc_squeeze
 .text.OQS_SHA3_shake256_inc_ctx_release
                0x000000000800a102        0x6 ./myIncludes/myliboqs/common/sha3/xkcp_sha3.o
                0x000000000800a102                OQS_SHA3_shake256_inc_ctx_release
 .text.OQS_SHA3_shake256
                0x000000000800a108       0x36 ./myIncludes/myliboqs/common/sha3/xkcp_sha3.o
                0x000000000800a108                OQS_SHA3_shake256
 .text.OQS_SHA3_shake256_inc_ctx_reset
                0x000000000800a13e        0x6 ./myIncludes/myliboqs/common/sha3/xkcp_sha3.o
                0x000000000800a13e                OQS_SHA3_shake256_inc_ctx_reset
 .text.KeccakP1600_Initialize
                0x000000000800a144       0x2e ./myIncludes/myliboqs/common/sha3/xkcp_low/KeccakP-1600/plain-64bits/KeccakP-1600-opt64.o
                0x000000000800a144                KeccakP1600_Initialize
 .text.KeccakP1600_AddBytesInLane
                0x000000000800a172       0x6a ./myIncludes/myliboqs/common/sha3/xkcp_low/KeccakP-1600/plain-64bits/KeccakP-1600-opt64.o
                0x000000000800a172                KeccakP1600_AddBytesInLane
 .text.KeccakP1600_AddLanes
                0x000000000800a1dc      0x170 ./myIncludes/myliboqs/common/sha3/xkcp_low/KeccakP-1600/plain-64bits/KeccakP-1600-opt64.o
                0x000000000800a1dc                KeccakP1600_AddLanes
 .text.KeccakP1600_AddByte
                0x000000000800a34c        0x8 ./myIncludes/myliboqs/common/sha3/xkcp_low/KeccakP-1600/plain-64bits/KeccakP-1600-opt64.o
                0x000000000800a34c                KeccakP1600_AddByte
 .text.KeccakP1600_AddBytes
                0x000000000800a354       0x62 ./myIncludes/myliboqs/common/sha3/xkcp_low/KeccakP-1600/plain-64bits/KeccakP-1600-opt64.o
                0x000000000800a354                KeccakP1600_AddBytes
 .text.KeccakP1600_Permute_24rounds
                0x000000000800a3b6     0x9458 ./myIncludes/myliboqs/common/sha3/xkcp_low/KeccakP-1600/plain-64bits/KeccakP-1600-opt64.o
                0x000000000800a3b6                KeccakP1600_Permute_24rounds
 *fill*         0x000000000801380e        0x2 
 .text.KeccakP1600_ExtractBytesInLane
                0x0000000008013810       0x38 ./myIncludes/myliboqs/common/sha3/xkcp_low/KeccakP-1600/plain-64bits/KeccakP-1600-opt64.o
                0x0000000008013810                KeccakP1600_ExtractBytesInLane
 .text.KeccakP1600_ExtractLanes
                0x0000000008013848       0x9a ./myIncludes/myliboqs/common/sha3/xkcp_low/KeccakP-1600/plain-64bits/KeccakP-1600-opt64.o
                0x0000000008013848                KeccakP1600_ExtractLanes
 .text.KeccakP1600_ExtractBytes
                0x00000000080138e2       0x62 ./myIncludes/myliboqs/common/sha3/xkcp_low/KeccakP-1600/plain-64bits/KeccakP-1600-opt64.o
                0x00000000080138e2                KeccakP1600_ExtractBytes
 .text.OQS_MEM_insecure_free
                0x0000000008013944        0x4 ./myIncludes/myliboqs/src/common.o
                0x0000000008013944                OQS_MEM_insecure_free
 .text.OQS_MEM_aligned_alloc
                0x0000000008013948       0x46 ./myIncludes/myliboqs/src/common.o
                0x0000000008013948                OQS_MEM_aligned_alloc
 .text.OQS_MEM_aligned_free
                0x000000000801398e        0xe ./myIncludes/myliboqs/src/common.o
                0x000000000801398e                OQS_MEM_aligned_free
 .text.pqcrystals_dilithium5_ref_ntt
                0x000000000801399c       0x74 ./myIncludes/myliboqs/src/ntt.o
                0x000000000801399c                pqcrystals_dilithium5_ref_ntt
 .text.pqcrystals_dilithium5_ref_invntt_tomont
                0x0000000008013a10       0xac ./myIncludes/myliboqs/src/ntt.o
                0x0000000008013a10                pqcrystals_dilithium5_ref_invntt_tomont
 .text.pqcrystals_dilithium5_ref_unpack_pk
                0x0000000008013abc       0x36 ./myIncludes/myliboqs/src/packing.o
                0x0000000008013abc                pqcrystals_dilithium5_ref_unpack_pk
 .text.pqcrystals_dilithium5_ref_unpack_sig
                0x0000000008013af2       0xb8 ./myIncludes/myliboqs/src/packing.o
                0x0000000008013af2                pqcrystals_dilithium5_ref_unpack_sig
 *fill*         0x0000000008013baa        0x2 
 .text.rej_uniform
                0x0000000008013bac       0x40 ./myIncludes/myliboqs/src/poly.o
 .text.pqcrystals_dilithium5_ref_poly_reduce
                0x0000000008013bec       0x18 ./myIncludes/myliboqs/src/poly.o
                0x0000000008013bec                pqcrystals_dilithium5_ref_poly_reduce
 .text.pqcrystals_dilithium5_ref_poly_caddq
                0x0000000008013c04       0x18 ./myIncludes/myliboqs/src/poly.o
                0x0000000008013c04                pqcrystals_dilithium5_ref_poly_caddq
 .text.pqcrystals_dilithium5_ref_poly_add
                0x0000000008013c1c       0x1c ./myIncludes/myliboqs/src/poly.o
                0x0000000008013c1c                pqcrystals_dilithium5_ref_poly_add
 .text.pqcrystals_dilithium5_ref_poly_sub
                0x0000000008013c38       0x1c ./myIncludes/myliboqs/src/poly.o
                0x0000000008013c38                pqcrystals_dilithium5_ref_poly_sub
 .text.pqcrystals_dilithium5_ref_poly_shiftl
                0x0000000008013c54       0x14 ./myIncludes/myliboqs/src/poly.o
                0x0000000008013c54                pqcrystals_dilithium5_ref_poly_shiftl
 .text.pqcrystals_dilithium5_ref_poly_ntt
                0x0000000008013c68        0x4 ./myIncludes/myliboqs/src/poly.o
                0x0000000008013c68                pqcrystals_dilithium5_ref_poly_ntt
 .text.pqcrystals_dilithium5_ref_poly_invntt_tomont
                0x0000000008013c6c        0x4 ./myIncludes/myliboqs/src/poly.o
                0x0000000008013c6c                pqcrystals_dilithium5_ref_poly_invntt_tomont
 .text.pqcrystals_dilithium5_ref_poly_pointwise_montgomery
                0x0000000008013c70       0x28 ./myIncludes/myliboqs/src/poly.o
                0x0000000008013c70                pqcrystals_dilithium5_ref_poly_pointwise_montgomery
 .text.pqcrystals_dilithium5_ref_poly_use_hint
                0x0000000008013c98       0x24 ./myIncludes/myliboqs/src/poly.o
                0x0000000008013c98                pqcrystals_dilithium5_ref_poly_use_hint
 .text.pqcrystals_dilithium5_ref_poly_chknorm
                0x0000000008013cbc       0x30 ./myIncludes/myliboqs/src/poly.o
                0x0000000008013cbc                pqcrystals_dilithium5_ref_poly_chknorm
 .text.pqcrystals_dilithium5_ref_poly_uniform
                0x0000000008013cec       0x84 ./myIncludes/myliboqs/src/poly.o
                0x0000000008013cec                pqcrystals_dilithium5_ref_poly_uniform
 .text.pqcrystals_dilithium5_ref_poly_challenge
                0x0000000008013d70       0xb8 ./myIncludes/myliboqs/src/poly.o
                0x0000000008013d70                pqcrystals_dilithium5_ref_poly_challenge
 .text.pqcrystals_dilithium5_ref_polyt1_unpack
                0x0000000008013e28       0x62 ./myIncludes/myliboqs/src/poly.o
                0x0000000008013e28                pqcrystals_dilithium5_ref_polyt1_unpack
 .text.pqcrystals_dilithium5_ref_polyz_unpack
                0x0000000008013e8a       0x60 ./myIncludes/myliboqs/src/poly.o
                0x0000000008013e8a                pqcrystals_dilithium5_ref_polyz_unpack
 .text.pqcrystals_dilithium5_ref_polyw1_pack
                0x0000000008013eea       0x1c ./myIncludes/myliboqs/src/poly.o
                0x0000000008013eea                pqcrystals_dilithium5_ref_polyw1_pack
 .text.pqcrystals_dilithium5_ref_polyvec_matrix_expand
                0x0000000008013f06       0x36 ./myIncludes/myliboqs/src/polyvec.o
                0x0000000008013f06                pqcrystals_dilithium5_ref_polyvec_matrix_expand
 .text.pqcrystals_dilithium5_ref_polyvecl_ntt
                0x0000000008013f3c       0x18 ./myIncludes/myliboqs/src/polyvec.o
                0x0000000008013f3c                pqcrystals_dilithium5_ref_polyvecl_ntt
 .text.pqcrystals_dilithium5_ref_polyvecl_pointwise_acc_montgomery
                0x0000000008013f54       0x38 ./myIncludes/myliboqs/src/polyvec.o
                0x0000000008013f54                pqcrystals_dilithium5_ref_polyvecl_pointwise_acc_montgomery
 .text.pqcrystals_dilithium5_ref_polyvec_matrix_pointwise_montgomery
                0x0000000008013f8c       0x24 ./myIncludes/myliboqs/src/polyvec.o
                0x0000000008013f8c                pqcrystals_dilithium5_ref_polyvec_matrix_pointwise_montgomery
 .text.pqcrystals_dilithium5_ref_polyvecl_chknorm
                0x0000000008013fb0       0x22 ./myIncludes/myliboqs/src/polyvec.o
                0x0000000008013fb0                pqcrystals_dilithium5_ref_polyvecl_chknorm
 .text.pqcrystals_dilithium5_ref_polyveck_reduce
                0x0000000008013fd2       0x18 ./myIncludes/myliboqs/src/polyvec.o
                0x0000000008013fd2                pqcrystals_dilithium5_ref_polyveck_reduce
 .text.pqcrystals_dilithium5_ref_polyveck_caddq
                0x0000000008013fea       0x18 ./myIncludes/myliboqs/src/polyvec.o
                0x0000000008013fea                pqcrystals_dilithium5_ref_polyveck_caddq
 .text.pqcrystals_dilithium5_ref_polyveck_sub
                0x0000000008014002       0x20 ./myIncludes/myliboqs/src/polyvec.o
                0x0000000008014002                pqcrystals_dilithium5_ref_polyveck_sub
 .text.pqcrystals_dilithium5_ref_polyveck_shiftl
                0x0000000008014022       0x18 ./myIncludes/myliboqs/src/polyvec.o
                0x0000000008014022                pqcrystals_dilithium5_ref_polyveck_shiftl
 .text.pqcrystals_dilithium5_ref_polyveck_ntt
                0x000000000801403a       0x18 ./myIncludes/myliboqs/src/polyvec.o
                0x000000000801403a                pqcrystals_dilithium5_ref_polyveck_ntt
 .text.pqcrystals_dilithium5_ref_polyveck_invntt_tomont
                0x0000000008014052       0x18 ./myIncludes/myliboqs/src/polyvec.o
                0x0000000008014052                pqcrystals_dilithium5_ref_polyveck_invntt_tomont
 .text.pqcrystals_dilithium5_ref_polyveck_pointwise_poly_montgomery
                0x000000000801406a       0x20 ./myIncludes/myliboqs/src/polyvec.o
                0x000000000801406a                pqcrystals_dilithium5_ref_polyveck_pointwise_poly_montgomery
 .text.pqcrystals_dilithium5_ref_polyveck_use_hint
                0x000000000801408a       0x20 ./myIncludes/myliboqs/src/polyvec.o
                0x000000000801408a                pqcrystals_dilithium5_ref_polyveck_use_hint
 .text.pqcrystals_dilithium5_ref_polyveck_pack_w1
                0x00000000080140aa       0x1e ./myIncludes/myliboqs/src/polyvec.o
                0x00000000080140aa                pqcrystals_dilithium5_ref_polyveck_pack_w1
 .text.pqcrystals_dilithium5_ref_montgomery_reduce
                0x00000000080140c8       0x1c ./myIncludes/myliboqs/src/reduce.o
                0x00000000080140c8                pqcrystals_dilithium5_ref_montgomery_reduce
 .text.pqcrystals_dilithium5_ref_reduce32
                0x00000000080140e4       0x14 ./myIncludes/myliboqs/src/reduce.o
                0x00000000080140e4                pqcrystals_dilithium5_ref_reduce32
 .text.pqcrystals_dilithium5_ref_caddq
                0x00000000080140f8       0x10 ./myIncludes/myliboqs/src/reduce.o
                0x00000000080140f8                pqcrystals_dilithium5_ref_caddq
 .text.pqcrystals_dilithium5_ref_decompose
                0x0000000008014108       0x38 ./myIncludes/myliboqs/src/rounding.o
                0x0000000008014108                pqcrystals_dilithium5_ref_decompose
 .text.pqcrystals_dilithium5_ref_use_hint
                0x0000000008014140       0x22 ./myIncludes/myliboqs/src/rounding.o
                0x0000000008014140                pqcrystals_dilithium5_ref_use_hint
 *fill*         0x0000000008014162        0x2 
 .text.pqcrystals_dilithium5_ref_verify
                0x0000000008014164      0x1a0 ./myIncludes/myliboqs/src/sign.o
                0x0000000008014164                pqcrystals_dilithium5_ref_verify
 .text.pqcrystals_dilithium5_ref_dilithium_shake128_stream_init
                0x0000000008014304       0x32 ./myIncludes/myliboqs/src/symmetric-shake.o
                0x0000000008014304                pqcrystals_dilithium5_ref_dilithium_shake128_stream_init
 *fill*         0x0000000008014336        0x2 
 .text.__errno  0x0000000008014338        0xc c:/st/stm32cubeide_1.12.0/stm32cubeide/plugins/com.st.stm32cube.ide.mcu.externaltools.gnu-tools-for-stm32.10.3-2021.10.win32_1.0.200.202301161003/tools/bin/../lib/gcc/arm-none-eabi/10.3.1/../../../../arm-none-eabi/lib/thumb/v7e-m+dp/hard\libc_nano.a(lib_a-errno.o)
                0x0000000008014338                __errno
 .text.exit     0x0000000008014344       0x28 c:/st/stm32cubeide_1.12.0/stm32cubeide/plugins/com.st.stm32cube.ide.mcu.externaltools.gnu-tools-for-stm32.10.3-2021.10.win32_1.0.200.202301161003/tools/bin/../lib/gcc/arm-none-eabi/10.3.1/../../../../arm-none-eabi/lib/thumb/v7e-m+dp/hard\libc_nano.a(lib_a-exit.o)
                0x0000000008014344                exit
 .text.__libc_init_array
                0x000000000801436c       0x48 c:/st/stm32cubeide_1.12.0/stm32cubeide/plugins/com.st.stm32cube.ide.mcu.externaltools.gnu-tools-for-stm32.10.3-2021.10.win32_1.0.200.202301161003/tools/bin/../lib/gcc/arm-none-eabi/10.3.1/../../../../arm-none-eabi/lib/thumb/v7e-m+dp/hard\libc_nano.a(lib_a-init.o)
                0x000000000801436c                __libc_init_array
 .text.__itoa   0x00000000080143b4       0x30 c:/st/stm32cubeide_1.12.0/stm32cubeide/plugins/com.st.stm32cube.ide.mcu.externaltools.gnu-tools-for-stm32.10.3-2021.10.win32_1.0.200.202301161003/tools/bin/../lib/gcc/arm-none-eabi/10.3.1/../../../../arm-none-eabi/lib/thumb/v7e-m+dp/hard\libc_nano.a(lib_a-itoa.o)
                0x00000000080143b4                __itoa
 .text.itoa     0x00000000080143e4        0x4 c:/st/stm32cubeide_1.12.0/stm32cubeide/plugins/com.st.stm32cube.ide.mcu.externaltools.gnu-tools-for-stm32.10.3-2021.10.win32_1.0.200.202301161003/tools/bin/../lib/gcc/arm-none-eabi/10.3.1/../../../../arm-none-eabi/lib/thumb/v7e-m+dp/hard\libc_nano.a(lib_a-itoa.o)
                0x00000000080143e4                itoa
 .text.malloc   0x00000000080143e8       0x10 c:/st/stm32cubeide_1.12.0/stm32cubeide/plugins/com.st.stm32cube.ide.mcu.externaltools.gnu-tools-for-stm32.10.3-2021.10.win32_1.0.200.202301161003/tools/bin/../lib/gcc/arm-none-eabi/10.3.1/../../../../arm-none-eabi/lib/thumb/v7e-m+dp/hard\libc_nano.a(lib_a-malloc.o)
                0x00000000080143e8                malloc
 .text.free     0x00000000080143f8       0x10 c:/st/stm32cubeide_1.12.0/stm32cubeide/plugins/com.st.stm32cube.ide.mcu.externaltools.gnu-tools-for-stm32.10.3-2021.10.win32_1.0.200.202301161003/tools/bin/../lib/gcc/arm-none-eabi/10.3.1/../../../../arm-none-eabi/lib/thumb/v7e-m+dp/hard\libc_nano.a(lib_a-malloc.o)
                0x00000000080143f8                free
 .text.memcmp   0x0000000008014408       0x20 c:/st/stm32cubeide_1.12.0/stm32cubeide/plugins/com.st.stm32cube.ide.mcu.externaltools.gnu-tools-for-stm32.10.3-2021.10.win32_1.0.200.202301161003/tools/bin/../lib/gcc/arm-none-eabi/10.3.1/../../../../arm-none-eabi/lib/thumb/v7e-m+dp/hard\libc_nano.a(lib_a-memcmp.o)
                0x0000000008014408                memcmp
 .text.memcpy   0x0000000008014428       0x1c c:/st/stm32cubeide_1.12.0/stm32cubeide/plugins/com.st.stm32cube.ide.mcu.externaltools.gnu-tools-for-stm32.10.3-2021.10.win32_1.0.200.202301161003/tools/bin/../lib/gcc/arm-none-eabi/10.3.1/../../../../arm-none-eabi/lib/thumb/v7e-m+dp/hard\libc_nano.a(lib_a-memcpy-stub.o)
                0x0000000008014428                memcpy
 .text.memset   0x0000000008014444       0x10 c:/st/stm32cubeide_1.12.0/stm32cubeide/plugins/com.st.stm32cube.ide.mcu.externaltools.gnu-tools-for-stm32.10.3-2021.10.win32_1.0.200.202301161003/tools/bin/../lib/gcc/arm-none-eabi/10.3.1/../../../../arm-none-eabi/lib/thumb/v7e-m+dp/hard\libc_nano.a(lib_a-memset.o)
                0x0000000008014444                memset
 .text._free_r  0x0000000008014454       0x98 c:/st/stm32cubeide_1.12.0/stm32cubeide/plugins/com.st.stm32cube.ide.mcu.externaltools.gnu-tools-for-stm32.10.3-2021.10.win32_1.0.200.202301161003/tools/bin/../lib/gcc/arm-none-eabi/10.3.1/../../../../arm-none-eabi/lib/thumb/v7e-m+dp/hard\libc_nano.a(lib_a-nano-freer.o)
                0x0000000008014454                _free_r
 .text.sbrk_aligned
                0x00000000080144ec       0x40 c:/st/stm32cubeide_1.12.0/stm32cubeide/plugins/com.st.stm32cube.ide.mcu.externaltools.gnu-tools-for-stm32.10.3-2021.10.win32_1.0.200.202301161003/tools/bin/../lib/gcc/arm-none-eabi/10.3.1/../../../../arm-none-eabi/lib/thumb/v7e-m+dp/hard\libc_nano.a(lib_a-nano-mallocr.o)
 .text._malloc_r
                0x000000000801452c       0xe8 c:/st/stm32cubeide_1.12.0/stm32cubeide/plugins/com.st.stm32cube.ide.mcu.externaltools.gnu-tools-for-stm32.10.3-2021.10.win32_1.0.200.202301161003/tools/bin/../lib/gcc/arm-none-eabi/10.3.1/../../../../arm-none-eabi/lib/thumb/v7e-m+dp/hard\libc_nano.a(lib_a-nano-mallocr.o)
                0x000000000801452c                _malloc_r
 .text._sbrk_r  0x0000000008014614       0x20 c:/st/stm32cubeide_1.12.0/stm32cubeide/plugins/com.st.stm32cube.ide.mcu.externaltools.gnu-tools-for-stm32.10.3-2021.10.win32_1.0.200.202301161003/tools/bin/../lib/gcc/arm-none-eabi/10.3.1/../../../../arm-none-eabi/lib/thumb/v7e-m+dp/hard\libc_nano.a(lib_a-sbrkr.o)
                0x0000000008014614                _sbrk_r
 .text.sprintf  0x0000000008014634       0x40 c:/st/stm32cubeide_1.12.0/stm32cubeide/plugins/com.st.stm32cube.ide.mcu.externaltools.gnu-tools-for-stm32.10.3-2021.10.win32_1.0.200.202301161003/tools/bin/../lib/gcc/arm-none-eabi/10.3.1/../../../../arm-none-eabi/lib/thumb/v7e-m+dp/hard\libc_nano.a(lib_a-sprintf.o)
                0x0000000008014634                siprintf
                0x0000000008014634                sprintf
 .text.__utoa   0x0000000008014674       0x84 c:/st/stm32cubeide_1.12.0/stm32cubeide/plugins/com.st.stm32cube.ide.mcu.externaltools.gnu-tools-for-stm32.10.3-2021.10.win32_1.0.200.202301161003/tools/bin/../lib/gcc/arm-none-eabi/10.3.1/../../../../arm-none-eabi/lib/thumb/v7e-m+dp/hard\libc_nano.a(lib_a-utoa.o)
                0x0000000008014674                __utoa
 .text.__malloc_lock
                0x00000000080146f8        0xc c:/st/stm32cubeide_1.12.0/stm32cubeide/plugins/com.st.stm32cube.ide.mcu.externaltools.gnu-tools-for-stm32.10.3-2021.10.win32_1.0.200.202301161003/tools/bin/../lib/gcc/arm-none-eabi/10.3.1/../../../../arm-none-eabi/lib/thumb/v7e-m+dp/hard\libc_nano.a(lib_a-mlock.o)
                0x00000000080146f8                __malloc_lock
 .text.__malloc_unlock
                0x0000000008014704        0xc c:/st/stm32cubeide_1.12.0/stm32cubeide/plugins/com.st.stm32cube.ide.mcu.externaltools.gnu-tools-for-stm32.10.3-2021.10.win32_1.0.200.202301161003/tools/bin/../lib/gcc/arm-none-eabi/10.3.1/../../../../arm-none-eabi/lib/thumb/v7e-m+dp/hard\libc_nano.a(lib_a-mlock.o)
                0x0000000008014704                __malloc_unlock
 .text.__ssputs_r
                0x0000000008014710       0xb6 c:/st/stm32cubeide_1.12.0/stm32cubeide/plugins/com.st.stm32cube.ide.mcu.externaltools.gnu-tools-for-stm32.10.3-2021.10.win32_1.0.200.202301161003/tools/bin/../lib/gcc/arm-none-eabi/10.3.1/../../../../arm-none-eabi/lib/thumb/v7e-m+dp/hard\libc_nano.a(lib_a-nano-svfprintf.o)
                0x0000000008014710                __ssputs_r
 *fill*         0x00000000080147c6        0x2 
 .text._svfprintf_r
                0x00000000080147c8      0x200 c:/st/stm32cubeide_1.12.0/stm32cubeide/plugins/com.st.stm32cube.ide.mcu.externaltools.gnu-tools-for-stm32.10.3-2021.10.win32_1.0.200.202301161003/tools/bin/../lib/gcc/arm-none-eabi/10.3.1/../../../../arm-none-eabi/lib/thumb/v7e-m+dp/hard\libc_nano.a(lib_a-nano-svfprintf.o)
                0x00000000080147c8                _svfiprintf_r
                0x00000000080147c8                _svfprintf_r
 .text._printf_common
                0x00000000080149c8       0xda c:/st/stm32cubeide_1.12.0/stm32cubeide/plugins/com.st.stm32cube.ide.mcu.externaltools.gnu-tools-for-stm32.10.3-2021.10.win32_1.0.200.202301161003/tools/bin/../lib/gcc/arm-none-eabi/10.3.1/../../../../arm-none-eabi/lib/thumb/v7e-m+dp/hard\libc_nano.a(lib_a-nano-vfprintf_i.o)
                0x00000000080149c8                _printf_common
 *fill*         0x0000000008014aa2        0x2 
 .text._printf_i
                0x0000000008014aa4      0x24c c:/st/stm32cubeide_1.12.0/stm32cubeide/plugins/com.st.stm32cube.ide.mcu.externaltools.gnu-tools-for-stm32.10.3-2021.10.win32_1.0.200.202301161003/tools/bin/../lib/gcc/arm-none-eabi/10.3.1/../../../../arm-none-eabi/lib/thumb/v7e-m+dp/hard\libc_nano.a(lib_a-nano-vfprintf_i.o)
                0x0000000008014aa4                _printf_i
 .text.__retarget_lock_acquire_recursive
                0x0000000008014cf0        0x2 c:/st/stm32cubeide_1.12.0/stm32cubeide/plugins/com.st.stm32cube.ide.mcu.externaltools.gnu-tools-for-stm32.10.3-2021.10.win32_1.0.200.202301161003/tools/bin/../lib/gcc/arm-none-eabi/10.3.1/../../../../arm-none-eabi/lib/thumb/v7e-m+dp/hard\libc_nano.a(lib_a-lock.o)
                0x0000000008014cf0                __retarget_lock_acquire_recursive
 .text.__retarget_lock_release_recursive
                0x0000000008014cf2        0x2 c:/st/stm32cubeide_1.12.0/stm32cubeide/plugins/com.st.stm32cube.ide.mcu.externaltools.gnu-tools-for-stm32.10.3-2021.10.win32_1.0.200.202301161003/tools/bin/../lib/gcc/arm-none-eabi/10.3.1/../../../../arm-none-eabi/lib/thumb/v7e-m+dp/hard\libc_nano.a(lib_a-lock.o)
                0x0000000008014cf2                __retarget_lock_release_recursive
 .text.memmove  0x0000000008014cf4       0x34 c:/st/stm32cubeide_1.12.0/stm32cubeide/plugins/com.st.stm32cube.ide.mcu.externaltools.gnu-tools-for-stm32.10.3-2021.10.win32_1.0.200.202301161003/tools/bin/../lib/gcc/arm-none-eabi/10.3.1/../../../../arm-none-eabi/lib/thumb/v7e-m+dp/hard\libc_nano.a(lib_a-memmove.o)
                0x0000000008014cf4                memmove
 .text._realloc_r
                0x0000000008014d28       0x5e c:/st/stm32cubeide_1.12.0/stm32cubeide/plugins/com.st.stm32cube.ide.mcu.externaltools.gnu-tools-for-stm32.10.3-2021.10.win32_1.0.200.202301161003/tools/bin/../lib/gcc/arm-none-eabi/10.3.1/../../../../arm-none-eabi/lib/thumb/v7e-m+dp/hard\libc_nano.a(lib_a-nano-reallocr.o)
                0x0000000008014d28                _realloc_r
 .text._malloc_usable_size_r
                0x0000000008014d86       0x10 c:/st/stm32cubeide_1.12.0/stm32cubeide/plugins/com.st.stm32cube.ide.mcu.externaltools.gnu-tools-for-stm32.10.3-2021.10.win32_1.0.200.202301161003/tools/bin/../lib/gcc/arm-none-eabi/10.3.1/../../../../arm-none-eabi/lib/thumb/v7e-m+dp/hard\libc_nano.a(lib_a-nano-msizer.o)
                0x0000000008014d86                _malloc_usable_size_r
 *(.glue_7)
 .glue_7        0x0000000008014d96        0x0 linker stubs
 *(.glue_7t)
 .glue_7t       0x0000000008014d96        0x0 linker stubs
 *(.eh_frame)
 *fill*         0x0000000008014d96        0x2 
 .eh_frame      0x0000000008014d98        0x0 c:/st/stm32cubeide_1.12.0/stm32cubeide/plugins/com.st.stm32cube.ide.mcu.externaltools.gnu-tools-for-stm32.10.3-2021.10.win32_1.0.200.202301161003/tools/bin/../lib/gcc/arm-none-eabi/10.3.1/thumb/v7e-m+dp/hard/crtbegin.o
 *(.init)
 .init          0x0000000008014d98        0x4 c:/st/stm32cubeide_1.12.0/stm32cubeide/plugins/com.st.stm32cube.ide.mcu.externaltools.gnu-tools-for-stm32.10.3-2021.10.win32_1.0.200.202301161003/tools/bin/../lib/gcc/arm-none-eabi/10.3.1/thumb/v7e-m+dp/hard/crti.o
                0x0000000008014d98                _init
 .init          0x0000000008014d9c        0x8 c:/st/stm32cubeide_1.12.0/stm32cubeide/plugins/com.st.stm32cube.ide.mcu.externaltools.gnu-tools-for-stm32.10.3-2021.10.win32_1.0.200.202301161003/tools/bin/../lib/gcc/arm-none-eabi/10.3.1/thumb/v7e-m+dp/hard/crtn.o
 *(.fini)
 .fini          0x0000000008014da4        0x4 c:/st/stm32cubeide_1.12.0/stm32cubeide/plugins/com.st.stm32cube.ide.mcu.externaltools.gnu-tools-for-stm32.10.3-2021.10.win32_1.0.200.202301161003/tools/bin/../lib/gcc/arm-none-eabi/10.3.1/thumb/v7e-m+dp/hard/crti.o
                0x0000000008014da4                _fini
 .fini          0x0000000008014da8        0x8 c:/st/stm32cubeide_1.12.0/stm32cubeide/plugins/com.st.stm32cube.ide.mcu.externaltools.gnu-tools-for-stm32.10.3-2021.10.win32_1.0.200.202301161003/tools/bin/../lib/gcc/arm-none-eabi/10.3.1/thumb/v7e-m+dp/hard/crtn.o
                0x0000000008014db0                . = ALIGN (0x4)
                0x0000000008014db0                _etext = .

.vfp11_veneer   0x0000000008014db0        0x0
 .vfp11_veneer  0x0000000008014db0        0x0 linker stubs

.v4_bx          0x0000000008014db0        0x0
 .v4_bx         0x0000000008014db0        0x0 linker stubs

.iplt           0x0000000008014db0        0x0
 .iplt          0x0000000008014db0        0x0 c:/st/stm32cubeide_1.12.0/stm32cubeide/plugins/com.st.stm32cube.ide.mcu.externaltools.gnu-tools-for-stm32.10.3-2021.10.win32_1.0.200.202301161003/tools/bin/../lib/gcc/arm-none-eabi/10.3.1/thumb/v7e-m+dp/hard/crtbegin.o

.rodata         0x0000000008014db0     0x6acc
                0x0000000008014db0                . = ALIGN (0x4)
 *(.rodata)
 *(.rodata*)
 .rodata.CverifyPacket.str1.1
                0x0000000008014db0       0x3f ./Core/Src/main.o
 .rodata.getPacket.str1.1
                0x0000000008014def       0x37 ./Core/Src/main.o
 .rodata.D1CorePrescTable
                0x0000000008014e26       0x10 ./Core/Src/system_stm32h7xx.o
                0x0000000008014e26                D1CorePrescTable
 .rodata.CSWTCH.61
                0x0000000008014e36       0x29 ./Drivers/STM32H7xx_HAL_Driver/Src/stm32h7xx_hal_uart.o
 .rodata.CSWTCH.62
                0x0000000008014e5f        0x6 ./Drivers/STM32H7xx_HAL_Driver/Src/stm32h7xx_hal_uart.o
 .rodata.CSWTCH.69
                0x0000000008014e65        0x6 ./Drivers/STM32H7xx_HAL_Driver/Src/stm32h7xx_hal_uart.o
 *fill*         0x0000000008014e6b        0x1 
 .rodata.UARTPrescTable
                0x0000000008014e6c       0x18 ./Drivers/STM32H7xx_HAL_Driver/Src/stm32h7xx_hal_uart.o
                0x0000000008014e6c                UARTPrescTable
 .rodata.denominator.0
                0x0000000008014e84        0x8 ./Drivers/STM32H7xx_HAL_Driver/Src/stm32h7xx_hal_uart_ex.o
 .rodata.numerator.1
                0x0000000008014e8c        0x8 ./Drivers/STM32H7xx_HAL_Driver/Src/stm32h7xx_hal_uart_ex.o
 .rodata.CDC_Receive_FS.str1.1
                0x0000000008014e94        0x4 ./USB_DEVICE/App/usbd_cdc_if.o
 .rodata.USBD_FS_ManufacturerStrDescriptor.str1.1
                0x0000000008014e98       0x13 ./USB_DEVICE/App/usbd_desc.o
 .rodata.USBD_FS_ProductStrDescriptor.str1.1
                0x0000000008014eab       0x16 ./USB_DEVICE/App/usbd_desc.o
 .rodata.USBD_FS_ConfigStrDescriptor.str1.1
                0x0000000008014ec1        0xb ./USB_DEVICE/App/usbd_desc.o
 .rodata.USBD_FS_InterfaceStrDescriptor.str1.1
                0x0000000008014ecc        0xe ./USB_DEVICE/App/usbd_desc.o
 .rodata.CSWTCH.23
                0x0000000008014eda        0x4 ./USB_DEVICE/Target/usbd_conf.o