Archive member included to satisfy reference by file (symbol)

c:/st/stm32cubeide_1.12.0/stm32cubeide/plugins/com.st.stm32cube.ide.mcu.externaltools.gnu-tools-for-stm32.10.3-2021.10.win32_1.0.200.202301161003/tools/bin/../lib/gcc/arm-none-eabi/10.3.1/../../../../arm-none-eabi/lib/thumb/v7e-m+dp/hard\libc_nano.a(lib_a-errno.o)
                              ./Core/Src/syscalls.o (__errno)
c:/st/stm32cubeide_1.12.0/stm32cubeide/plugins/com.st.stm32cube.ide.mcu.externaltools.gnu-tools-for-stm32.10.3-2021.10.win32_1.0.200.202301161003/tools/bin/../lib/gcc/arm-none-eabi/10.3.1/../../../../arm-none-eabi/lib/thumb/v7e-m+dp/hard\libc_nano.a(lib_a-exit.o)
                              c:/st/stm32cubeide_1.12.0/stm32cubeide/plugins/com.st.stm32cube.ide.mcu.externaltools.gnu-tools-for-stm32.10.3-2021.10.win32_1.0.200.202301161003/tools/bin/../lib/gcc/arm-none-eabi/10.3.1/../../../../arm-none-eabi/lib/thumb/v7e-m+dp/hard/crt0.o (exit)
c:/st/stm32cubeide_1.12.0/stm32cubeide/plugins/com.st.stm32cube.ide.mcu.externaltools.gnu-tools-for-stm32.10.3-2021.10.win32_1.0.200.202301161003/tools/bin/../lib/gcc/arm-none-eabi/10.3.1/../../../../arm-none-eabi/lib/thumb/v7e-m+dp/hard\libc_nano.a(lib_a-impure.o)
                              c:/st/stm32cubeide_1.12.0/stm32cubeide/plugins/com.st.stm32cube.ide.mcu.externaltools.gnu-tools-for-stm32.10.3-2021.10.win32_1.0.200.202301161003/tools/bin/../lib/gcc/arm-none-eabi/10.3.1/../../../../arm-none-eabi/lib/thumb/v7e-m+dp/hard\libc_nano.a(lib_a-exit.o) (_global_impure_ptr)
c:/st/stm32cubeide_1.12.0/stm32cubeide/plugins/com.st.stm32cube.ide.mcu.externaltools.gnu-tools-for-stm32.10.3-2021.10.win32_1.0.200.202301161003/tools/bin/../lib/gcc/arm-none-eabi/10.3.1/../../../../arm-none-eabi/lib/thumb/v7e-m+dp/hard\libc_nano.a(lib_a-init.o)
                              c:/st/stm32cubeide_1.12.0/stm32cubeide/plugins/com.st.stm32cube.ide.mcu.externaltools.gnu-tools-for-stm32.10.3-2021.10.win32_1.0.200.202301161003/tools/bin/../lib/gcc/arm-none-eabi/10.3.1/../../../../arm-none-eabi/lib/thumb/v7e-m+dp/hard/crt0.o (__libc_init_array)
c:/st/stm32cubeide_1.12.0/stm32cubeide/plugins/com.st.stm32cube.ide.mcu.externaltools.gnu-tools-for-stm32.10.3-2021.10.win32_1.0.200.202301161003/tools/bin/../lib/gcc/arm-none-eabi/10.3.1/../../../../arm-none-eabi/lib/thumb/v7e-m+dp/hard\libc_nano.a(lib_a-malloc.o)
                              ./Core/Src/main.o (malloc)
c:/st/stm32cubeide_1.12.0/stm32cubeide/plugins/com.st.stm32cube.ide.mcu.externaltools.gnu-tools-for-stm32.10.3-2021.10.win32_1.0.200.202301161003/tools/bin/../lib/gcc/arm-none-eabi/10.3.1/../../../../arm-none-eabi/lib/thumb/v7e-m+dp/hard\libc_nano.a(lib_a-memcmp.o)
                              ./myIncludes/curve25519-master/source/ed25519_verify.o (memcmp)
c:/st/stm32cubeide_1.12.0/stm32cubeide/plugins/com.st.stm32cube.ide.mcu.externaltools.gnu-tools-for-stm32.10.3-2021.10.win32_1.0.200.202301161003/tools/bin/../lib/gcc/arm-none-eabi/10.3.1/../../../../arm-none-eabi/lib/thumb/v7e-m+dp/hard\libc_nano.a(lib_a-memcpy-stub.o)
                              ./Core/Src/main.o (memcpy)
c:/st/stm32cubeide_1.12.0/stm32cubeide/plugins/com.st.stm32cube.ide.mcu.externaltools.gnu-tools-for-stm32.10.3-2021.10.win32_1.0.200.202301161003/tools/bin/../lib/gcc/arm-none-eabi/10.3.1/../../../../arm-none-eabi/lib/thumb/v7e-m+dp/hard\libc_nano.a(lib_a-memset.o)
                              c:/st/stm32cubeide_1.12.0/stm32cubeide/plugins/com.st.stm32cube.ide.mcu.externaltools.gnu-tools-for-stm32.10.3-2021.10.win32_1.0.200.202301161003/tools/bin/../lib/gcc/arm-none-eabi/10.3.1/../../../../arm-none-eabi/lib/thumb/v7e-m+dp/hard/crt0.o (memset)
c:/st/stm32cubeide_1.12.0/stm32cubeide/plugins/com.st.stm32cube.ide.mcu.externaltools.gnu-tools-for-stm32.10.3-2021.10.win32_1.0.200.202301161003/tools/bin/../lib/gcc/arm-none-eabi/10.3.1/../../../../arm-none-eabi/lib/thumb/v7e-m+dp/hard\libc_nano.a(lib_a-nano-freer.o)
                              c:/st/stm32cubeide_1.12.0/stm32cubeide/plugins/com.st.stm32cube.ide.mcu.externaltools.gnu-tools-for-stm32.10.3-2021.10.win32_1.0.200.202301161003/tools/bin/../lib/gcc/arm-none-eabi/10.3.1/../../../../arm-none-eabi/lib/thumb/v7e-m+dp/hard\libc_nano.a(lib_a-malloc.o) (_free_r)
c:/st/stm32cubeide_1.12.0/stm32cubeide/plugins/com.st.stm32cube.ide.mcu.externaltools.gnu-tools-for-stm32.10.3-2021.10.win32_1.0.200.202301161003/tools/bin/../lib/gcc/arm-none-eabi/10.3.1/../../../../arm-none-eabi/lib/thumb/v7e-m+dp/hard\libc_nano.a(lib_a-nano-mallocr.o)
                              c:/st/stm32cubeide_1.12.0/stm32cubeide/plugins/com.st.stm32cube.ide.mcu.externaltools.gnu-tools-for-stm32.10.3-2021.10.win32_1.0.200.202301161003/tools/bin/../lib/gcc/arm-none-eabi/10.3.1/../../../../arm-none-eabi/lib/thumb/v7e-m+dp/hard\libc_nano.a(lib_a-malloc.o) (_malloc_r)
[...]
Memory Configuration

Name             Origin             Length             Attributes
FLASH            0x0000000008000000 0x0000000000200000 xr
DTCMRAM          0x0000000020000000 0x0000000000020000 xrw
RAM_D1           0x0000000024000000 0x0000000000080000 xrw
RAM_D2           0x0000000030000000 0x0000000000048000 xrw
RAM_D3           0x0000000038000000 0x0000000000010000 xrw
ITCMRAM          0x0000000000000000 0x0000000000010000 xrw
*default*        0x0000000000000000 0xffffffffffffffff

Linker script and memory map

LOAD c:/st/stm32cubeide_1.12.0/stm32cubeide/plugins/com.st.stm32cube.ide.mcu.externaltools.gnu-tools-for-stm32.10.3-2021.10.win32_1.0.200.202301161003/tools/bin/../lib/gcc/arm-none-eabi/10.3.1/thumb/v7e-m+dp/hard/crti.o
LOAD c:/st/stm32cubeide_1.12.0/stm32cubeide/plugins/com.st.stm32cube.ide.mcu.externaltools.gnu-tools-for-stm32.10.3-2021.10.win32_1.0.200.202301161003/tools/bin/../lib/gcc/arm-none-eabi/10.3.1/thumb/v7e-m+dp/hard/crtbegin.o
LOAD c:/st/stm32cubeide_1.12.0/stm32cubeide/plugins/com.st.stm32cube.ide.mcu.externaltools.gnu-tools-for-stm32.10.3-2021.10.win32_1.0.200.202301161003/tools/bin/../lib/gcc/arm-none-eabi/10.3.1/../../../../arm-none-eabi/lib/thumb/v7e-m+dp/hard/crt0.o
LOAD ./Core/Src/main.o
LOAD ./Core/Src/stm32h7xx_hal_msp.o
LOAD ./Core/Src/stm32h7xx_it.o
LOAD ./Core/Src/syscalls.o
LOAD ./Core/Src/sysmem.o
LOAD ./Core/Src/system_stm32h7xx.o
LOAD ./Core/Startup/startup_stm32h753zitx.o
LOAD ./Drivers/STM32H7xx_HAL_Driver/Src/stm32h7xx_hal.o
LOAD ./Drivers/STM32H7xx_HAL_Driver/Src/stm32h7xx_hal_cortex.o
LOAD ./Drivers/STM32H7xx_HAL_Driver/Src/stm32h7xx_hal_dma.o
LOAD ./Drivers/STM32H7xx_HAL_Driver/Src/stm32h7xx_hal_dma_ex.o
LOAD ./Drivers/STM32H7xx_HAL_Driver/Src/stm32h7xx_hal_eth.o
LOAD ./Drivers/STM32H7xx_HAL_Driver/Src/stm32h7xx_hal_eth_ex.o
LOAD ./Drivers/STM32H7xx_HAL_Driver/Src/stm32h7xx_hal_exti.o
LOAD ./Drivers/STM32H7xx_HAL_Driver/Src/stm32h7xx_hal_flash.o
LOAD ./Drivers/STM32H7xx_HAL_Driver/Src/stm32h7xx_hal_flash_ex.o
LOAD ./Drivers/STM32H7xx_HAL_Driver/Src/stm32h7xx_hal_gpio.o
LOAD ./Drivers/STM32H7xx_HAL_Driver/Src/stm32h7xx_hal_hsem.o
LOAD ./Drivers/STM32H7xx_HAL_Driver/Src/stm32h7xx_hal_i2c.o
LOAD ./Drivers/STM32H7xx_HAL_Driver/Src/stm32h7xx_hal_i2c_ex.o
LOAD ./Drivers/STM32H7xx_HAL_Driver/Src/stm32h7xx_hal_mdma.o
LOAD ./Drivers/STM32H7xx_HAL_Driver/Src/stm32h7xx_hal_pcd.o
LOAD ./Drivers/STM32H7xx_HAL_Driver/Src/stm32h7xx_hal_pcd_ex.o
LOAD ./Drivers/STM32H7xx_HAL_Driver/Src/stm32h7xx_hal_pwr.o
LOAD ./Drivers/STM32H7xx_HAL_Driver/Src/stm32h7xx_hal_pwr_ex.o
LOAD ./Drivers/STM32H7xx_HAL_Driver/Src/stm32h7xx_hal_rcc.o
LOAD ./Drivers/STM32H7xx_HAL_Driver/Src/stm32h7xx_hal_rcc_ex.o
LOAD ./Drivers/STM32H7xx_HAL_Driver/Src/stm32h7xx_hal_tim.o
LOAD ./Drivers/STM32H7xx_HAL_Driver/Src/stm32h7xx_hal_tim_ex.o
LOAD ./Drivers/STM32H7xx_HAL_Driver/Src/stm32h7xx_hal_uart.o
LOAD ./Drivers/STM32H7xx_HAL_Driver/Src/stm32h7xx_hal_uart_ex.o
LOAD ./Drivers/STM32H7xx_HAL_Driver/Src/stm32h7xx_ll_usb.o
LOAD ./Middlewares/ST/STM32_USB_Device_Library/Class/CDC/Src/usbd_cdc.o
LOAD ./Middlewares/ST/STM32_USB_Device_Library/Core/Src/usbd_core.o
LOAD ./Middlewares/ST/STM32_USB_Device_Library/Core/Src/usbd_ctlreq.o
LOAD ./Middlewares/ST/STM32_USB_Device_Library/Core/Src/usbd_ioreq.o
LOAD ./USB_DEVICE/App/usb_device.o
LOAD ./USB_DEVICE/App/usbd_cdc_if.o
LOAD ./USB_DEVICE/App/usbd_desc.o
LOAD ./USB_DEVICE/Target/usbd_conf.o
LOAD ./myIncludes/curve25519-master/source/curve25519_dh.o
LOAD ./myIncludes/curve25519-master/source/curve25519_mehdi.o
LOAD ./myIncludes/curve25519-master/source/curve25519_order.o
LOAD ./myIncludes/curve25519-master/source/curve25519_utils.o
LOAD ./myIncludes/curve25519-master/source/custom_blind.o
LOAD ./myIncludes/curve25519-master/source/ed25519_sign.o
LOAD ./myIncludes/curve25519-master/source/ed25519_verify.o
LOAD ./myIncludes/curve25519-master/source/sha512.o
LOAD ./myIncludes/myliboqs/common/sha3/ossl_sha3.o
LOAD ./myIncludes/myliboqs/common/sha3/ossl_sha3x4.o
LOAD ./myIncludes/myliboqs/common/sha3/xkcp_sha3.o
LOAD ./myIncludes/myliboqs/common/sha3/xkcp_sha3x4.o
LOAD ./myIncludes/myliboqs/common/sha3/xkcp_low/KeccakP-1600/plain-64bits/KeccakP-1600-opt64.o
LOAD ./myIncludes/myliboqs/common/sha3/xkcp_low/KeccakP-1600times4/serial/KeccakP-1600-times4-on1.o
LOAD ./myIncludes/myliboqs/src/common.o
LOAD ./myIncludes/myliboqs/src/ntt.o
LOAD ./myIncludes/myliboqs/src/packing.o
LOAD ./myIncludes/myliboqs/src/poly.o
LOAD ./myIncludes/myliboqs/src/polyvec.o
LOAD ./myIncludes/myliboqs/src/reduce.o
LOAD ./myIncludes/myliboqs/src/rounding.o
LOAD ./myIncludes/myliboqs/src/sign.o
LOAD ./myIncludes/myliboqs/src/symmetric-shake.o
START GROUP
LOAD c:/st/stm32cubeide_1.12.0/stm32cubeide/plugins/com.st.stm32cube.ide.mcu.externaltools.gnu-tools-for-stm32.10.3-2021.10.win32_1.0.200.202301161003/tools/bin/../lib/gcc/arm-none-eabi/10.3.1/../../../../arm-none-eabi/lib/thumb/v7e-m+dp/hard\libc_nano.a
LOAD c:/st/stm32cubeide_1.12.0/stm32cubeide/plugins/com.st.stm32cube.ide.mcu.externaltools.gnu-tools-for-stm32.10.3-2021.10.win32_1.0.200.202301161003/tools/bin/../lib/gcc/arm-none-eabi/10.3.1/../../../../arm-none-eabi/lib/thumb/v7e-m+dp/hard\libm.a
END GROUP
START GROUP
LOAD c:/st/stm32cubeide_1.12.0/stm32cubeide/plugins/com.st.stm32cube.ide.mcu.externaltools.gnu-tools-for-stm32.10.3-2021.10.win32_1.0.200.202301161003/tools/bin/../lib/gcc/arm-none-eabi/10.3.1/thumb/v7e-m+dp/hard\libgcc.a
LOAD c:/st/stm32cubeide_1.12.0/stm32cubeide/plugins/com.st.stm32cube.ide.mcu.externaltools.gnu-tools-for-stm32.10.3-2021.10.win32_1.0.200.202301161003/tools/bin/../lib/gcc/arm-none-eabi/10.3.1/../../../../arm-none-eabi/lib/thumb/v7e-m+dp/hard\libc_nano.a
END GROUP
START GROUP
LOAD c:/st/stm32cubeide_1.12.0/stm32cubeide/plugins/com.st.stm32cube.ide.mcu.externaltools.gnu-tools-for-stm32.10.3-2021.10.win32_1.0.200.202301161003/tools/bin/../lib/gcc/arm-none-eabi/10.3.1/thumb/v7e-m+dp/hard\libgcc.a
LOAD c:/st/stm32cubeide_1.12.0/stm32cubeide/plugins/com.st.stm32cube.ide.mcu.externaltools.gnu-tools-for-stm32.10.3-2021.10.win32_1.0.200.202301161003/tools/bin/../lib/gcc/arm-none-eabi/10.3.1/../../../../arm-none-eabi/lib/thumb/v7e-m+dp/hard\libc_nano.a
LOAD c:/st/stm32cubeide_1.12.0/stm32cubeide/plugins/com.st.stm32cube.ide.mcu.externaltools.gnu-tools-for-stm32.10.3-2021.10.win32_1.0.200.202301161003/tools/bin/../lib/gcc/arm-none-eabi/10.3.1/../../../../arm-none-eabi/lib/thumb/v7e-m+dp/hard\libnosys.a
END GROUP
START GROUP
LOAD c:/st/stm32cubeide_1.12.0/stm32cubeide/plugins/com.st.stm32cube.ide.mcu.externaltools.gnu-tools-for-stm32.10.3-2021.10.win32_1.0.200.202301161003/tools/bin/../lib/gcc/arm-none-eabi/10.3.1/thumb/v7e-m+dp/hard\libgcc.a
LOAD c:/st/stm32cubeide_1.12.0/stm32cubeide/plugins/com.st.stm32cube.ide.mcu.externaltools.gnu-tools-for-stm32.10.3-2021.10.win32_1.0.200.202301161003/tools/bin/../lib/gcc/arm-none-eabi/10.3.1/../../../../arm-none-eabi/lib/thumb/v7e-m+dp/hard\libc_nano.a
LOAD c:/st/stm32cubeide_1.12.0/stm32cubeide/plugins/com.st.stm32cube.ide.mcu.externaltools.gnu-tools-for-stm32.10.3-2021.10.win32_1.0.200.202301161003/tools/bin/../lib/gcc/arm-none-eabi/10.3.1/../../../../arm-none-eabi/lib/thumb/v7e-m+dp/hard\libnosys.a
END GROUP
LOAD c:/st/stm32cubeide_1.12.0/stm32cubeide/plugins/com.st.stm32cube.ide.mcu.externaltools.gnu-tools-for-stm32.10.3-2021.10.win32_1.0.200.202301161003/tools/bin/../lib/gcc/arm-none-eabi/10.3.1/thumb/v7e-m+dp/hard/crtend.o
LOAD c:/st/stm32cubeide_1.12.0/stm32cubeide/plugins/com.st.stm32cube.ide.mcu.externaltools.gnu-tools-for-stm32.10.3-2021.10.win32_1.0.200.202301161003/tools/bin/../lib/gcc/arm-none-eabi/10.3.1/thumb/v7e-m+dp/hard/crtn.o
                0x0000000024080000                _estack = (ORIGIN (RAM_D1) + LENGTH (RAM_D1))
                0x0000000000000200                _Min_Heap_Size = 0x200
                0x0000000000000400                _Min_Stack_Size = 0x400

.isr_vector     0x0000000008000000      0x298
                0x0000000008000000                . = ALIGN (0x4)
 *(.isr_vector)
 .isr_vector    0x0000000008000000      0x298 ./Core/Startup/startup_stm32h753zitx.o
                0x0000000008000000                g_pfnVectors
                0x0000000008000298                . = ALIGN (0x4)

.text           0x00000000080002a0    0x92d18
                0x00000000080002a0                . = ALIGN (0x4)
 *(.text)
 .text          0x00000000080002a0       0x40 c:/st/stm32cubeide_1.12.0/stm32cubeide/plugins/com.st.stm32cube.ide.mcu.externaltools.gnu-tools-for-stm32.10.3-2021.10.win32_1.0.200.202301161003/tools/bin/../lib/gcc/arm-none-eabi/10.3.1/thumb/v7e-m+dp/hard/crtbegin.o
 .text          0x00000000080002e0       0x10 c:/st/stm32cubeide_1.12.0/stm32cubeide/plugins/com.st.stm32cube.ide.mcu.externaltools.gnu-tools-for-stm32.10.3-2021.10.win32_1.0.200.202301161003/tools/bin/../lib/gcc/arm-none-eabi/10.3.1/../../../../arm-none-eabi/lib/thumb/v7e-m+dp/hard\libc_nano.a(lib_a-strlen.o)
                0x00000000080002e0                strlen
 .text          0x00000000080002f0       0xa0 c:/st/stm32cubeide_1.12.0/stm32cubeide/plugins/com.st.stm32cube.ide.mcu.externaltools.gnu-tools-for-stm32.10.3-2021.10.win32_1.0.200.202301161003/tools/bin/../lib/gcc/arm-none-eabi/10.3.1/../../../../arm-none-eabi/lib/thumb/v7e-m+dp/hard\libc_nano.a(lib_a-memchr.o)
                0x00000000080002f0                memchr
 .text          0x0000000008000390       0x30 c:/st/stm32cubeide_1.12.0/stm32cubeide/plugins/com.st.stm32cube.ide.mcu.externaltools.gnu-tools-for-stm32.10.3-2021.10.win32_1.0.200.202301161003/tools/bin/../lib/gcc/arm-none-eabi/10.3.1/thumb/v7e-m+dp/hard\libgcc.a(_aeabi_uldivmod.o)
                0x0000000008000390                __aeabi_uldivmod
 .text          0x00000000080003c0      0x2d0 c:/st/stm32cubeide_1.12.0/stm32cubeide/plugins/com.st.stm32cube.ide.mcu.externaltools.gnu-tools-for-stm32.10.3-2021.10.win32_1.0.200.202301161003/tools/bin/../lib/gcc/arm-none-eabi/10.3.1/thumb/v7e-m+dp/hard\libgcc.a(_udivmoddi4.o)
                0x00000000080003c0                __udivmoddi4
 .text          0x0000000008000690        0x4 c:/st/stm32cubeide_1.12.0/stm32cubeide/plugins/com.st.stm32cube.ide.mcu.externaltools.gnu-tools-for-stm32.10.3-2021.10.win32_1.0.200.202301161003/tools/bin/../lib/gcc/arm-none-eabi/10.3.1/thumb/v7e-m+dp/hard\libgcc.a(_dvmd_tls.o)
                0x0000000008000690                __aeabi_idiv0
                0x0000000008000690                __aeabi_ldiv0
 *(.text*)
 .text.cleanup_heap
                0x0000000008000694       0x26 ./Core/Src/main.o
                0x0000000008000694                cleanup_heap
 .text.fn_cleanup
                0x00000000080006ba       0x1e ./Core/Src/main.o
                0x00000000080006ba                fn_cleanup
 .text.print    0x00000000080006d8       0x26 ./Core/Src/main.o
                0x00000000080006d8                print
 *fill*         0x00000000080006fe        0x2 
 .text.QverifyPacket
                0x0000000008000700       0xdc ./Core/Src/main.o
 .text.CverifyPacket
                0x00000000080007dc       0x78 ./Core/Src/main.o
                0x00000000080007dc                CverifyPacket
 .text.verifyChecksum
                0x0000000008000854       0xd6 ./Core/Src/main.o
                0x0000000008000854                verifyChecksum
 *fill*         0x000000000800092a        0x2 
 .text.Process_Data_to_Pkt
                0x000000000800092c      0x10c ./Core/Src/main.o
                0x000000000800092c                Process_Data_to_Pkt
 .text.receiveData
                0x0000000008000a38       0x64 ./Core/Src/main.o
                0x0000000008000a38                receiveData
 .text.getPacket
                0x0000000008000a9c       0xe0 ./Core/Src/main.o
                0x0000000008000a9c                getPacket
 .text.main     0x0000000008000b7c       0x48 ./Core/Src/main.o
                0x0000000008000b7c                main
 .text.SystemClock_Config
                0x0000000008000bc4      0x100 ./Core/Src/main.o
                0x0000000008000bc4                SystemClock_Config
 .text.MX_ETH_Init
                0x0000000008000cc4       0x98 ./Core/Src/main.o
 .text.MX_USART3_UART_Init
                0x0000000008000d5c       0x98 ./Core/Src/main.o
 .text.MX_GPIO_Init
                0x0000000008000df4      0x1b8 ./Core/Src/main.o
 .text.Error_Handler
                0x0000000008000fac        0xa ./Core/Src/main.o
                0x0000000008000fac                Error_Handler
 *fill*         0x0000000008000fb6        0x2 
 .text.HAL_MspInit
                0x0000000008000fb8       0x34 ./Core/Src/stm32h7xx_hal_msp.o
                0x0000000008000fb8                HAL_MspInit
 .text.HAL_ETH_MspInit
                0x0000000008000fec      0x19c ./Core/Src/stm32h7xx_hal_msp.o
                0x0000000008000fec                HAL_ETH_MspInit
 .text.HAL_UART_MspInit
                0x0000000008001188       0xd4 ./Core/Src/stm32h7xx_hal_msp.o
                0x0000000008001188                HAL_UART_MspInit
 .text.NMI_Handler
                0x000000000800125c        0x6 ./Core/Src/stm32h7xx_it.o
                0x000000000800125c                NMI_Handler
 .text.HardFault_Handler
                0x0000000008001262        0x6 ./Core/Src/stm32h7xx_it.o
                0x0000000008001262                HardFault_Handler
 .text.MemManage_Handler
                0x0000000008001268        0x6 ./Core/Src/stm32h7xx_it.o
                0x0000000008001268                MemManage_Handler
 .text.BusFault_Handler
                0x000000000800126e        0x6 ./Core/Src/stm32h7xx_it.o
                0x000000000800126e                BusFault_Handler
 .text.UsageFault_Handler
                0x0000000008001274        0x6 ./Core/Src/stm32h7xx_it.o
                0x0000000008001274                UsageFault_Handler
 .text.SVC_Handler
                0x000000000800127a        0xe ./Core/Src/stm32h7xx_it.o
                0x000000000800127a                SVC_Handler
 .text.DebugMon_Handler
                0x0000000008001288        0xe ./Core/Src/stm32h7xx_it.o
                0x0000000008001288                DebugMon_Handler
 .text.PendSV_Handler
                0x0000000008001296        0xe ./Core/Src/stm32h7xx_it.o
                0x0000000008001296                PendSV_Handler
 .text.SysTick_Handler
                0x00000000080012a4        0xc ./Core/Src/stm32h7xx_it.o
                0x00000000080012a4                SysTick_Handler
 .text.OTG_FS_IRQHandler
                0x00000000080012b0       0x14 ./Core/Src/stm32h7xx_it.o
                0x00000000080012b0                OTG_FS_IRQHandler
 .text._kill    0x00000000080012c4       0x20 ./Core/Src/syscalls.o
                0x00000000080012c4                _kill
 .text._exit    0x00000000080012e4       0x14 ./Core/Src/syscalls.o
                0x00000000080012e4                _exit
 .text._sbrk    0x00000000080012f8       0x6c ./Core/Src/sysmem.o
                0x00000000080012f8                _sbrk
 .text.SystemInit
                0x0000000008001364      0x110 ./Core/Src/system_stm32h7xx.o
                0x0000000008001364                SystemInit
 .text.Reset_Handler
                0x0000000008001474       0x50 ./Core/Startup/startup_stm32h753zitx.o
                0x0000000008001474                Reset_Handler
 .text.Default_Handler
                0x00000000080014c4        0x2 ./Core/Startup/startup_stm32h753zitx.o
                0x00000000080014c4                RTC_Alarm_IRQHandler
                0x00000000080014c4                HASH_RNG_IRQHandler
                0x00000000080014c4                EXTI2_IRQHandler
                0x00000000080014c4                TIM8_CC_IRQHandler
                0x00000000080014c4                HRTIM1_Master_IRQHandler
                0x00000000080014c4                UART8_IRQHandler
                0x00000000080014c4                SPI4_IRQHandler
                0x00000000080014c4                TIM1_CC_IRQHandler
                0x00000000080014c4                BDMA_Channel6_IRQHandler
                0x00000000080014c4                DMA2_Stream5_IRQHandler
                0x00000000080014c4                HRTIM1_FLT_IRQHandler
                0x00000000080014c4                JPEG_IRQHandler
                0x00000000080014c4                DMA1_Stream5_IRQHandler
                0x00000000080014c4                BDMA_Channel1_IRQHandler
                0x00000000080014c4                HRTIM1_TIMD_IRQHandler
                0x00000000080014c4                TAMP_STAMP_IRQHandler
                0x00000000080014c4                EXTI3_IRQHandler
                0x00000000080014c4                LPTIM4_IRQHandler
                0x00000000080014c4                TIM8_TRG_COM_TIM14_IRQHandler
                0x00000000080014c4                LPTIM2_IRQHandler
                0x00000000080014c4                DFSDM1_FLT1_IRQHandler
                0x00000000080014c4                DMAMUX2_OVR_IRQHandler
                0x00000000080014c4                TIM8_UP_TIM13_IRQHandler
                0x00000000080014c4                I2C3_ER_IRQHandler
                0x00000000080014c4                DFSDM1_FLT2_IRQHandler
                0x00000000080014c4                MDMA_IRQHandler
                0x00000000080014c4                LPTIM3_IRQHandler
                0x00000000080014c4                HSEM1_IRQHandler
                0x00000000080014c4                EXTI0_IRQHandler
                0x00000000080014c4                I2C2_EV_IRQHandler
                0x00000000080014c4                DMA1_Stream2_IRQHandler
                0x00000000080014c4                FPU_IRQHandler
                0x00000000080014c4                OTG_HS_WKUP_IRQHandler
                0x00000000080014c4                FDCAN1_IT1_IRQHandler
                0x00000000080014c4                LTDC_ER_IRQHandler
                0x00000000080014c4                DMA2_Stream2_IRQHandler
                0x00000000080014c4                HRTIM1_TIME_IRQHandler
                0x00000000080014c4                SPI1_IRQHandler
                0x00000000080014c4                TIM6_DAC_IRQHandler
                0x00000000080014c4                DCMI_IRQHandler
                0x00000000080014c4                HRTIM1_TIMC_IRQHandler
                0x00000000080014c4                DMA2_Stream3_IRQHandler
                0x00000000080014c4                SAI2_IRQHandler
                0x00000000080014c4                DFSDM1_FLT3_IRQHandler
                0x00000000080014c4                USART6_IRQHandler
                0x00000000080014c4                TIM17_IRQHandler
                0x00000000080014c4                USART3_IRQHandler
                0x00000000080014c4                BDMA_Channel7_IRQHandler
                0x00000000080014c4                CRYP_IRQHandler
                0x00000000080014c4                LPTIM5_IRQHandler
                0x00000000080014c4                UART5_IRQHandler
                0x00000000080014c4                ADC3_IRQHandler
                0x00000000080014c4                DMA2_Stream0_IRQHandler
                0x00000000080014c4                TIM4_IRQHandler
                0x00000000080014c4                BDMA_Channel2_IRQHandler
                0x00000000080014c4                QUADSPI_IRQHandler
                0x00000000080014c4                I2C1_EV_IRQHandler
                0x00000000080014c4                DMA1_Stream6_IRQHandler
                0x00000000080014c4                DMAMUX1_OVR_IRQHandler
                0x00000000080014c4                DMA1_Stream1_IRQHandler
                0x00000000080014c4                TIM16_IRQHandler
                0x00000000080014c4                UART4_IRQHandler
                0x00000000080014c4                BDMA_Channel5_IRQHandler
                0x00000000080014c4                TIM3_IRQHandler
                0x00000000080014c4                RCC_IRQHandler
                0x00000000080014c4                TIM8_BRK_TIM12_IRQHandler
                0x00000000080014c4                TIM1_TRG_COM_IRQHandler
                0x00000000080014c4                Default_Handler
                0x00000000080014c4                ECC_IRQHandler
                0x00000000080014c4                CEC_IRQHandler
                0x00000000080014c4                EXTI15_10_IRQHandler
                0x00000000080014c4                BDMA_Channel0_IRQHandler
                0x00000000080014c4                ADC_IRQHandler
                0x00000000080014c4                DMA1_Stream7_IRQHandler
                0x00000000080014c4                HRTIM1_TIMA_IRQHandler
                0x00000000080014c4                SPI5_IRQHandler
                0x00000000080014c4                TIM7_IRQHandler
                0x00000000080014c4                SDMMC1_IRQHandler
                0x00000000080014c4                TIM5_IRQHandler
                0x00000000080014c4                DMA2_Stream7_IRQHandler
                0x00000000080014c4                TIM15_IRQHandler
                0x00000000080014c4                PVD_AVD_IRQHandler
                0x00000000080014c4                I2C3_EV_IRQHandler
                0x00000000080014c4                EXTI9_5_IRQHandler
                0x00000000080014c4                RTC_WKUP_IRQHandler
                0x00000000080014c4                LTDC_IRQHandler
                0x00000000080014c4                SAI3_IRQHandler
                0x00000000080014c4                ETH_WKUP_IRQHandler
                0x00000000080014c4                SPDIF_RX_IRQHandler
                0x00000000080014c4                SPI2_IRQHandler
                0x00000000080014c4                OTG_HS_EP1_IN_IRQHandler
                0x00000000080014c4                DMA1_Stream0_IRQHandler
                0x00000000080014c4                CRS_IRQHandler
                0x00000000080014c4                EXTI4_IRQHandler
                0x00000000080014c4                HRTIM1_TIMB_IRQHandler
                0x00000000080014c4                FDCAN2_IT1_IRQHandler
                0x00000000080014c4                ETH_IRQHandler
                0x00000000080014c4                TIM1_UP_IRQHandler
                0x00000000080014c4                BDMA_Channel4_IRQHandler
                0x00000000080014c4                OTG_HS_EP1_OUT_IRQHandler
                0x00000000080014c4                WWDG_IRQHandler
                0x00000000080014c4                SPI6_IRQHandler
                0x00000000080014c4                MDIOS_IRQHandler
                0x00000000080014c4                I2C4_EV_IRQHandler
                0x00000000080014c4                FDCAN2_IT0_IRQHandler
                0x00000000080014c4                LPUART1_IRQHandler
                0x00000000080014c4                FDCAN1_IT0_IRQHandler
                0x00000000080014c4                TIM2_IRQHandler
                0x00000000080014c4                OTG_FS_WKUP_IRQHandler
                0x00000000080014c4                OTG_HS_IRQHandler
                0x00000000080014c4                DMA2D_IRQHandler
                0x00000000080014c4                TIM1_BRK_IRQHandler
                0x00000000080014c4                EXTI1_IRQHandler
                0x00000000080014c4                SDMMC2_IRQHandler
                0x00000000080014c4                OTG_FS_EP1_OUT_IRQHandler
                0x00000000080014c4                BDMA_Channel3_IRQHandler
                0x00000000080014c4                UART7_IRQHandler
                0x00000000080014c4                MDIOS_WKUP_IRQHandler
                0x00000000080014c4                USART2_IRQHandler
                0x00000000080014c4                DFSDM1_FLT0_IRQHandler
                0x00000000080014c4                SAI4_IRQHandler
                0x00000000080014c4                I2C2_ER_IRQHandler
                0x00000000080014c4                DMA2_Stream1_IRQHandler
                0x00000000080014c4                FLASH_IRQHandler
                0x00000000080014c4                DMA2_Stream4_IRQHandler
                0x00000000080014c4                USART1_IRQHandler
                0x00000000080014c4                SPI3_IRQHandler
                0x00000000080014c4                WAKEUP_PIN_IRQHandler
                0x00000000080014c4                DMA1_Stream4_IRQHandler
                0x00000000080014c4                OTG_FS_EP1_IN_IRQHandler
                0x00000000080014c4                I2C1_ER_IRQHandler
                0x00000000080014c4                FMC_IRQHandler
                0x00000000080014c4                FDCAN_CAL_IRQHandler
                0x00000000080014c4                SWPMI1_IRQHandler
                0x00000000080014c4                COMP1_IRQHandler
                0x00000000080014c4                LPTIM1_IRQHandler
                0x00000000080014c4                I2C4_ER_IRQHandler
                0x00000000080014c4                DMA2_Stream6_IRQHandler
                0x00000000080014c4                SAI1_IRQHandler
                0x00000000080014c4                DMA1_Stream3_IRQHandler
 *fill*         0x00000000080014c6        0x2 
 .text.HAL_Init
                0x00000000080014c8       0x78 ./Drivers/STM32H7xx_HAL_Driver/Src/stm32h7xx_hal.o
                0x00000000080014c8                HAL_Init
 .text.HAL_InitTick
                0x0000000008001540       0x6c ./Drivers/STM32H7xx_HAL_Driver/Src/stm32h7xx_hal.o
                0x0000000008001540                HAL_InitTick
 .text.HAL_IncTick
                0x00000000080015ac       0x28 ./Drivers/STM32H7xx_HAL_Driver/Src/stm32h7xx_hal.o
                0x00000000080015ac                HAL_IncTick
 .text.HAL_GetTick
                0x00000000080015d4       0x18 ./Drivers/STM32H7xx_HAL_Driver/Src/stm32h7xx_hal.o
                0x00000000080015d4                HAL_GetTick
 .text.HAL_Delay
                0x00000000080015ec       0x48 ./Drivers/STM32H7xx_HAL_Driver/Src/stm32h7xx_hal.o
                0x00000000080015ec                HAL_Delay
 .text.HAL_GetREVID
                0x0000000008001634       0x18 ./Drivers/STM32H7xx_HAL_Driver/Src/stm32h7xx_hal.o
                0x0000000008001634                HAL_GetREVID
 .text.HAL_SYSCFG_ETHInterfaceSelect
                0x000000000800164c       0x28 ./Drivers/STM32H7xx_HAL_Driver/Src/stm32h7xx_hal.o
                0x000000000800164c                HAL_SYSCFG_ETHInterfaceSelect
 .text.__NVIC_SetPriorityGrouping
                0x0000000008001674       0x48 ./Drivers/STM32H7xx_HAL_Driver/Src/stm32h7xx_hal_cortex.o
 .text.__NVIC_GetPriorityGrouping
                0x00000000080016bc       0x1c ./Drivers/STM32H7xx_HAL_Driver/Src/stm32h7xx_hal_cortex.o
 .text.__NVIC_EnableIRQ
                0x00000000080016d8       0x3c ./Drivers/STM32H7xx_HAL_Driver/Src/stm32h7xx_hal_cortex.o
 .text.__NVIC_SetPriority
                0x0000000008001714       0x54 ./Drivers/STM32H7xx_HAL_Driver/Src/stm32h7xx_hal_cortex.o
 .text.NVIC_EncodePriority
                0x0000000008001768       0x66 ./Drivers/STM32H7xx_HAL_Driver/Src/stm32h7xx_hal_cortex.o
 *fill*         0x00000000080017ce        0x2 
 .text.SysTick_Config
                0x00000000080017d0       0x44 ./Drivers/STM32H7xx_HAL_Driver/Src/stm32h7xx_hal_cortex.o
 .text.HAL_NVIC_SetPriorityGrouping
                0x0000000008001814       0x16 ./Drivers/STM32H7xx_HAL_Driver/Src/stm32h7xx_hal_cortex.o
                0x0000000008001814                HAL_NVIC_SetPriorityGrouping
 .text.HAL_NVIC_SetPriority
                0x000000000800182a       0x34 ./Drivers/STM32H7xx_HAL_Driver/Src/stm32h7xx_hal_cortex.o
                0x000000000800182a                HAL_NVIC_SetPriority
 .text.HAL_NVIC_EnableIRQ
                0x000000000800185e       0x1c ./Drivers/STM32H7xx_HAL_Driver/Src/stm32h7xx_hal_cortex.o
                0x000000000800185e                HAL_NVIC_EnableIRQ
 .text.HAL_SYSTICK_Config
                0x000000000800187a       0x18 ./Drivers/STM32H7xx_HAL_Driver/Src/stm32h7xx_hal_cortex.o
                0x000000000800187a                HAL_SYSTICK_Config
 *fill*         0x0000000008001892        0x2 
 .text.HAL_ETH_Init
                0x0000000008001894      0x1cc ./Drivers/STM32H7xx_HAL_Driver/Src/stm32h7xx_hal_eth.o
                0x0000000008001894                HAL_ETH_Init
 .text.HAL_ETH_SetMDIOClockRange
                0x0000000008001a60       0xb0 ./Drivers/STM32H7xx_HAL_Driver/Src/stm32h7xx_hal_eth.o
                0x0000000008001a60                HAL_ETH_SetMDIOClockRange
 .text.ETH_SetMACConfig
                0x0000000008001b10      0x238 ./Drivers/STM32H7xx_HAL_Driver/Src/stm32h7xx_hal_eth.o
 .text.ETH_SetDMAConfig
                0x0000000008001d48      0x10c ./Drivers/STM32H7xx_HAL_Driver/Src/stm32h7xx_hal_eth.o
 .text.ETH_MACDMAConfig
                0x0000000008001e54      0x13a ./Drivers/STM32H7xx_HAL_Driver/Src/stm32h7xx_hal_eth.o
 .text.ETH_DMATxDescListInit
                0x0000000008001f8e       0x92 ./Drivers/STM32H7xx_HAL_Driver/Src/stm32h7xx_hal_eth.o
 .text.ETH_DMARxDescListInit
                0x0000000008002020       0xba ./Drivers/STM32H7xx_HAL_Driver/Src/stm32h7xx_hal_eth.o
 *fill*         0x00000000080020da        0x2 
 .text.HAL_GPIO_Init
                0x00000000080020dc      0x360 ./Drivers/STM32H7xx_HAL_Driver/Src/stm32h7xx_hal_gpio.o
                0x00000000080020dc                HAL_GPIO_Init
 .text.HAL_GPIO_WritePin
                0x000000000800243c       0x32 ./Drivers/STM32H7xx_HAL_Driver/Src/stm32h7xx_hal_gpio.o
                0x000000000800243c                HAL_GPIO_WritePin
 .text.HAL_PCD_Init
                0x000000000800246e      0x248 ./Drivers/STM32H7xx_HAL_Driver/Src/stm32h7xx_hal_pcd.o
                0x000000000800246e                HAL_PCD_Init
 .text.HAL_PCD_Start
                0x00000000080026b6       0x6a ./Drivers/STM32H7xx_HAL_Driver/Src/stm32h7xx_hal_pcd.o
                0x00000000080026b6                HAL_PCD_Start
 .text.HAL_PCD_IRQHandler
                0x0000000008002720      0x998 ./Drivers/STM32H7xx_HAL_Driver/Src/stm32h7xx_hal_pcd.o
                0x0000000008002720                HAL_PCD_IRQHandler
 .text.HAL_PCD_SetAddress
                0x00000000080030b8       0x4a ./Drivers/STM32H7xx_HAL_Driver/Src/stm32h7xx_hal_pcd.o
                0x00000000080030b8                HAL_PCD_SetAddress
 .text.HAL_PCD_EP_Open
                0x0000000008003102       0xd0 ./Drivers/STM32H7xx_HAL_Driver/Src/stm32h7xx_hal_pcd.o
                0x0000000008003102                HAL_PCD_EP_Open
 .text.HAL_PCD_EP_Close
                0x00000000080031d2       0x94 ./Drivers/STM32H7xx_HAL_Driver/Src/stm32h7xx_hal_pcd.o
                0x00000000080031d2                HAL_PCD_EP_Close
 .text.HAL_PCD_EP_Receive
                0x0000000008003266       0x78 ./Drivers/STM32H7xx_HAL_Driver/Src/stm32h7xx_hal_pcd.o
                0x0000000008003266                HAL_PCD_EP_Receive
 .text.HAL_PCD_EP_GetRxCount
                0x00000000080032de       0x30 ./Drivers/STM32H7xx_HAL_Driver/Src/stm32h7xx_hal_pcd.o
                0x00000000080032de                HAL_PCD_EP_GetRxCount
 .text.HAL_PCD_EP_Transmit
                0x000000000800330e       0x76 ./Drivers/STM32H7xx_HAL_Driver/Src/stm32h7xx_hal_pcd.o
                0x000000000800330e                HAL_PCD_EP_Transmit
 .text.HAL_PCD_EP_SetStall
                0x0000000008003384       0xc8 ./Drivers/STM32H7xx_HAL_Driver/Src/stm32h7xx_hal_pcd.o
                0x0000000008003384                HAL_PCD_EP_SetStall
 .text.HAL_PCD_EP_ClrStall
                0x000000000800344c       0xac ./Drivers/STM32H7xx_HAL_Driver/Src/stm32h7xx_hal_pcd.o
                0x000000000800344c                HAL_PCD_EP_ClrStall
 .text.HAL_PCD_EP_Abort
                0x00000000080034f8       0x62 ./Drivers/STM32H7xx_HAL_Driver/Src/stm32h7xx_hal_pcd.o
                0x00000000080034f8                HAL_PCD_EP_Abort
 .text.PCD_WriteEmptyTxFifo
                0x000000000800355a      0x11a ./Drivers/STM32H7xx_HAL_Driver/Src/stm32h7xx_hal_pcd.o
 .text.PCD_EP_OutXfrComplete_int
                0x0000000008003674      0x1d0 ./Drivers/STM32H7xx_HAL_Driver/Src/stm32h7xx_hal_pcd.o
 .text.PCD_EP_OutSetupPacket_int
                0x0000000008003844       0x8c ./Drivers/STM32H7xx_HAL_Driver/Src/stm32h7xx_hal_pcd.o
 .text.HAL_PCDEx_SetTxFiFo
                0x00000000080038d0       0x8e ./Drivers/STM32H7xx_HAL_Driver/Src/stm32h7xx_hal_pcd_ex.o
                0x00000000080038d0                HAL_PCDEx_SetTxFiFo
 .text.HAL_PCDEx_SetRxFiFo
                0x000000000800395e       0x22 ./Drivers/STM32H7xx_HAL_Driver/Src/stm32h7xx_hal_pcd_ex.o
                0x000000000800395e                HAL_PCDEx_SetRxFiFo
 .text.HAL_PCDEx_ActivateLPM
                0x0000000008003980       0x48 ./Drivers/STM32H7xx_HAL_Driver/Src/stm32h7xx_hal_pcd_ex.o
                0x0000000008003980                HAL_PCDEx_ActivateLPM
 .text.HAL_PCDEx_LPM_Callback
                0x00000000080039c8       0x18 ./Drivers/STM32H7xx_HAL_Driver/Src/stm32h7xx_hal_pcd_ex.o
                0x00000000080039c8                HAL_PCDEx_LPM_Callback
 .text.HAL_PWREx_ConfigSupply
                0x00000000080039e0       0x74 ./Drivers/STM32H7xx_HAL_Driver/Src/stm32h7xx_hal_pwr_ex.o
                0x00000000080039e0                HAL_PWREx_ConfigSupply
 .text.HAL_PWREx_EnableUSBVoltageDetector
                0x0000000008003a54       0x20 ./Drivers/STM32H7xx_HAL_Driver/Src/stm32h7xx_hal_pwr_ex.o
                0x0000000008003a54                HAL_PWREx_EnableUSBVoltageDetector
 .text.HAL_RCC_OscConfig
                0x0000000008003a74      0x8b4 ./Drivers/STM32H7xx_HAL_Driver/Src/stm32h7xx_hal_rcc.o
                0x0000000008003a74                HAL_RCC_OscConfig
 .text.HAL_RCC_ClockConfig
                0x0000000008004328      0x36c ./Drivers/STM32H7xx_HAL_Driver/Src/stm32h7xx_hal_rcc.o
                0x0000000008004328                HAL_RCC_ClockConfig
 .text.HAL_RCC_GetSysClockFreq
                0x0000000008004694      0x2f4 ./Drivers/STM32H7xx_HAL_Driver/Src/stm32h7xx_hal_rcc.o
                0x0000000008004694                HAL_RCC_GetSysClockFreq
 .text.HAL_RCC_GetHCLKFreq
                0x0000000008004988       0x60 ./Drivers/STM32H7xx_HAL_Driver/Src/stm32h7xx_hal_rcc.o
                0x0000000008004988                HAL_RCC_GetHCLKFreq
 .text.HAL_RCC_GetPCLK1Freq
                0x00000000080049e8       0x2c ./Drivers/STM32H7xx_HAL_Driver/Src/stm32h7xx_hal_rcc.o
                0x00000000080049e8                HAL_RCC_GetPCLK1Freq
 .text.HAL_RCC_GetPCLK2Freq
                0x0000000008004a14       0x2c ./Drivers/STM32H7xx_HAL_Driver/Src/stm32h7xx_hal_rcc.o
                0x0000000008004a14                HAL_RCC_GetPCLK2Freq
 .text.HAL_RCCEx_PeriphCLKConfig
                0x0000000008004a40     0x1414 ./Drivers/STM32H7xx_HAL_Driver/Src/stm32h7xx_hal_rcc_ex.o
                0x0000000008004a40                HAL_RCCEx_PeriphCLKConfig
 .text.HAL_RCCEx_GetD3PCLK1Freq
                0x0000000008005e54       0x2c ./Drivers/STM32H7xx_HAL_Driver/Src/stm32h7xx_hal_rcc_ex.o
                0x0000000008005e54                HAL_RCCEx_GetD3PCLK1Freq
 .text.HAL_RCCEx_GetPLL2ClockFreq
                0x0000000008005e80      0x2a8 ./Drivers/STM32H7xx_HAL_Driver/Src/stm32h7xx_hal_rcc_ex.o
                0x0000000008005e80                HAL_RCCEx_GetPLL2ClockFreq
 .text.HAL_RCCEx_GetPLL3ClockFreq
                0x0000000008006128      0x2a8 ./Drivers/STM32H7xx_HAL_Driver/Src/stm32h7xx_hal_rcc_ex.o
                0x0000000008006128                HAL_RCCEx_GetPLL3ClockFreq
 .text.RCCEx_PLL2_Config
                0x00000000080063d0      0x164 ./Drivers/STM32H7xx_HAL_Driver/Src/stm32h7xx_hal_rcc_ex.o
 .text.RCCEx_PLL3_Config
                0x0000000008006534      0x164 ./Drivers/STM32H7xx_HAL_Driver/Src/stm32h7xx_hal_rcc_ex.o
 .text.HAL_UART_Init
                0x0000000008006698       0xa0 ./Drivers/STM32H7xx_HAL_Driver/Src/stm32h7xx_hal_uart.o
                0x0000000008006698                HAL_UART_Init
 .text.UART_SetConfig
                0x0000000008006738      0xad0 ./Drivers/STM32H7xx_HAL_Driver/Src/stm32h7xx_hal_uart.o
                0x0000000008006738                UART_SetConfig
 .text.UART_AdvFeatureConfig
                0x0000000008007208      0x144 ./Drivers/STM32H7xx_HAL_Driver/Src/stm32h7xx_hal_uart.o
                0x0000000008007208                UART_AdvFeatureConfig
 .text.UART_CheckIdleState
                0x000000000800734c      0x154 ./Drivers/STM32H7xx_HAL_Driver/Src/stm32h7xx_hal_uart.o
                0x000000000800734c                UART_CheckIdleState
 .text.UART_WaitOnFlagUntilTimeout
                0x00000000080074a0       0xce ./Drivers/STM32H7xx_HAL_Driver/Src/stm32h7xx_hal_uart.o
                0x00000000080074a0                UART_WaitOnFlagUntilTimeout
 *fill*         0x000000000800756e        0x2 
 .text.UART_EndRxTransfer
                0x0000000008007570       0xcc ./Drivers/STM32H7xx_HAL_Driver/Src/stm32h7xx_hal_uart.o
 .text.HAL_UARTEx_DisableFifoMode
                0x000000000800763c       0x72 ./Drivers/STM32H7xx_HAL_Driver/Src/stm32h7xx_hal_uart_ex.o
                0x000000000800763c                HAL_UARTEx_DisableFifoMode
 .text.HAL_UARTEx_SetTxFifoThreshold
                0x00000000080076ae       0x7c ./Drivers/STM32H7xx_HAL_Driver/Src/stm32h7xx_hal_uart_ex.o
                0x00000000080076ae                HAL_UARTEx_SetTxFifoThreshold
 .text.HAL_UARTEx_SetRxFifoThreshold
                0x000000000800772a       0x7c ./Drivers/STM32H7xx_HAL_Driver/Src/stm32h7xx_hal_uart_ex.o
                0x000000000800772a                HAL_UARTEx_SetRxFifoThreshold
 *fill*         0x00000000080077a6        0x2 
 .text.UARTEx_SetNbDataToProcess
                0x00000000080077a8       0x9c ./Drivers/STM32H7xx_HAL_Driver/Src/stm32h7xx_hal_uart_ex.o
 .text.USB_CoreInit
                0x0000000008007844       0xdc ./Drivers/STM32H7xx_HAL_Driver/Src/stm32h7xx_ll_usb.o
                0x0000000008007844                USB_CoreInit
 .text.USB_SetTurnaroundTime
                0x0000000008007920      0x144 ./Drivers/STM32H7xx_HAL_Driver/Src/stm32h7xx_ll_usb.o
                0x0000000008007920                USB_SetTurnaroundTime
 .text.USB_EnableGlobalInt
                0x0000000008007a64       0x22 ./Drivers/STM32H7xx_HAL_Driver/Src/stm32h7xx_ll_usb.o
                0x0000000008007a64                USB_EnableGlobalInt
 .text.USB_DisableGlobalInt
                0x0000000008007a86       0x22 ./Drivers/STM32H7xx_HAL_Driver/Src/stm32h7xx_ll_usb.o
                0x0000000008007a86                USB_DisableGlobalInt
 .text.USB_SetCurrentMode
                0x0000000008007aa8       0x98 ./Drivers/STM32H7xx_HAL_Driver/Src/stm32h7xx_ll_usb.o
                0x0000000008007aa8                USB_SetCurrentMode
 .text.USB_DevInit
                0x0000000008007b40      0x2bc ./Drivers/STM32H7xx_HAL_Driver/Src/stm32h7xx_ll_usb.o
                0x0000000008007b40                USB_DevInit
 .text.USB_FlushTxFifo
                0x0000000008007dfc       0x68 ./Drivers/STM32H7xx_HAL_Driver/Src/stm32h7xx_ll_usb.o
                0x0000000008007dfc                USB_FlushTxFifo
 .text.USB_FlushRxFifo
                0x0000000008007e64       0x60 ./Drivers/STM32H7xx_HAL_Driver/Src/stm32h7xx_ll_usb.o
                0x0000000008007e64                USB_FlushRxFifo
 .text.USB_SetDevSpeed
                0x0000000008007ec4       0x32 ./Drivers/STM32H7xx_HAL_Driver/Src/stm32h7xx_ll_usb.o
                0x0000000008007ec4                USB_SetDevSpeed
 .text.USB_GetDevSpeed
                0x0000000008007ef6       0x4a ./Drivers/STM32H7xx_HAL_Driver/Src/stm32h7xx_ll_usb.o
                0x0000000008007ef6                USB_GetDevSpeed
 .text.USB_ActivateEndpoint
                0x0000000008007f40      0x110 ./Drivers/STM32H7xx_HAL_Driver/Src/stm32h7xx_ll_usb.o
                0x0000000008007f40                USB_ActivateEndpoint
 .text.USB_DeactivateEndpoint
                0x0000000008008050      0x1b8 ./Drivers/STM32H7xx_HAL_Driver/Src/stm32h7xx_ll_usb.o
                0x0000000008008050                USB_DeactivateEndpoint
 .text.USB_EPStartXfer
                0x0000000008008208      0x540 ./Drivers/STM32H7xx_HAL_Driver/Src/stm32h7xx_ll_usb.o
                0x0000000008008208                USB_EPStartXfer
 .text.USB_EPStopXfer
                0x0000000008008748      0x154 ./Drivers/STM32H7xx_HAL_Driver/Src/stm32h7xx_ll_usb.o
                0x0000000008008748                USB_EPStopXfer
 .text.USB_WritePacket
                0x000000000800889c       0x7c ./Drivers/STM32H7xx_HAL_Driver/Src/stm32h7xx_ll_usb.o
                0x000000000800889c                USB_WritePacket
 .text.USB_ReadPacket
                0x0000000008008918       0xb0 ./Drivers/STM32H7xx_HAL_Driver/Src/stm32h7xx_ll_usb.o
                0x0000000008008918                USB_ReadPacket
 .text.USB_EPSetStall
                0x00000000080089c8       0xdc ./Drivers/STM32H7xx_HAL_Driver/Src/stm32h7xx_ll_usb.o
                0x00000000080089c8                USB_EPSetStall
 .text.USB_EPClearStall
                0x0000000008008aa4       0xcc ./Drivers/STM32H7xx_HAL_Driver/Src/stm32h7xx_ll_usb.o
                0x0000000008008aa4                USB_EPClearStall
 .text.USB_SetDevAddress
                0x0000000008008b70       0x4c ./Drivers/STM32H7xx_HAL_Driver/Src/stm32h7xx_ll_usb.o
                0x0000000008008b70                USB_SetDevAddress
 .text.USB_DevConnect
                0x0000000008008bbc       0x42 ./Drivers/STM32H7xx_HAL_Driver/Src/stm32h7xx_ll_usb.o
                0x0000000008008bbc                USB_DevConnect
 .text.USB_DevDisconnect
                0x0000000008008bfe       0x42 ./Drivers/STM32H7xx_HAL_Driver/Src/stm32h7xx_ll_usb.o
                0x0000000008008bfe                USB_DevDisconnect
 .text.USB_ReadInterrupts
                0x0000000008008c40       0x26 ./Drivers/STM32H7xx_HAL_Driver/Src/stm32h7xx_ll_usb.o
                0x0000000008008c40                USB_ReadInterrupts
 .text.USB_ReadDevAllOutEpInterrupt
                0x0000000008008c66       0x34 ./Drivers/STM32H7xx_HAL_Driver/Src/stm32h7xx_ll_usb.o
                0x0000000008008c66                USB_ReadDevAllOutEpInterrupt
 .text.USB_ReadDevAllInEpInterrupt
                0x0000000008008c9a       0x34 ./Drivers/STM32H7xx_HAL_Driver/Src/stm32h7xx_ll_usb.o
                0x0000000008008c9a                USB_ReadDevAllInEpInterrupt
 .text.USB_ReadDevOutEPInterrupt
                0x0000000008008cce       0x3c ./Drivers/STM32H7xx_HAL_Driver/Src/stm32h7xx_ll_usb.o
                0x0000000008008cce                USB_ReadDevOutEPInterrupt
 .text.USB_ReadDevInEPInterrupt
                0x0000000008008d0a       0x5c ./Drivers/STM32H7xx_HAL_Driver/Src/stm32h7xx_ll_usb.o
                0x0000000008008d0a                USB_ReadDevInEPInterrupt
 .text.USB_GetMode
                0x0000000008008d66       0x1c ./Drivers/STM32H7xx_HAL_Driver/Src/stm32h7xx_ll_usb.o
                0x0000000008008d66                USB_GetMode
 *fill*         0x0000000008008d82        0x2 
 .text.USB_ActivateSetup
                0x0000000008008d84       0x48 ./Drivers/STM32H7xx_HAL_Driver/Src/stm32h7xx_ll_usb.o
                0x0000000008008d84                USB_ActivateSetup
 .text.USB_EP0_OutStart
                0x0000000008008dcc       0xbc ./Drivers/STM32H7xx_HAL_Driver/Src/stm32h7xx_ll_usb.o
                0x0000000008008dcc                USB_EP0_OutStart
 .text.USB_CoreReset
                0x0000000008008e88       0x68 ./Drivers/STM32H7xx_HAL_Driver/Src/stm32h7xx_ll_usb.o
 .text.USBD_CDC_Init
                0x0000000008008ef0      0x1f0 ./Middlewares/ST/STM32_USB_Device_Library/Class/CDC/Src/usbd_cdc.o
 .text.USBD_CDC_DeInit
                0x00000000080090e0      0x104 ./Middlewares/ST/STM32_USB_Device_Library/Class/CDC/Src/usbd_cdc.o
 .text.USBD_CDC_Setup
                0x00000000080091e4      0x1b8 ./Middlewares/ST/STM32_USB_Device_Library/Class/CDC/Src/usbd_cdc.o
 .text.USBD_CDC_DataIn
                0x000000000800939c       0xfe ./Middlewares/ST/STM32_USB_Device_Library/Class/CDC/Src/usbd_cdc.o
 .text.USBD_CDC_DataOut
                0x000000000800949a       0x70 ./Middlewares/ST/STM32_USB_Device_Library/Class/CDC/Src/usbd_cdc.o
 .text.USBD_CDC_EP0_RxReady
                0x000000000800950a       0x76 ./Middlewares/ST/STM32_USB_Device_Library/Class/CDC/Src/usbd_cdc.o
 .text.USBD_CDC_GetFSCfgDesc
                0x0000000008009580       0x70 ./Middlewares/ST/STM32_USB_Device_Library/Class/CDC/Src/usbd_cdc.o
 .text.USBD_CDC_GetHSCfgDesc
                0x00000000080095f0       0x70 ./Middlewares/ST/STM32_USB_Device_Library/Class/CDC/Src/usbd_cdc.o
 .text.USBD_CDC_GetOtherSpeedCfgDesc
                0x0000000008009660       0x70 ./Middlewares/ST/STM32_USB_Device_Library/Class/CDC/Src/usbd_cdc.o
 .text.USBD_CDC_GetDeviceQualifierDescriptor
                0x00000000080096d0       0x20 ./Middlewares/ST/STM32_USB_Device_Library/Class/CDC/Src/usbd_cdc.o
                0x00000000080096d0                USBD_CDC_GetDeviceQualifierDescriptor
 .text.USBD_CDC_RegisterInterface
                0x00000000080096f0       0x34 ./Middlewares/ST/STM32_USB_Device_Library/Class/CDC/Src/usbd_cdc.o
                0x00000000080096f0                USBD_CDC_RegisterInterface
 .text.USBD_CDC_SetTxBuffer
                0x0000000008009724       0x44 ./Middlewares/ST/STM32_USB_Device_Library/Class/CDC/Src/usbd_cdc.o
                0x0000000008009724                USBD_CDC_SetTxBuffer
 .text.USBD_CDC_SetRxBuffer
                0x0000000008009768       0x3a ./Middlewares/ST/STM32_USB_Device_Library/Class/CDC/Src/usbd_cdc.o
                0x0000000008009768                USBD_CDC_SetRxBuffer
 *fill*         0x00000000080097a2        0x2 
 .text.USBD_CDC_TransmitPacket
                0x00000000080097a4       0x80 ./Middlewares/ST/STM32_USB_Device_Library/Class/CDC/Src/usbd_cdc.o
                0x00000000080097a4                USBD_CDC_TransmitPacket
 .text.USBD_CDC_ReceivePacket
                0x0000000008009824       0x6c ./Middlewares/ST/STM32_USB_Device_Library/Class/CDC/Src/usbd_cdc.o
                0x0000000008009824                USBD_CDC_ReceivePacket
 .text.USBD_Init
                0x0000000008009890       0x60 ./Middlewares/ST/STM32_USB_Device_Library/Core/Src/usbd_core.o
                0x0000000008009890                USBD_Init
 .text.USBD_RegisterClass
                0x00000000080098f0       0x6c ./Middlewares/ST/STM32_USB_Device_Library/Core/Src/usbd_core.o
                0x00000000080098f0                USBD_RegisterClass
 .text.USBD_Start
                0x000000000800995c       0x18 ./Middlewares/ST/STM32_USB_Device_Library/Core/Src/usbd_core.o
                0x000000000800995c                USBD_Start
 .text.USBD_RunTestMode
                0x0000000008009974       0x16 ./Middlewares/ST/STM32_USB_Device_Library/Core/Src/usbd_core.o
                0x0000000008009974                USBD_RunTestMode
 .text.USBD_SetClassConfig
                0x000000000800998a       0x38 ./Middlewares/ST/STM32_USB_Device_Library/Core/Src/usbd_core.o
                0x000000000800998a                USBD_SetClassConfig
 .text.USBD_ClrClassConfig
                0x00000000080099c2       0x34 ./Middlewares/ST/STM32_USB_Device_Library/Core/Src/usbd_core.o
                0x00000000080099c2                USBD_ClrClassConfig
 .text.USBD_LL_SetupStage
                0x00000000080099f6       0xaa ./Middlewares/ST/STM32_USB_Device_Library/Core/Src/usbd_core.o
                0x00000000080099f6                USBD_LL_SetupStage
 .text.USBD_LL_DataOutStage
                0x0000000008009aa0      0x166 ./Middlewares/ST/STM32_USB_Device_Library/Core/Src/usbd_core.o
                0x0000000008009aa0                USBD_LL_DataOutStage
 .text.USBD_LL_DataInStage
                0x0000000008009c06      0x164 ./Middlewares/ST/STM32_USB_Device_Library/Core/Src/usbd_core.o
                0x0000000008009c06                USBD_LL_DataInStage
 .text.USBD_LL_Reset
                0x0000000008009d6a       0xa4 ./Middlewares/ST/STM32_USB_Device_Library/Core/Src/usbd_core.o
                0x0000000008009d6a                USBD_LL_Reset
 .text.USBD_LL_SetSpeed
                0x0000000008009e0e       0x20 ./Middlewares/ST/STM32_USB_Device_Library/Core/Src/usbd_core.o
                0x0000000008009e0e                USBD_LL_SetSpeed
 .text.USBD_LL_Suspend
                0x0000000008009e2e       0x38 ./Middlewares/ST/STM32_USB_Device_Library/Core/Src/usbd_core.o
                0x0000000008009e2e                USBD_LL_Suspend
 .text.USBD_LL_Resume
                0x0000000008009e66       0x30 ./Middlewares/ST/STM32_USB_Device_Library/Core/Src/usbd_core.o
                0x0000000008009e66                USBD_LL_Resume
 .text.USBD_LL_SOF
                0x0000000008009e96       0x40 ./Middlewares/ST/STM32_USB_Device_Library/Core/Src/usbd_core.o
                0x0000000008009e96                USBD_LL_SOF
 .text.USBD_LL_IsoINIncomplete
                0x0000000008009ed6       0x64 ./Middlewares/ST/STM32_USB_Device_Library/Core/Src/usbd_core.o
                0x0000000008009ed6                USBD_LL_IsoINIncomplete
 .text.USBD_LL_IsoOUTIncomplete
                0x0000000008009f3a       0x64 ./Middlewares/ST/STM32_USB_Device_Library/Core/Src/usbd_core.o
                0x0000000008009f3a                USBD_LL_IsoOUTIncomplete
 .text.USBD_LL_DevConnected
                0x0000000008009f9e       0x16 ./Middlewares/ST/STM32_USB_Device_Library/Core/Src/usbd_core.o
                0x0000000008009f9e                USBD_LL_DevConnected
 .text.USBD_LL_DevDisconnected
                0x0000000008009fb4       0x46 ./Middlewares/ST/STM32_USB_Device_Library/Core/Src/usbd_core.o
                0x0000000008009fb4                USBD_LL_DevDisconnected
 .text.USBD_CoreFindIF
                0x0000000008009ffa       0x1a ./Middlewares/ST/STM32_USB_Device_Library/Core/Src/usbd_core.o
                0x0000000008009ffa                USBD_CoreFindIF
 .text.USBD_CoreFindEP
                0x000000000800a014       0x1a ./Middlewares/ST/STM32_USB_Device_Library/Core/Src/usbd_core.o
                0x000000000800a014                USBD_CoreFindEP
 .text.USBD_GetEpDesc
                0x000000000800a02e       0x74 ./Middlewares/ST/STM32_USB_Device_Library/Core/Src/usbd_core.o
                0x000000000800a02e                USBD_GetEpDesc
 .text.USBD_GetNextDesc
                0x000000000800a0a2       0x3a ./Middlewares/ST/STM32_USB_Device_Library/Core/Src/usbd_core.o
                0x000000000800a0a2                USBD_GetNextDesc
 .text.SWAPBYTE
                0x000000000800a0dc       0x3c ./Middlewares/ST/STM32_USB_Device_Library/Core/Src/usbd_ctlreq.o
 .text.USBD_StdDevReq
                0x000000000800a118       0xe4 ./Middlewares/ST/STM32_USB_Device_Library/Core/Src/usbd_ctlreq.o
                0x000000000800a118                USBD_StdDevReq
 .text.USBD_StdItfReq
                0x000000000800a1fc       0xd8 ./Middlewares/ST/STM32_USB_Device_Library/Core/Src/usbd_ctlreq.o
                0x000000000800a1fc                USBD_StdItfReq
 .text.USBD_StdEPReq
                0x000000000800a2d4      0x33a ./Middlewares/ST/STM32_USB_Device_Library/Core/Src/usbd_ctlreq.o
                0x000000000800a2d4                USBD_StdEPReq
 *fill*         0x000000000800a60e        0x2 
 .text.USBD_GetDescriptor
                0x000000000800a610      0x2d4 ./Middlewares/ST/STM32_USB_Device_Library/Core/Src/usbd_ctlreq.o
 .text.USBD_SetAddress
                0x000000000800a8e4       0x88 ./Middlewares/ST/STM32_USB_Device_Library/Core/Src/usbd_ctlreq.o
 .text.USBD_SetConfig
                0x000000000800a96c      0x154 ./Middlewares/ST/STM32_USB_Device_Library/Core/Src/usbd_ctlreq.o
 .text.USBD_GetConfig
                0x000000000800aac0       0x6c ./Middlewares/ST/STM32_USB_Device_Library/Core/Src/usbd_ctlreq.o
 .text.USBD_GetStatus
                0x000000000800ab2c       0x68 ./Middlewares/ST/STM32_USB_Device_Library/Core/Src/usbd_ctlreq.o
 .text.USBD_SetFeature
                0x000000000800ab94       0x52 ./Middlewares/ST/STM32_USB_Device_Library/Core/Src/usbd_ctlreq.o
 .text.USBD_ClrFeature
                0x000000000800abe6       0x44 ./Middlewares/ST/STM32_USB_Device_Library/Core/Src/usbd_ctlreq.o
 .text.USBD_ParseSetupRequest
                0x000000000800ac2a       0x74 ./Middlewares/ST/STM32_USB_Device_Library/Core/Src/usbd_ctlreq.o
                0x000000000800ac2a                USBD_ParseSetupRequest
 .text.USBD_CtlError
                0x000000000800ac9e       0x22 ./Middlewares/ST/STM32_USB_Device_Library/Core/Src/usbd_ctlreq.o
                0x000000000800ac9e                USBD_CtlError
 .text.USBD_GetString
                0x000000000800acc0       0x8c ./Middlewares/ST/STM32_USB_Device_Library/Core/Src/usbd_ctlreq.o
                0x000000000800acc0                USBD_GetString
 .text.USBD_GetLen
                0x000000000800ad4c       0x34 ./Middlewares/ST/STM32_USB_Device_Library/Core/Src/usbd_ctlreq.o
 .text.USBD_CtlSendData
                0x000000000800ad80       0x36 ./Middlewares/ST/STM32_USB_Device_Library/Core/Src/usbd_ioreq.o
                0x000000000800ad80                USBD_CtlSendData
 .text.USBD_CtlContinueSendData
                0x000000000800adb6       0x22 ./Middlewares/ST/STM32_USB_Device_Library/Core/Src/usbd_ioreq.o
                0x000000000800adb6                USBD_CtlContinueSendData
 .text.USBD_CtlPrepareRx
                0x000000000800add8       0x3a ./Middlewares/ST/STM32_USB_Device_Library/Core/Src/usbd_ioreq.o
                0x000000000800add8                USBD_CtlPrepareRx
 .text.USBD_CtlContinueRx
                0x000000000800ae12       0x22 ./Middlewares/ST/STM32_USB_Device_Library/Core/Src/usbd_ioreq.o
                0x000000000800ae12                USBD_CtlContinueRx
 .text.USBD_CtlSendStatus
                0x000000000800ae34       0x26 ./Middlewares/ST/STM32_USB_Device_Library/Core/Src/usbd_ioreq.o
                0x000000000800ae34                USBD_CtlSendStatus
 .text.USBD_CtlReceiveStatus
                0x000000000800ae5a       0x26 ./Middlewares/ST/STM32_USB_Device_Library/Core/Src/usbd_ioreq.o
                0x000000000800ae5a                USBD_CtlReceiveStatus
 .text.MX_USB_DEVICE_Init
                0x000000000800ae80       0x64 ./USB_DEVICE/App/usb_device.o
                0x000000000800ae80                MX_USB_DEVICE_Init
 .text.CDC_Init_FS
                0x000000000800aee4       0x28 ./USB_DEVICE/App/usbd_cdc_if.o
 .text.CDC_DeInit_FS
                0x000000000800af0c       0x10 ./USB_DEVICE/App/usbd_cdc_if.o
 .text.CDC_Control_FS
                0x000000000800af1c       0xbc ./USB_DEVICE/App/usbd_cdc_if.o
 .text.CDC_Receive_FS
                0x000000000800afd8       0xdc ./USB_DEVICE/App/usbd_cdc_if.o
 .text.CDC_Transmit_FS
                0x000000000800b0b4       0x4c ./USB_DEVICE/App/usbd_cdc_if.o
                0x000000000800b0b4                CDC_Transmit_FS
 .text.CDC_TransmitCplt_FS
                0x000000000800b100       0x22 ./USB_DEVICE/App/usbd_cdc_if.o
 *fill*         0x000000000800b122        0x2 
 .text.USBD_FS_DeviceDescriptor
                0x000000000800b124       0x24 ./USB_DEVICE/App/usbd_desc.o
                0x000000000800b124                USBD_FS_DeviceDescriptor
 .text.USBD_FS_LangIDStrDescriptor
                0x000000000800b148       0x24 ./USB_DEVICE/App/usbd_desc.o
                0x000000000800b148                USBD_FS_LangIDStrDescriptor
 .text.USBD_FS_ProductStrDescriptor
                0x000000000800b16c       0x3c ./USB_DEVICE/App/usbd_desc.o
                0x000000000800b16c                USBD_FS_ProductStrDescriptor
 .text.USBD_FS_ManufacturerStrDescriptor
                0x000000000800b1a8       0x28 ./USB_DEVICE/App/usbd_desc.o
                0x000000000800b1a8                USBD_FS_ManufacturerStrDescriptor
 .text.USBD_FS_SerialStrDescriptor
                0x000000000800b1d0       0x24 ./USB_DEVICE/App/usbd_desc.o
                0x000000000800b1d0                USBD_FS_SerialStrDescriptor
 .text.USBD_FS_ConfigStrDescriptor
                0x000000000800b1f4       0x3c ./USB_DEVICE/App/usbd_desc.o
                0x000000000800b1f4                USBD_FS_ConfigStrDescriptor
 .text.USBD_FS_InterfaceStrDescriptor
                0x000000000800b230       0x3c ./USB_DEVICE/App/usbd_desc.o
                0x000000000800b230                USBD_FS_InterfaceStrDescriptor
 .text.Get_SerialNum
                0x000000000800b26c       0x58 ./USB_DEVICE/App/usbd_desc.o
 .text.IntToUnicode
                0x000000000800b2c4       0x7e ./USB_DEVICE/App/usbd_desc.o
 *fill*         0x000000000800b342        0x2 
 .text.HAL_PCD_MspInit
                0x000000000800b344       0xe8 ./USB_DEVICE/Target/usbd_conf.o
                0x000000000800b344                HAL_PCD_MspInit
 .text.HAL_PCD_SetupStageCallback
                0x000000000800b42c       0x24 ./USB_DEVICE/Target/usbd_conf.o
                0x000000000800b42c                HAL_PCD_SetupStageCallback
 .text.HAL_PCD_DataOutStageCallback
                0x000000000800b450       0x36 ./USB_DEVICE/Target/usbd_conf.o
                0x000000000800b450                HAL_PCD_DataOutStageCallback
 .text.HAL_PCD_DataInStageCallback
                0x000000000800b486       0x34 ./USB_DEVICE/Target/usbd_conf.o
                0x000000000800b486                HAL_PCD_DataInStageCallback
 .text.HAL_PCD_SOFCallback
                0x000000000800b4ba       0x1c ./USB_DEVICE/Target/usbd_conf.o
                0x000000000800b4ba                HAL_PCD_SOFCallback
 .text.HAL_PCD_ResetCallback
                0x000000000800b4d6       0x50 ./USB_DEVICE/Target/usbd_conf.o
                0x000000000800b4d6                HAL_PCD_ResetCallback
 *fill*         0x000000000800b526        0x2 
 .text.HAL_PCD_SuspendCallback
                0x000000000800b528       0x4c ./USB_DEVICE/Target/usbd_conf.o
                0x000000000800b528                HAL_PCD_SuspendCallback
 .text.HAL_PCD_ResumeCallback
                0x000000000800b574       0x1c ./USB_DEVICE/Target/usbd_conf.o
                0x000000000800b574                HAL_PCD_ResumeCallback
 .text.HAL_PCD_ISOOUTIncompleteCallback
                0x000000000800b590       0x24 ./USB_DEVICE/Target/usbd_conf.o
                0x000000000800b590                HAL_PCD_ISOOUTIncompleteCallback
 .text.HAL_PCD_ISOINIncompleteCallback
                0x000000000800b5b4       0x24 ./USB_DEVICE/Target/usbd_conf.o
                0x000000000800b5b4                HAL_PCD_ISOINIncompleteCallback
 .text.HAL_PCD_ConnectCallback
                0x000000000800b5d8       0x1c ./USB_DEVICE/Target/usbd_conf.o
                0x000000000800b5d8                HAL_PCD_ConnectCallback
 .text.HAL_PCD_DisconnectCallback
                0x000000000800b5f4       0x1c ./USB_DEVICE/Target/usbd_conf.o
                0x000000000800b5f4                HAL_PCD_DisconnectCallback
 .text.USBD_LL_Init
                0x000000000800b610       0xa0 ./USB_DEVICE/Target/usbd_conf.o
                0x000000000800b610                USBD_LL_Init
 .text.USBD_LL_Start
                0x000000000800b6b0       0x36 ./USB_DEVICE/Target/usbd_conf.o
                0x000000000800b6b0                USBD_LL_Start
 .text.USBD_LL_OpenEP
                0x000000000800b6e6       0x4c ./USB_DEVICE/Target/usbd_conf.o
                0x000000000800b6e6                USBD_LL_OpenEP
 .text.USBD_LL_CloseEP
                0x000000000800b732       0x3e ./USB_DEVICE/Target/usbd_conf.o
                0x000000000800b732                USBD_LL_CloseEP
 .text.USBD_LL_StallEP
                0x000000000800b770       0x3e ./USB_DEVICE/Target/usbd_conf.o
                0x000000000800b770                USBD_LL_StallEP
 .text.USBD_LL_ClearStallEP
                0x000000000800b7ae       0x3e ./USB_DEVICE/Target/usbd_conf.o
                0x000000000800b7ae                USBD_LL_ClearStallEP
 .text.USBD_LL_IsStallEP
                0x000000000800b7ec       0x58 ./USB_DEVICE/Target/usbd_conf.o
                0x000000000800b7ec                USBD_LL_IsStallEP
 .text.USBD_LL_SetUSBAddress
                0x000000000800b844       0x3e ./USB_DEVICE/Target/usbd_conf.o
                0x000000000800b844                USBD_LL_SetUSBAddress
 .text.USBD_LL_Transmit
                0x000000000800b882       0x42 ./USB_DEVICE/Target/usbd_conf.o
                0x000000000800b882                USBD_LL_Transmit
 .text.USBD_LL_PrepareReceive
                0x000000000800b8c4       0x42 ./USB_DEVICE/Target/usbd_conf.o
                0x000000000800b8c4                USBD_LL_PrepareReceive
 .text.USBD_LL_GetRxDataSize
                0x000000000800b906       0x26 ./USB_DEVICE/Target/usbd_conf.o
                0x000000000800b906                USBD_LL_GetRxDataSize
 .text.USBD_static_malloc
                0x000000000800b92c       0x1c ./USB_DEVICE/Target/usbd_conf.o
                0x000000000800b92c                USBD_static_malloc
 .text.USBD_static_free
                0x000000000800b948       0x14 ./USB_DEVICE/Target/usbd_conf.o
                0x000000000800b948                USBD_static_free
 .text.USBD_Get_USB_Status
                0x000000000800b95c       0x58 ./USB_DEVICE/Target/usbd_conf.o
                0x000000000800b95c                USBD_Get_USB_Status
 .text.ecp_SetValue
                0x000000000800b9b4       0x56 ./myIncludes/curve25519-master/source/curve25519_mehdi.o
                0x000000000800b9b4                ecp_SetValue
 .text.ecp_Copy
                0x000000000800ba0a       0x1c ./myIncludes/curve25519-master/source/curve25519_mehdi.o
                0x000000000800ba0a                ecp_Copy
 .text.ecp_CmpNE
                0x000000000800ba26       0x90 ./myIncludes/curve25519-master/source/curve25519_mehdi.o
                0x000000000800ba26                ecp_CmpNE
 .text.ecp_CmpLT
                0x000000000800bab6       0x22 ./myIncludes/curve25519-master/source/curve25519_mehdi.o
                0x000000000800bab6                ecp_CmpLT
 .text.ecp_Add  0x000000000800bad8      0x3aa ./myIncludes/curve25519-master/source/curve25519_mehdi.o
                0x000000000800bad8                ecp_Add
 .text.ecp_Sub  0x000000000800be82      0x3aa ./myIncludes/curve25519-master/source/curve25519_mehdi.o
                0x000000000800be82                ecp_Sub
 .text.ecp_AddReduce
                0x000000000800c22c      0x50a ./myIncludes/curve25519-master/source/curve25519_mehdi.o
                0x000000000800c22c                ecp_AddReduce
 .text.ecp_SubReduce
                0x000000000800c736      0x518 ./myIncludes/curve25519-master/source/curve25519_mehdi.o
                0x000000000800c736                ecp_SubReduce
 *fill*         0x000000000800cc4e        0x2 
 .text.ecp_Mod  0x000000000800cc50       0x98 ./myIncludes/curve25519-master/source/curve25519_mehdi.o
                0x000000000800cc50                ecp_Mod
 .text.ecp_mul_set
                0x000000000800cce8      0x446 ./myIncludes/curve25519-master/source/curve25519_mehdi.o
 .text.ecp_mul_add
                0x000000000800d12e      0x5c2 ./myIncludes/curve25519-master/source/curve25519_mehdi.o
 .text.ecp_WordMulAddReduce
                0x000000000800d6f0      0xbd4 ./myIncludes/curve25519-master/source/curve25519_mehdi.o
                0x000000000800d6f0                ecp_WordMulAddReduce
 .text.ecp_MulReduce
                0x000000000800e2c4       0xc2 ./myIncludes/curve25519-master/source/curve25519_mehdi.o
                0x000000000800e2c4                ecp_MulReduce
 .text.ecp_SqrReduce
                0x000000000800e386       0xc0 ./myIncludes/curve25519-master/source/curve25519_mehdi.o
                0x000000000800e386                ecp_SqrReduce
 .text.ecp_MulMod
                0x000000000800e446       0x24 ./myIncludes/curve25519-master/source/curve25519_mehdi.o
                0x000000000800e446                ecp_MulMod
 .text.ecp_Inverse
                0x000000000800e46a      0x3f2 ./myIncludes/curve25519-master/source/curve25519_mehdi.o
                0x000000000800e46a                ecp_Inverse
 .text.eco_ReduceHiWord
                0x000000000800e85c      0x1fc ./myIncludes/curve25519-master/source/curve25519_order.o
                0x000000000800e85c                eco_ReduceHiWord
 .text.eco_Mod  0x000000000800ea58       0x44 ./myIncludes/curve25519-master/source/curve25519_order.o
                0x000000000800ea58                eco_Mod
 .text.eco_DigestToWords
                0x000000000800ea9c       0xca ./myIncludes/curve25519-master/source/curve25519_order.o
                0x000000000800ea9c                eco_DigestToWords
 .text.ecp_BytesToWords
                0x000000000800eb66       0x5e ./myIncludes/curve25519-master/source/curve25519_utils.o
                0x000000000800eb66                ecp_BytesToWords
 .text.ecp_EncodeInt
                0x000000000800ebc4       0xac ./myIncludes/curve25519-master/source/curve25519_utils.o
                0x000000000800ebc4                ecp_EncodeInt
 .text.ecp_DecodeInt
                0x000000000800ec70       0x96 ./myIncludes/curve25519-master/source/curve25519_utils.o
                0x000000000800ec70                ecp_DecodeInt
 .text.ecp_4Folds
                0x000000000800ed06       0x9c ./myIncludes/curve25519-master/source/curve25519_utils.o
                0x000000000800ed06                ecp_4Folds
 .text.ecp_8Folds
                0x000000000800eda2       0x68 ./myIncludes/curve25519-master/source/curve25519_utils.o
                0x000000000800eda2                ecp_8Folds
 .text.edp_AddAffinePoint
                0x000000000800ee0a      0x114 ./myIncludes/curve25519-master/source/ed25519_sign.o
                0x000000000800ee0a                edp_AddAffinePoint
 *fill*         0x000000000800ef1e        0x2 
 .text.edp_DoublePoint
                0x000000000800ef20      0x118 ./myIncludes/curve25519-master/source/ed25519_sign.o
                0x000000000800ef20                edp_DoublePoint
 .text.edp_ExtPoint2PE
                0x000000000800f038       0x60 ./myIncludes/curve25519-master/source/ed25519_sign.o
                0x000000000800f038                edp_ExtPoint2PE
 .text.ed25519_CalculateX
                0x000000000800f098      0x164 ./myIncludes/curve25519-master/source/ed25519_verify.o
                0x000000000800f098                ed25519_CalculateX
 .text.ecp_SrqMulReduce
                0x000000000800f1fc       0x4c ./myIncludes/curve25519-master/source/ed25519_verify.o
                0x000000000800f1fc                ecp_SrqMulReduce
 .text.ecp_ModExp2523
                0x000000000800f248      0x13e ./myIncludes/curve25519-master/source/ed25519_verify.o
                0x000000000800f248                ecp_ModExp2523
 .text.edp_AddPoint
                0x000000000800f386      0x116 ./myIncludes/curve25519-master/source/ed25519_verify.o
                0x000000000800f386                edp_AddPoint
 .text.ed25519_VerifySignature
                0x000000000800f49c       0x76 ./myIncludes/curve25519-master/source/ed25519_verify.o
                0x000000000800f49c                ed25519_VerifySignature
 .text.ed25519_Verify_Init
                0x000000000800f512      0x376 ./myIncludes/curve25519-master/source/ed25519_verify.o
                0x000000000800f512                ed25519_Verify_Init
 .text.edp_PolyPointMultiply
                0x000000000800f888      0x188 ./myIncludes/curve25519-master/source/ed25519_verify.o
 .text.ed25519_Verify_Check
                0x000000000800fa10      0x12c ./myIncludes/curve25519-master/source/ed25519_verify.o
                0x000000000800fa10                ed25519_Verify_Check
 *fill*         0x000000000800fb3c        0x4 
 .text.SHA512_Init
                0x000000000800fb40       0xe0 ./myIncludes/curve25519-master/source/sha512.o
                0x000000000800fb40                SHA512_Init
 .text.SHA512_Final
                0x000000000800fc20      0x28a ./myIncludes/curve25519-master/source/sha512.o
                0x000000000800fc20                SHA512_Final
 .text.SHA512_Update
                0x000000000800feaa      0x12e ./myIncludes/curve25519-master/source/sha512.o
                0x000000000800feaa                SHA512_Update
 .text.SHA512_Transform
                0x000000000800ffd8     0xe5a8 ./myIncludes/curve25519-master/source/sha512.o
                0x000000000800ffd8                SHA512_Transform
 .text.Keccak_Dispatch
                0x000000000801e580       0x6c ./myIncludes/myliboqs/common/sha3/xkcp_sha3.o
 .text.keccak_inc_reset
                0x000000000801e5ec       0x30 ./myIncludes/myliboqs/common/sha3/xkcp_sha3.o
 .text.keccak_inc_absorb
                0x000000000801e61c      0x10c ./myIncludes/myliboqs/common/sha3/xkcp_sha3.o
 .text.keccak_inc_finalize
                0x000000000801e728       0x50 ./myIncludes/myliboqs/common/sha3/xkcp_sha3.o
 .text.keccak_inc_squeeze
                0x000000000801e778       0xd0 ./myIncludes/myliboqs/common/sha3/xkcp_sha3.o
 .text.OQS_SHA3_shake128_inc_init
                0x000000000801e848       0x36 ./myIncludes/myliboqs/common/sha3/xkcp_sha3.o
                0x000000000801e848                OQS_SHA3_shake128_inc_init
 .text.OQS_SHA3_shake128_inc_absorb
                0x000000000801e87e       0x22 ./myIncludes/myliboqs/common/sha3/xkcp_sha3.o
                0x000000000801e87e                OQS_SHA3_shake128_inc_absorb
 .text.OQS_SHA3_shake128_inc_finalize
                0x000000000801e8a0       0x1e ./myIncludes/myliboqs/common/sha3/xkcp_sha3.o
                0x000000000801e8a0                OQS_SHA3_shake128_inc_finalize
 .text.OQS_SHA3_shake128_inc_squeeze
                0x000000000801e8be       0x22 ./myIncludes/myliboqs/common/sha3/xkcp_sha3.o
                0x000000000801e8be                OQS_SHA3_shake128_inc_squeeze
 .text.OQS_SHA3_shake128_inc_ctx_release
                0x000000000801e8e0       0x1a ./myIncludes/myliboqs/common/sha3/xkcp_sha3.o
                0x000000000801e8e0                OQS_SHA3_shake128_inc_ctx_release
 .text.OQS_SHA3_shake256
                0x000000000801e8fa       0x50 ./myIncludes/myliboqs/common/sha3/xkcp_sha3.o
                0x000000000801e8fa                OQS_SHA3_shake256
 .text.OQS_SHA3_shake256_inc_init
                0x000000000801e94a       0x36 ./myIncludes/myliboqs/common/sha3/xkcp_sha3.o
                0x000000000801e94a                OQS_SHA3_shake256_inc_init
 .text.OQS_SHA3_shake256_inc_absorb
                0x000000000801e980       0x22 ./myIncludes/myliboqs/common/sha3/xkcp_sha3.o
                0x000000000801e980                OQS_SHA3_shake256_inc_absorb
 .text.OQS_SHA3_shake256_inc_finalize
                0x000000000801e9a2       0x1e ./myIncludes/myliboqs/common/sha3/xkcp_sha3.o
                0x000000000801e9a2                OQS_SHA3_shake256_inc_finalize
 .text.OQS_SHA3_shake256_inc_squeeze
                0x000000000801e9c0       0x22 ./myIncludes/myliboqs/common/sha3/xkcp_sha3.o
                0x000000000801e9c0                OQS_SHA3_shake256_inc_squeeze
 .text.OQS_SHA3_shake256_inc_ctx_release
                0x000000000801e9e2       0x1a ./myIncludes/myliboqs/common/sha3/xkcp_sha3.o
                0x000000000801e9e2                OQS_SHA3_shake256_inc_ctx_release
 .text.OQS_SHA3_shake256_inc_ctx_reset
                0x000000000801e9fc       0x1a ./myIncludes/myliboqs/common/sha3/xkcp_sha3.o
                0x000000000801e9fc                OQS_SHA3_shake256_inc_ctx_reset
 .text.KeccakP1600_Initialize
                0x000000000801ea16       0x86 ./myIncludes/myliboqs/common/sha3/xkcp_low/KeccakP-1600/plain-64bits/KeccakP-1600-opt64.o
                0x000000000801ea16                KeccakP1600_Initialize
 .text.KeccakP1600_AddBytesInLane
                0x000000000801ea9c       0xa0 ./myIncludes/myliboqs/common/sha3/xkcp_low/KeccakP-1600/plain-64bits/KeccakP-1600-opt64.o
                0x000000000801ea9c                KeccakP1600_AddBytesInLane
 .text.KeccakP1600_AddLanes
                0x000000000801eb3c      0x3e2 ./myIncludes/myliboqs/common/sha3/xkcp_low/KeccakP-1600/plain-64bits/KeccakP-1600-opt64.o
                0x000000000801eb3c                KeccakP1600_AddLanes
 .text.KeccakP1600_AddByte
                0x000000000801ef1e       0x30 ./myIncludes/myliboqs/common/sha3/xkcp_low/KeccakP-1600/plain-64bits/KeccakP-1600-opt64.o
                0x000000000801ef1e                KeccakP1600_AddByte
 .text.KeccakP1600_AddBytes
                0x000000000801ef4e       0xa6 ./myIncludes/myliboqs/common/sha3/xkcp_low/KeccakP-1600/plain-64bits/KeccakP-1600-opt64.o
                0x000000000801ef4e                KeccakP1600_AddBytes
 .text.KeccakP1600_Permute_24rounds
                0x000000000801eff4    0x2f528 ./myIncludes/myliboqs/common/sha3/xkcp_low/KeccakP-1600/plain-64bits/KeccakP-1600-opt64.o
                0x000000000801eff4                KeccakP1600_Permute_24rounds
 .text.KeccakP1600_ExtractBytesInLane
                0x000000000804e51c       0x70 ./myIncludes/myliboqs/common/sha3/xkcp_low/KeccakP-1600/plain-64bits/KeccakP-1600-opt64.o
                0x000000000804e51c                KeccakP1600_ExtractBytesInLane
 .text.KeccakP1600_ExtractLanes
                0x000000000804e58c      0x144 ./myIncludes/myliboqs/common/sha3/xkcp_low/KeccakP-1600/plain-64bits/KeccakP-1600-opt64.o
                0x000000000804e58c                KeccakP1600_ExtractLanes
 .text.KeccakP1600_ExtractBytes
                0x000000000804e6d0       0xa6 ./myIncludes/myliboqs/common/sha3/xkcp_low/KeccakP-1600/plain-64bits/KeccakP-1600-opt64.o
                0x000000000804e6d0                KeccakP1600_ExtractBytes
 *fill*         0x000000000804e776        0x2 
 .text.KeccakF1600_FastLoop_Absorb
                0x000000000804e778    0x42744 ./myIncludes/myliboqs/common/sha3/xkcp_low/KeccakP-1600/plain-64bits/KeccakP-1600-opt64.o
                0x000000000804e778                KeccakF1600_FastLoop_Absorb
 .text.OQS_MEM_insecure_free
                0x0000000008090ebc       0x16 ./myIncludes/myliboqs/src/common.o
                0x0000000008090ebc                OQS_MEM_insecure_free
 .text.OQS_MEM_aligned_alloc
                0x0000000008090ed2       0xa2 ./myIncludes/myliboqs/src/common.o
                0x0000000008090ed2                OQS_MEM_aligned_alloc
 .text.OQS_MEM_aligned_free
                0x0000000008090f74       0x2c ./myIncludes/myliboqs/src/common.o
                0x0000000008090f74                OQS_MEM_aligned_free
 .text.pqcrystals_dilithium5_ref_ntt
                0x0000000008090fa0       0xd8 ./myIncludes/myliboqs/src/ntt.o
                0x0000000008090fa0                pqcrystals_dilithium5_ref_ntt
 .text.pqcrystals_dilithium5_ref_invntt_tomont
                0x0000000008091078      0x174 ./myIncludes/myliboqs/src/ntt.o
                0x0000000008091078                pqcrystals_dilithium5_ref_invntt_tomont
 .text.pqcrystals_dilithium5_ref_unpack_pk
                0x00000000080911ec       0x6e ./myIncludes/myliboqs/src/packing.o
                0x00000000080911ec                pqcrystals_dilithium5_ref_unpack_pk
 .text.pqcrystals_dilithium5_ref_unpack_sig
                0x000000000809125a      0x15a ./myIncludes/myliboqs/src/packing.o
                0x000000000809125a                pqcrystals_dilithium5_ref_unpack_sig
 .text.pqcrystals_dilithium5_ref_poly_reduce
                0x00000000080913b4       0x3c ./myIncludes/myliboqs/src/poly.o
                0x00000000080913b4                pqcrystals_dilithium5_ref_poly_reduce
 .text.pqcrystals_dilithium5_ref_poly_caddq
                0x00000000080913f0       0x3c ./myIncludes/myliboqs/src/poly.o
                0x00000000080913f0                pqcrystals_dilithium5_ref_poly_caddq
 .text.pqcrystals_dilithium5_ref_poly_add
                0x000000000809142c       0x46 ./myIncludes/myliboqs/src/poly.o
                0x000000000809142c                pqcrystals_dilithium5_ref_poly_add
 .text.pqcrystals_dilithium5_ref_poly_sub
                0x0000000008091472       0x46 ./myIncludes/myliboqs/src/poly.o
                0x0000000008091472                pqcrystals_dilithium5_ref_poly_sub
 .text.pqcrystals_dilithium5_ref_poly_shiftl
                0x00000000080914b8       0x3a ./myIncludes/myliboqs/src/poly.o
                0x00000000080914b8                pqcrystals_dilithium5_ref_poly_shiftl
 .text.pqcrystals_dilithium5_ref_poly_ntt
                0x00000000080914f2       0x18 ./myIncludes/myliboqs/src/poly.o
                0x00000000080914f2                pqcrystals_dilithium5_ref_poly_ntt
 .text.pqcrystals_dilithium5_ref_poly_invntt_tomont
                0x000000000809150a       0x18 ./myIncludes/myliboqs/src/poly.o
                0x000000000809150a                pqcrystals_dilithium5_ref_poly_invntt_tomont
 .text.pqcrystals_dilithium5_ref_poly_pointwise_montgomery
                0x0000000008091522       0x6c ./myIncludes/myliboqs/src/poly.o
                0x0000000008091522                pqcrystals_dilithium5_ref_poly_pointwise_montgomery
 .text.pqcrystals_dilithium5_ref_poly_use_hint
                0x000000000809158e       0x48 ./myIncludes/myliboqs/src/poly.o
                0x000000000809158e                pqcrystals_dilithium5_ref_poly_use_hint
 *fill*         0x00000000080915d6        0x2 
 .text.pqcrystals_dilithium5_ref_poly_chknorm
                0x00000000080915d8       0x6c ./myIncludes/myliboqs/src/poly.o
                0x00000000080915d8                pqcrystals_dilithium5_ref_poly_chknorm
 .text.rej_uniform
                0x0000000008091644       0x94 ./myIncludes/myliboqs/src/poly.o
 .text.pqcrystals_dilithium5_ref_poly_uniform
                0x00000000080916d8      0x150 ./myIncludes/myliboqs/src/poly.o
                0x00000000080916d8                pqcrystals_dilithium5_ref_poly_uniform
 .text.pqcrystals_dilithium5_ref_poly_challenge
                0x0000000008091828      0x18a ./myIncludes/myliboqs/src/poly.o
                0x0000000008091828                pqcrystals_dilithium5_ref_poly_challenge
 .text.pqcrystals_dilithium5_ref_polyt1_unpack
                0x00000000080919b2      0x112 ./myIncludes/myliboqs/src/poly.o
                0x00000000080919b2                pqcrystals_dilithium5_ref_polyt1_unpack
 .text.pqcrystals_dilithium5_ref_polyz_unpack
                0x0000000008091ac4      0x178 ./myIncludes/myliboqs/src/poly.o
                0x0000000008091ac4                pqcrystals_dilithium5_ref_polyz_unpack
 .text.pqcrystals_dilithium5_ref_polyw1_pack
                0x0000000008091c3c       0x54 ./myIncludes/myliboqs/src/poly.o
                0x0000000008091c3c                pqcrystals_dilithium5_ref_polyw1_pack
 .text.pqcrystals_dilithium5_ref_polyvec_matrix_expand
                0x0000000008091c90       0x66 ./myIncludes/myliboqs/src/polyvec.o
                0x0000000008091c90                pqcrystals_dilithium5_ref_polyvec_matrix_expand
 .text.pqcrystals_dilithium5_ref_polyvec_matrix_pointwise_montgomery
                0x0000000008091cf6       0x48 ./myIncludes/myliboqs/src/polyvec.o
                0x0000000008091cf6                pqcrystals_dilithium5_ref_polyvec_matrix_pointwise_montgomery
 .text.pqcrystals_dilithium5_ref_polyvecl_ntt
                0x0000000008091d3e       0x32 ./myIncludes/myliboqs/src/polyvec.o
                0x0000000008091d3e                pqcrystals_dilithium5_ref_polyvecl_ntt
 .text.pqcrystals_dilithium5_ref_polyvecl_pointwise_acc_montgomery
                0x0000000008091d70       0xb8 ./myIncludes/myliboqs/src/polyvec.o
                0x0000000008091d70                pqcrystals_dilithium5_ref_polyvecl_pointwise_acc_montgomery
 .text.pqcrystals_dilithium5_ref_polyvecl_chknorm
                0x0000000008091e28       0x40 ./myIncludes/myliboqs/src/polyvec.o
                0x0000000008091e28                pqcrystals_dilithium5_ref_polyvecl_chknorm
 .text.pqcrystals_dilithium5_ref_polyveck_reduce
                0x0000000008091e68       0x32 ./myIncludes/myliboqs/src/polyvec.o
                0x0000000008091e68                pqcrystals_dilithium5_ref_polyveck_reduce
 .text.pqcrystals_dilithium5_ref_polyveck_caddq
                0x0000000008091e9a       0x32 ./myIncludes/myliboqs/src/polyvec.o
                0x0000000008091e9a                pqcrystals_dilithium5_ref_polyveck_caddq
 .text.pqcrystals_dilithium5_ref_polyveck_sub
                0x0000000008091ecc       0x46 ./myIncludes/myliboqs/src/polyvec.o
                0x0000000008091ecc                pqcrystals_dilithium5_ref_polyveck_sub
 .text.pqcrystals_dilithium5_ref_polyveck_shiftl
                0x0000000008091f12       0x32 ./myIncludes/myliboqs/src/polyvec.o
                0x0000000008091f12                pqcrystals_dilithium5_ref_polyveck_shiftl
 .text.pqcrystals_dilithium5_ref_polyveck_ntt
                0x0000000008091f44       0x32 ./myIncludes/myliboqs/src/polyvec.o
                0x0000000008091f44                pqcrystals_dilithium5_ref_polyveck_ntt
 .text.pqcrystals_dilithium5_ref_polyveck_invntt_tomont
                0x0000000008091f76       0x32 ./myIncludes/myliboqs/src/polyvec.o
                0x0000000008091f76                pqcrystals_dilithium5_ref_polyveck_invntt_tomont
 .text.pqcrystals_dilithium5_ref_polyveck_pointwise_poly_montgomery
                0x0000000008091fa8       0x40 ./myIncludes/myliboqs/src/polyvec.o
                0x0000000008091fa8                pqcrystals_dilithium5_ref_polyveck_pointwise_poly_montgomery
 .text.pqcrystals_dilithium5_ref_polyveck_use_hint
                0x0000000008091fe8       0x46 ./myIncludes/myliboqs/src/polyvec.o
                0x0000000008091fe8                pqcrystals_dilithium5_ref_polyveck_use_hint
 .text.pqcrystals_dilithium5_ref_polyveck_pack_w1
                0x000000000809202e       0x3c ./myIncludes/myliboqs/src/polyvec.o
                0x000000000809202e                pqcrystals_dilithium5_ref_polyveck_pack_w1
 .text.pqcrystals_dilithium5_ref_montgomery_reduce
                0x000000000809206a       0x8c ./myIncludes/myliboqs/src/reduce.o
                0x000000000809206a                pqcrystals_dilithium5_ref_montgomery_reduce
 .text.pqcrystals_dilithium5_ref_reduce32
                0x00000000080920f6       0x36 ./myIncludes/myliboqs/src/reduce.o
                0x00000000080920f6                pqcrystals_dilithium5_ref_reduce32
 .text.pqcrystals_dilithium5_ref_caddq
                0x000000000809212c       0x28 ./myIncludes/myliboqs/src/reduce.o
                0x000000000809212c                pqcrystals_dilithium5_ref_caddq
 .text.pqcrystals_dilithium5_ref_decompose
                0x0000000008092154       0x6c ./myIncludes/myliboqs/src/rounding.o
                0x0000000008092154                pqcrystals_dilithium5_ref_decompose
 .text.pqcrystals_dilithium5_ref_use_hint
                0x00000000080921c0       0x42 ./myIncludes/myliboqs/src/rounding.o
                0x00000000080921c0                pqcrystals_dilithium5_ref_use_hint
 *fill*         0x0000000008092202        0x2 
 .text.pqcrystals_dilithium5_ref_verify
                0x0000000008092204      0x3a8 ./myIncludes/myliboqs/src/sign.o
                0x0000000008092204                pqcrystals_dilithium5_ref_verify
 .text.pqcrystals_dilithium5_ref_dilithium_shake128_stream_init
                0x00000000080925ac       0x4a ./myIncludes/myliboqs/src/symmetric-shake.o
                0x00000000080925ac                pqcrystals_dilithium5_ref_dilithium_shake128_stream_init
 *fill*         0x00000000080925f6        0x2 
 .text.__errno  0x00000000080925f8        0xc c:/st/stm32cubeide_1.12.0/stm32cubeide/plugins/com.st.stm32cube.ide.mcu.externaltools.gnu-tools-for-stm32.10.3-2021.10.win32_1.0.200.202301161003/tools/bin/../lib/gcc/arm-none-eabi/10.3.1/../../../../arm-none-eabi/lib/thumb/v7e-m+dp/hard\libc_nano.a(lib_a-errno.o)
                0x00000000080925f8                __errno
 .text.exit     0x0000000008092604       0x28 c:/st/stm32cubeide_1.12.0/stm32cubeide/plugins/com.st.stm32cube.ide.mcu.externaltools.gnu-tools-for-stm32.10.3-2021.10.win32_1.0.200.202301161003/tools/bin/../lib/gcc/arm-none-eabi/10.3.1/../../../../arm-none-eabi/lib/thumb/v7e-m+dp/hard\libc_nano.a(lib_a-exit.o)
                0x0000000008092604                exit
 .text.__libc_init_array
                0x000000000809262c       0x48 c:/st/stm32cubeide_1.12.0/stm32cubeide/plugins/com.st.stm32cube.ide.mcu.externaltools.gnu-tools-for-stm32.10.3-2021.10.win32_1.0.200.202301161003/tools/bin/../lib/gcc/arm-none-eabi/10.3.1/../../../../arm-none-eabi/lib/thumb/v7e-m+dp/hard\libc_nano.a(lib_a-init.o)
                0x000000000809262c                __libc_init_array
 .text.malloc   0x0000000008092674       0x10 c:/st/stm32cubeide_1.12.0/stm32cubeide/plugins/com.st.stm32cube.ide.mcu.externaltools.gnu-tools-for-stm32.10.3-2021.10.win32_1.0.200.202301161003/tools/bin/../lib/gcc/arm-none-eabi/10.3.1/../../../../arm-none-eabi/lib/thumb/v7e-m+dp/hard\libc_nano.a(lib_a-malloc.o)
                0x0000000008092674                malloc
 .text.free     0x0000000008092684       0x10 c:/st/stm32cubeide_1.12.0/stm32cubeide/plugins/com.st.stm32cube.ide.mcu.externaltools.gnu-tools-for-stm32.10.3-2021.10.win32_1.0.200.202301161003/tools/bin/../lib/gcc/arm-none-eabi/10.3.1/../../../../arm-none-eabi/lib/thumb/v7e-m+dp/hard\libc_nano.a(lib_a-malloc.o)
                0x0000000008092684                free
 .text.memcmp   0x0000000008092694       0x20 c:/st/stm32cubeide_1.12.0/stm32cubeide/plugins/com.st.stm32cube.ide.mcu.externaltools.gnu-tools-for-stm32.10.3-2021.10.win32_1.0.200.202301161003/tools/bin/../lib/gcc/arm-none-eabi/10.3.1/../../../../arm-none-eabi/lib/thumb/v7e-m+dp/hard\libc_nano.a(lib_a-memcmp.o)
                0x0000000008092694                memcmp
 .text.memcpy   0x00000000080926b4       0x1c c:/st/stm32cubeide_1.12.0/stm32cubeide/plugins/com.st.stm32cube.ide.mcu.externaltools.gnu-tools-for-stm32.10.3-2021.10.win32_1.0.200.202301161003/tools/bin/../lib/gcc/arm-none-eabi/10.3.1/../../../../arm-none-eabi/lib/thumb/v7e-m+dp/hard\libc_nano.a(lib_a-memcpy-stub.o)
                0x00000000080926b4                memcpy
 .text.memset   0x00000000080926d0       0x10 c:/st/stm32cubeide_1.12.0/stm32cubeide/plugins/com.st.stm32cube.ide.mcu.externaltools.gnu-tools-for-stm32.10.3-2021.10.win32_1.0.200.202301161003/tools/bin/../lib/gcc/arm-none-eabi/10.3.1/../../../../arm-none-eabi/lib/thumb/v7e-m+dp/hard\libc_nano.a(lib_a-memset.o)
                0x00000000080926d0                memset
 .text._free_r  0x00000000080926e0       0x98 c:/st/stm32cubeide_1.12.0/stm32cubeide/plugins/com.st.stm32cube.ide.mcu.externaltools.gnu-tools-for-stm32.10.3-2021.10.win32_1.0.200.202301161003/tools/bin/../lib/gcc/arm-none-eabi/10.3.1/../../../../arm-none-eabi/lib/thumb/v7e-m+dp/hard\libc_nano.a(lib_a-nano-freer.o)
                0x00000000080926e0                _free_r
 .text.sbrk_aligned
                0x0000000008092778       0x40 c:/st/stm32cubeide_1.12.0/stm32cubeide/plugins/com.st.stm32cube.ide.mcu.externaltools.gnu-tools-for-stm32.10.3-2021.10.win32_1.0.200.202301161003/tools/bin/../lib/gcc/arm-none-eabi/10.3.1/../../../../arm-none-eabi/lib/thumb/v7e-m+dp/hard\libc_nano.a(lib_a-nano-mallocr.o)
 .text._malloc_r
                0x00000000080927b8       0xe8 c:/st/stm32cubeide_1.12.0/stm32cubeide/plugins/com.st.stm32cube.ide.mcu.externaltools.gnu-tools-for-stm32.10.3-2021.10.win32_1.0.200.202301161003/tools/bin/../lib/gcc/arm-none-eabi/10.3.1/../../../../arm-none-eabi/lib/thumb/v7e-m+dp/hard\libc_nano.a(lib_a-nano-mallocr.o)
                0x00000000080927b8                _malloc_r
 .text._sbrk_r  0x00000000080928a0       0x20 c:/st/stm32cubeide_1.12.0/stm32cubeide/plugins/com.st.stm32cube.ide.mcu.externaltools.gnu-tools-for-stm32.10.3-2021.10.win32_1.0.200.202301161003/tools/bin/../lib/gcc/arm-none-eabi/10.3.1/../../../../arm-none-eabi/lib/thumb/v7e-m+dp/hard\libc_nano.a(lib_a-sbrkr.o)
                0x00000000080928a0                _sbrk_r
 .text.sprintf  0x00000000080928c0       0x40 c:/st/stm32cubeide_1.12.0/stm32cubeide/plugins/com.st.stm32cube.ide.mcu.externaltools.gnu-tools-for-stm32.10.3-2021.10.win32_1.0.200.202301161003/tools/bin/../lib/gcc/arm-none-eabi/10.3.1/../../../../arm-none-eabi/lib/thumb/v7e-m+dp/hard\libc_nano.a(lib_a-sprintf.o)
                0x00000000080928c0                siprintf
                0x00000000080928c0                sprintf
 .text.__malloc_lock
                0x0000000008092900        0xc c:/st/stm32cubeide_1.12.0/stm32cubeide/plugins/com.st.stm32cube.ide.mcu.externaltools.gnu-tools-for-stm32.10.3-2021.10.win32_1.0.200.202301161003/tools/bin/../lib/gcc/arm-none-eabi/10.3.1/../../../../arm-none-eabi/lib/thumb/v7e-m+dp/hard\libc_nano.a(lib_a-mlock.o)
                0x0000000008092900                __malloc_lock
 .text.__malloc_unlock
                0x000000000809290c        0xc c:/st/stm32cubeide_1.12.0/stm32cubeide/plugins/com.st.stm32cube.ide.mcu.externaltools.gnu-tools-for-stm32.10.3-2021.10.win32_1.0.200.202301161003/tools/bin/../lib/gcc/arm-none-eabi/10.3.1/../../../../arm-none-eabi/lib/thumb/v7e-m+dp/hard\libc_nano.a(lib_a-mlock.o)
                0x000000000809290c                __malloc_unlock
 .text.__ssputs_r
                0x0000000008092918       0xb6 c:/st/stm32cubeide_1.12.0/stm32cubeide/plugins/com.st.stm32cube.ide.mcu.externaltools.gnu-tools-for-stm32.10.3-2021.10.win32_1.0.200.202301161003/tools/bin/../lib/gcc/arm-none-eabi/10.3.1/../../../../arm-none-eabi/lib/thumb/v7e-m+dp/hard\libc_nano.a(lib_a-nano-svfprintf.o)
                0x0000000008092918                __ssputs_r
 *fill*         0x00000000080929ce        0x2 
 .text._svfprintf_r
                0x00000000080929d0      0x200 c:/st/stm32cubeide_1.12.0/stm32cubeide/plugins/com.st.stm32cube.ide.mcu.externaltools.gnu-tools-for-stm32.10.3-2021.10.win32_1.0.200.202301161003/tools/bin/../lib/gcc/arm-none-eabi/10.3.1/../../../../arm-none-eabi/lib/thumb/v7e-m+dp/hard\libc_nano.a(lib_a-nano-svfprintf.o)
                0x00000000080929d0                _svfiprintf_r
                0x00000000080929d0                _svfprintf_r
 .text._printf_common
                0x0000000008092bd0       0xda c:/st/stm32cubeide_1.12.0/stm32cubeide/plugins/com.st.stm32cube.ide.mcu.externaltools.gnu-tools-for-stm32.10.3-2021.10.win32_1.0.200.202301161003/tools/bin/../lib/gcc/arm-none-eabi/10.3.1/../../../../arm-none-eabi/lib/thumb/v7e-m+dp/hard\libc_nano.a(lib_a-nano-vfprintf_i.o)
                0x0000000008092bd0                _printf_common
 *fill*         0x0000000008092caa        0x2 
 .text._printf_i
                0x0000000008092cac      0x24c c:/st/stm32cubeide_1.12.0/stm32cubeide/plugins/com.st.stm32cube.ide.mcu.externaltools.gnu-tools-for-stm32.10.3-2021.10.win32_1.0.200.202301161003/tools/bin/../lib/gcc/arm-none-eabi/10.3.1/../../../../arm-none-eabi/lib/thumb/v7e-m+dp/hard\libc_nano.a(lib_a-nano-vfprintf_i.o)
                0x0000000008092cac                _printf_i
 .text.__retarget_lock_acquire_recursive
                0x0000000008092ef8        0x2 c:/st/stm32cubeide_1.12.0/stm32cubeide/plugins/com.st.stm32cube.ide.mcu.externaltools.gnu-tools-for-stm32.10.3-2021.10.win32_1.0.200.202301161003/tools/bin/../lib/gcc/arm-none-eabi/10.3.1/../../../../arm-none-eabi/lib/thumb/v7e-m+dp/hard\libc_nano.a(lib_a-lock.o)
                0x0000000008092ef8                __retarget_lock_acquire_recursive
 .text.__retarget_lock_release_recursive
                0x0000000008092efa        0x2 c:/st/stm32cubeide_1.12.0/stm32cubeide/plugins/com.st.stm32cube.ide.mcu.externaltools.gnu-tools-for-stm32.10.3-2021.10.win32_1.0.200.202301161003/tools/bin/../lib/gcc/arm-none-eabi/10.3.1/../../../../arm-none-eabi/lib/thumb/v7e-m+dp/hard\libc_nano.a(lib_a-lock.o)
                0x0000000008092efa                __retarget_lock_release_recursive
 .text.memmove  0x0000000008092efc       0x34 c:/st/stm32cubeide_1.12.0/stm32cubeide/plugins/com.st.stm32cube.ide.mcu.externaltools.gnu-tools-for-stm32.10.3-2021.10.win32_1.0.200.202301161003/tools/bin/../lib/gcc/arm-none-eabi/10.3.1/../../../../arm-none-eabi/lib/thumb/v7e-m+dp/hard\libc_nano.a(lib_a-memmove.o)
                0x0000000008092efc                memmove
 .text._realloc_r
                0x0000000008092f30       0x5e c:/st/stm32cubeide_1.12.0/stm32cubeide/plugins/com.st.stm32cube.ide.mcu.externaltools.gnu-tools-for-stm32.10.3-2021.10.win32_1.0.200.202301161003/tools/bin/../lib/gcc/arm-none-eabi/10.3.1/../../../../arm-none-eabi/lib/thumb/v7e-m+dp/hard\libc_nano.a(lib_a-nano-reallocr.o)
                0x0000000008092f30                _realloc_r
 .text._malloc_usable_size_r
                0x0000000008092f8e       0x10 c:/st/stm32cubeide_1.12.0/stm32cubeide/plugins/com.st.stm32cube.ide.mcu.externaltools.gnu-tools-for-stm32.10.3-2021.10.win32_1.0.200.202301161003/tools/bin/../lib/gcc/arm-none-eabi/10.3.1/../../../../arm-none-eabi/lib/thumb/v7e-m+dp/hard\libc_nano.a(lib_a-nano-msizer.o)
                0x0000000008092f8e                _malloc_usable_size_r
 *(.glue_7)
 .glue_7        0x0000000008092f9e        0x0 linker stubs
 *(.glue_7t)
 .glue_7t       0x0000000008092f9e        0x0 linker stubs
 *(.eh_frame)
 *fill*         0x0000000008092f9e        0x2 
 .eh_frame      0x0000000008092fa0        0x0 c:/st/stm32cubeide_1.12.0/stm32cubeide/plugins/com.st.stm32cube.ide.mcu.externaltools.gnu-tools-for-stm32.10.3-2021.10.win32_1.0.200.202301161003/tools/bin/../lib/gcc/arm-none-eabi/10.3.1/thumb/v7e-m+dp/hard/crtbegin.o
 *(.init)
 .init          0x0000000008092fa0        0x4 c:/st/stm32cubeide_1.12.0/stm32cubeide/plugins/com.st.stm32cube.ide.mcu.externaltools.gnu-tools-for-stm32.10.3-2021.10.win32_1.0.200.202301161003/tools/bin/../lib/gcc/arm-none-eabi/10.3.1/thumb/v7e-m+dp/hard/crti.o
                0x0000000008092fa0                _init
 .init          0x0000000008092fa4        0x8 c:/st/stm32cubeide_1.12.0/stm32cubeide/plugins/com.st.stm32cube.ide.mcu.externaltools.gnu-tools-for-stm32.10.3-2021.10.win32_1.0.200.202301161003/tools/bin/../lib/gcc/arm-none-eabi/10.3.1/thumb/v7e-m+dp/hard/crtn.o
 *(.fini)
 .fini          0x0000000008092fac        0x4 c:/st/stm32cubeide_1.12.0/stm32cubeide/plugins/com.st.stm32cube.ide.mcu.externaltools.gnu-tools-for-stm32.10.3-2021.10.win32_1.0.200.202301161003/tools/bin/../lib/gcc/arm-none-eabi/10.3.1/thumb/v7e-m+dp/hard/crti.o
                0x0000000008092fac                _fini